******************************************************************************
             TMS320C2000 Linker PC v22.6.1                     
******************************************************************************
>> Linked Tue Jun 18 03:24:52 2024

OUTPUT FILE NAME:   <03_epwm_updown_aq_w_toggle.out>
ENTRY POINT SYMBOL: "code_start"  address: 00080000


MEMORY CONFIGURATION

         name            origin    length      used     unused   attr    fill
----------------------  --------  ---------  --------  --------  ----  --------
  BOOT_RSVD             00000002   00000126  00000000  00000126  RWIX
  RAMM0                 00000128   000002d8  00000000  000002d8  RWIX
  RAMM1                 00000400   000003f8  00000200  000001f8  RWIX
  RAMLS0                00008000   00000800  0000012e  000006d2  RWIX
  RAMLS1                00008800   00000800  00000000  00000800  RWIX
  RAMLS2                00009000   00000800  00000000  00000800  RWIX
  RAMLS3                00009800   00000800  00000000  00000800  RWIX
  RAMLS4                0000a000   00000800  00000000  00000800  RWIX
  RAMLS5                0000a800   00000800  00000028  000007d8  RWIX
  RAMLS6                0000b000   00000800  00000000  00000800  RWIX
  RAMLS7                0000b800   00000800  00000000  00000800  RWIX
  RAMGS0                0000c000   00001000  00000000  00001000  RWIX
  RAMGS1                0000d000   00001000  00000000  00001000  RWIX
  RAMGS2                0000e000   00001000  00000000  00001000  RWIX
  RAMGS3                0000f000   00000ff8  00000000  00000ff8  RWIX
  BEGIN                 00080000   00000002  00000002  00000000  RWIX
  FLASH_BANK0_SEC0      00080002   00000ffe  00000000  00000ffe  RWIX
  FLASH_BANK0_SEC1      00081000   00001000  0000014a  00000eb6  RWIX
  FLASH_BANK0_SEC2      00082000   00001000  00001000  00000000  RWIX
  FLASH_BANK0_SEC3      00083000   00001000  00000264  00000d9c  RWIX
  FLASH_BANK0_SEC4      00084000   00001000  000002dc  00000d24  RWIX
  FLASH_BANK0_SEC5      00085000   00001000  00000000  00001000  RWIX
  FLASH_BANK0_SEC6      00086000   00001000  00000000  00001000  RWIX
  FLASH_BANK0_SEC7      00087000   00001000  00000000  00001000  RWIX
  FLASH_BANK0_SEC8      00088000   00001000  00000000  00001000  RWIX
  FLASH_BANK0_SEC9      00089000   00001000  00000000  00001000  RWIX
  FLASH_BANK0_SEC10     0008a000   00001000  00000000  00001000  RWIX
  FLASH_BANK0_SEC11     0008b000   00001000  00000000  00001000  RWIX
  FLASH_BANK0_SEC12     0008c000   00001000  00000000  00001000  RWIX
  FLASH_BANK0_SEC13     0008d000   00001000  00000000  00001000  RWIX
  FLASH_BANK0_SEC14     0008e000   00001000  00000000  00001000  RWIX
  FLASH_BANK0_SEC15     0008f000   00001000  00000000  00001000  RWIX
  FLASH_BANK1_SEC0      00090000   00001000  00000000  00001000  RWIX
  FLASH_BANK1_SEC1      00091000   00001000  00000000  00001000  RWIX
  FLASH_BANK1_SEC2      00092000   00001000  00000000  00001000  RWIX
  FLASH_BANK1_SEC3      00093000   00001000  00000000  00001000  RWIX
  FLASH_BANK1_SEC4      00094000   00001000  00000000  00001000  RWIX
  FLASH_BANK1_SEC5      00095000   00001000  00000000  00001000  RWIX
  FLASH_BANK1_SEC6      00096000   00001000  00000000  00001000  RWIX
  FLASH_BANK1_SEC7      00097000   00001000  00000000  00001000  RWIX
  FLASH_BANK1_SEC8      00098000   00001000  00000000  00001000  RWIX
  FLASH_BANK1_SEC9      00099000   00001000  00000000  00001000  RWIX
  FLASH_BANK1_SEC10     0009a000   00001000  00000000  00001000  RWIX
  FLASH_BANK1_SEC11     0009b000   00001000  00000000  00001000  RWIX
  FLASH_BANK1_SEC12     0009c000   00001000  00000000  00001000  RWIX
  FLASH_BANK1_SEC13     0009d000   00001000  00000000  00001000  RWIX
  FLASH_BANK1_SEC14     0009e000   00001000  00000000  00001000  RWIX
  FLASH_BANK1_SEC15     0009f000   00001000  00000000  00001000  RWIX
  FLASH_BANK2_SEC0      000a0000   00001000  00000000  00001000  RWIX
  FLASH_BANK2_SEC1      000a1000   00001000  00000000  00001000  RWIX
  FLASH_BANK2_SEC2      000a2000   00001000  00000000  00001000  RWIX
  FLASH_BANK2_SEC3      000a3000   00001000  00000000  00001000  RWIX
  FLASH_BANK2_SEC4      000a4000   00001000  00000000  00001000  RWIX
  FLASH_BANK2_SEC5      000a5000   00001000  00000000  00001000  RWIX
  FLASH_BANK2_SEC6      000a6000   00001000  00000000  00001000  RWIX
  FLASH_BANK2_SEC7      000a7000   00001000  00000000  00001000  RWIX
  FLASH_BANK2_SEC8      000a8000   00001000  00000000  00001000  RWIX
  FLASH_BANK2_SEC9      000a9000   00001000  00000000  00001000  RWIX
  FLASH_BANK2_SEC10     000aa000   00001000  00000000  00001000  RWIX
  FLASH_BANK2_SEC11     000ab000   00001000  00000000  00001000  RWIX
  FLASH_BANK2_SEC12     000ac000   00001000  00000000  00001000  RWIX
  FLASH_BANK2_SEC13     000ad000   00001000  00000000  00001000  RWIX
  FLASH_BANK2_SEC14     000ae000   00001000  00000000  00001000  RWIX
  FLASH_BANK2_SEC15     000af000   00000ff0  00000000  00000ff0  RWIX
  SECURE_ROM            003f2000   00006000  00000000  00006000  RWIX
  BOOTROM               003f8000   00007fc0  00000000  00007fc0  RWIX
  RESET                 003fffc0   00000002  00000000  00000002  RWIX


SECTION ALLOCATION MAP

 output                                  attributes/
section   page    origin      length       input sections
--------  ----  ----------  ----------   ----------------
codestart 
*          0    00080000    00000002     
                  00080000    00000002     f28003x_codestartbranch.obj (codestart)

.cinit     0    00081130    0000001c     
                  00081130    00000009     (.cinit..data.load) [load image, compression = lzss]
                  00081139    00000001     --HOLE-- [fill = 0]
                  0008113a    00000006     (__TI_handler_table)
                  00081140    00000004     (.cinit..bss.load) [load image, compression = zero_init]
                  00081144    00000008     (__TI_cinit_table)

.reset     0    003fffc0    00000000     DSECT

.stack     0    00000400    00000200     UNINITIALIZED
                  00000400    00000200     --HOLE--

.init_array 
*          0    00081000    00000000     UNINITIALIZED

.bss       0    0000a800    0000001e     UNINITIALIZED
                  0000a800    0000001e     03_epwm_updown_aq_w_toggle.obj (.bss)

.data      0    0000a81e    0000000a     UNINITIALIZED
                  0000a81e    00000006     rts2800_fpu32_eabi.lib : exit.c.obj (.data)
                  0000a824    00000002                            : _lock.c.obj (.data:_lock)
                  0000a826    00000002                            : _lock.c.obj (.data:_unlock)

.const     0    00084000    000002dc     
                  00084000    0000009b     driverlib.lib : flash.obj (.const:.string)
                  0008409b    00000001     --HOLE-- [fill = 0]
                  0008409c    0000009a                   : sysctl.obj (.const:.string)
                  00084136    00000098                   : gpio.obj (.const:.string)
                  000841ce    0000007c     03_epwm_updown_aq_w_toggle.obj (.const:.string)
                  0008424a    00000053     device.obj (.const:.string)
                  0008429d    00000001     --HOLE-- [fill = 0]
                  0008429e    0000003e     board.obj (.const:.string)

.TI.ramfunc 
*          0    00081000    0000012e     RUN ADDR = 00008000
                  00081000    00000049     driverlib.lib : flash.obj (.TI.ramfunc:Flash_initModule)
                  00081049    0000002c                   : flash.obj (.TI.ramfunc:Flash_setBankPowerMode)
                  00081075    00000024                   : flash.obj (.TI.ramfunc:Flash_setWaitstates)
                  00081099    0000001d                   : flash.obj (.TI.ramfunc:Flash_setPumpPowerMode)
                  000810b6    00000018                   : flash.obj (.TI.ramfunc:Flash_disableCache)
                  000810ce    00000018                   : flash.obj (.TI.ramfunc:Flash_disablePrefetch)
                  000810e6    00000017                   : flash.obj (.TI.ramfunc:Flash_enableCache)
                  000810fd    00000017                   : flash.obj (.TI.ramfunc:Flash_enablePrefetch)
                  00081114    00000016                   : flash.obj (.TI.ramfunc:Flash_enableECC)
                  0008112a    00000004                   : sysctl.obj (.TI.ramfunc)

.text.1    0    00082000    00001000     
                  00082000    00000224     board.obj (.text:EPWM_init)
                  00082224    00000123     driverlib.lib : sysctl.obj (.text:SysCtl_setClock)
                  00082347    000000fe                   : sysctl.obj (.text:SysCtl_isPLLValid)
                  00082445    000000ce     device.obj (.text:Device_enableAllPeripherals)
                  00082513    00000088     rts2800_fpu32_eabi.lib : fs_div28.asm.obj (.text)
                  0008259b    00000073     driverlib.lib : sysctl.obj (.text:DCC_setCounterSeeds)
                  0008260e    00000071     03_epwm_updown_aq_w_toggle.obj (.text:updateCompare)
                  0008267f    0000006a     driverlib.lib : gpio.obj (.text:GPIO_setAnalogMode)
                  000826e9    00000065                   : sysctl.obj (.text:SysCtl_getClock)
                  0008274e    0000005a     board.obj (.text:PinMux_init)
                  000827a8    00000052     driverlib.lib : gpio.obj (.text:GPIO_setPadConfig)
                  000827fa    00000051     device.obj (.text:Device_init)
                  0008284b    0000004b     board.obj (.text:EPWM_setInterruptSource)
                  00082896    00000049     driverlib.lib : sysctl.obj (.text:SysCtl_selectOscSource)
                  000828df    00000046                   : sysctl.obj (.text:SysCtl_selectXTAL)
                  00082925    00000045                   : sysctl.obj (.text:SysCtl_pollX1Counter)
                  0008296a    00000043     03_epwm_updown_aq_w_toggle.obj (.text:main)
                  000829ad    00000040     board.obj (.text:EPWM_setActionQualifierAction)
                  000829ed    0000003e     board.obj (.text:EPWM_setCounterCompareShadowLoadMode)
                  00082a2b    0000003d     driverlib.lib : interrupt.obj (.text:Interrupt_initModule)
                  00082a68    00000037                   : gpio.obj (.text:GPIO_setControllerCore)
                  00082a9f    00000037                   : gpio.obj (.text:GPIO_setPinConfig)
                  00082ad6    00000037                   : gpio.obj (.text:GPIO_setQualificationMode)
                  00082b0d    00000037                   : interrupt.obj (.text:Interrupt_enable)
                  00082b44    00000036     03_epwm_updown_aq_w_toggle.obj (.text:epwm1ISR)
                  00082b7a    00000036     03_epwm_updown_aq_w_toggle.obj (.text:epwm2ISR)
                  00082bb0    00000036     03_epwm_updown_aq_w_toggle.obj (.text:epwm3ISR)
                  00082be6    00000031     driverlib.lib : gpio.obj (.text:GPIO_setDirectionMode)
                  00082c17    00000030     rts2800_fpu32_eabi.lib : copy_decompress_lzss.c.obj (.text:decompress:lzss)
                  00082c47    0000002b     03_epwm_updown_aq_w_toggle.obj (.text:EPWM_isBaseValid)
                  00082c72    0000002b     board.obj (.text:EPWM_isBaseValid)
                  00082c9d    0000002b     rts2800_fpu32_eabi.lib : autoinit.c.obj (.text:__TI_auto_init_nobinit_nopinit)
                  00082cc8    00000029                            : exit.c.obj (.text)
                  00082cf1    00000028     board.obj (.text:EPWM_setInterruptEventCount)
                  00082d19    00000025     driverlib.lib : sysctl.obj (.text:SysCtl_selectXTALSingleEnded)
                  00082d3e    00000024                   : sysctl.obj (.text:DCC_enableSingleShotMode)
                  00082d62    00000022     03_epwm_updown_aq_w_toggle.obj (.text:EPWM_getCounterCompareValue)
                  00082d84    00000022     03_epwm_updown_aq_w_toggle.obj (.text:EPWM_setCounterCompareValue)
                  00082da6    00000022     board.obj (.text:EPWM_setCounterCompareValue)
                  00082dc8    0000001f     board.obj (.text:EPWM_setFallingEdgeDelayCountShadowLoadMode)
                  00082de7    0000001f     board.obj (.text:EPWM_setRisingEdgeDelayCountShadowLoadMode)
                  00082e06    0000001f     03_epwm_updown_aq_w_toggle.obj (.text:GPIO_togglePin)
                  00082e25    0000001e     driverlib.lib : sysctl.obj (.text:DCC_setCounter0ClkSource)
                  00082e43    0000001e                   : sysctl.obj (.text:DCC_setCounter1ClkSource)
                  00082e61    0000001e     board.obj (.text:EPWM_setPhaseShift)
                  00082e7f    0000001e     driverlib.lib : interrupt.obj (.text:Interrupt_initVectorTable)
                  00082e9d    0000001d     rts2800_fpu32_eabi.lib : memcpy.c.obj (.text)
                  00082eba    0000001c     board.obj (.text:EPWM_setClockPrescaler)
                  00082ed6    0000001a     driverlib.lib : sysctl.obj (.text:SysCtl_getLowSpeedClock)
                  00082ef0    00000019                   : sysctl.obj (.text:SysCtl_setPLLSysClk)
                  00082f09    00000018     board.obj (.text:EPWM_disableFallingEdgeDelayCountShadowLoadMode)
                  00082f21    00000018     board.obj (.text:EPWM_disableRisingEdgeDelayCountShadowLoadMode)
                  00082f39    00000018     03_epwm_updown_aq_w_toggle.obj (.text:SysCtl_disablePeripheral)
                  00082f51    00000017     03_epwm_updown_aq_w_toggle.obj (.text:SysCtl_enablePeripheral)
                  00082f68    00000017     device.obj (.text:SysCtl_enablePeripheral)
                  00082f7f    00000017     driverlib.lib : sysctl.obj (.text:SysCtl_enablePeripheral)
                  00082f96    00000017     rts2800_fpu32_eabi.lib : boot28.asm.obj (.text)
                  00082fad    00000016     driverlib.lib : sysctl.obj (.text:DCC_disableDoneSignal)
                  00082fc3    00000016                   : interrupt.obj (.text:Interrupt_defaultHandler)
                  00082fd9    00000015                   : sysctl.obj (.text:DCC_clearDoneFlag)
                  00082fee    00000012     board.obj (.text:EPWM_setTimeBaseCounter)

.text.2    0    00083000    00000264     
                  00083000    00000015     driverlib.lib : sysctl.obj (.text:DCC_clearErrorFlag)
                  00083015    00000015                   : sysctl.obj (.text:DCC_disableErrorSignal)
                  0008302a    00000015                   : sysctl.obj (.text:DCC_isBaseValid)
                  0008303f    00000015     device.obj (.text:GPIO_unlockPortConfig)
                  00083054    00000014     driverlib.lib : sysctl.obj (.text:DCC_disableModule)
                  00083068    00000014                   : sysctl.obj (.text:DCC_enableModule)
                  0008307c    00000014     board.obj (.text:EPWM_setTimeBaseCounterMode)
                  00083090    00000014     board.obj (.text:EPWM_setTimeBasePeriod)
                  000830a4    00000014     03_epwm_updown_aq_w_toggle.obj (.text:GPIO_isPinValid)
                  000830b8    00000014     driverlib.lib : gpio.obj (.text:GPIO_isPinValid)
                  000830cc    00000014     board.obj (.text:myGPIO33_init)
                  000830e0    00000013     03_epwm_updown_aq_w_toggle.obj (.text:EPWM_clearEventTriggerInterruptFlag)
                  000830f3    00000013     board.obj (.text:EPWM_enableInterrupt)
                  00083106    00000013     03_epwm_updown_aq_w_toggle.obj (.text:initEPWM2)
                  00083119    00000012     board.obj (.text:SysCtl_setSyncOutputConfig)
                  0008312b    00000012     03_epwm_updown_aq_w_toggle.obj (.text:initEPWM1)
                  0008313d    00000012     03_epwm_updown_aq_w_toggle.obj (.text:initEPWM3)
                  0008314f    00000011     board.obj (.text:EPWM_disablePhaseShiftLoad)
                  00083160    00000010     device.obj (.text:Device_initGPIO)
                  00083170    00000010     driverlib.lib : flash.obj (.text:Flash_isCtrlBaseValid)
                  00083180    00000010                   : flash.obj (.text:Flash_isECCBaseValid)
                  00083190    0000000f     03_epwm_updown_aq_w_toggle.obj (.text:Interrupt_register)
                  0008319f    0000000d     driverlib.lib : interrupt.obj (.text:Interrupt_disableGlobal)
                  000831ac    0000000d                   : interrupt.obj (.text:Interrupt_enableGlobal)
                  000831b9    0000000d     device.obj (.text:SysCtl_setLowSpeedClock)
                  000831c6    0000000d     rts2800_fpu32_eabi.lib : copy_zero_init.c.obj (.text:decompress:ZI:__TI_zero_init_nomemset)
                  000831d3    0000000c     board.obj (.text:SysCtl_enableExtADCSOCSource)
                  000831df    0000000c     rts2800_fpu32_eabi.lib : args_main.c.obj (.text)
                  000831eb    0000000b     board.obj (.text:Board_init)
                  000831f6    0000000b     device.obj (.text:SysCtl_disableWatchdog)
                  00083201    0000000b     driverlib.lib : sysctl.obj (.text:SysCtl_isMCDClockFailureDetected)
                  0008320c    0000000a                   : interrupt.obj (.text:Interrupt_illegalOperationHandler)
                  00083216    0000000a                   : interrupt.obj (.text:Interrupt_nmiHandler)
                  00083220    0000000a     board.obj (.text:SYNC_init)
                  0008322a    00000009     rts2800_fpu32_eabi.lib : _lock.c.obj (.text)
                  00083233    00000008                            : copy_decompress_none.c.obj (.text:decompress:none)
                  0008323b    00000008     f28003x_codestartbranch.obj (.text)
                  00083243    00000007     device.obj (.text:ASysCtl_lockVREG)
                  0008324a    00000007     driverlib.lib : sysctl.obj (.text:SysCtl_resetMCD)
                  00083251    00000007     device.obj (.text:__error__)
                  00083258    00000006     03_epwm_updown_aq_w_toggle.obj (.text:Interrupt_clearACKGroup)
                  0008325e    00000003     board.obj (.text:GPIO_init)
                  00083261    00000002     rts2800_fpu32_eabi.lib : pre_init.c.obj (.text)
                  00083263    00000001                            : startup.c.obj (.text)

MODULE SUMMARY

       Module                           code   ro data   rw data
       ------                           ----   -------   -------
    .\
       03_epwm_updown_aq_w_toggle.obj   646    124       30     
    +--+--------------------------------+------+---------+---------+
       Total:                           646    124       30     
                                                                
    .\device\
       device.obj                       385    83        0      
       f28003x_codestartbranch.obj      10     0         0      
    +--+--------------------------------+------+---------+---------+
       Total:                           395    83        0      
                                                                
    .\syscfg\
       board.obj                        1292   62        0      
    +--+--------------------------------+------+---------+---------+
       Total:                           1292   62        0      
                                                                
    C:/ti/C2000Ware_5_02_00_00/driverlib/f28003x/driverlib/ccs/Debug/driverlib.lib
       sysctl.obj                       1352   154       0      
       flash.obj                        628    155       0      
       gpio.obj                         422    152       0      
       interrupt.obj                    214    0         0      
    +--+--------------------------------+------+---------+---------+
       Total:                           2616   461       0      
                                                                
    C:\ti\ccs1271\ccs\tools\compiler\ti-cgt-c2000_22.6.1.LTS\lib\rts2800_fpu32_eabi.lib
       fs_div28.asm.obj                 136    0         0      
       copy_decompress_lzss.c.obj       48     0         0      
       exit.c.obj                       41     0         6      
       autoinit.c.obj                   43     0         0      
       memcpy.c.obj                     29     0         0      
       boot28.asm.obj                   23     0         0      
       _lock.c.obj                      9      0         4      
       copy_zero_init.c.obj             13     0         0      
       args_main.c.obj                  12     0         0      
       copy_decompress_none.c.obj       8      0         0      
       pre_init.c.obj                   2      0         0      
       startup.c.obj                    1      0         0      
    +--+--------------------------------+------+---------+---------+
       Total:                           365    0         10     
                                                                
       Stack:                           0      0         512    
       Linker Generated:                0      27        0      
    +--+--------------------------------+------+---------+---------+
       Grand Total:                     5314   757       552    


LINKER GENERATED COPY TABLES

__TI_cinit_table @ 00081144 records: 2, size/record: 4, table size: 8
	.data: load addr=00081130, load size=00000009 bytes, run addr=0000a81e, run size=0000000a bytes, compression=lzss
	.bss: load addr=00081140, load size=00000004 bytes, run addr=0000a800, run size=0000001e bytes, compression=zero_init


LINKER GENERATED HANDLER TABLE

__TI_handler_table @ 0008113a records: 3, size/record: 2, table size: 6
	index: 0, handler: __TI_zero_init
	index: 1, handler: __TI_decompress_lzss
	index: 2, handler: __TI_decompress_none


GLOBAL DATA SYMBOLS: SORTED BY DATA PAGE

address     data page           name
--------    ----------------    ----
00000400      10 (00000400)     __stack

0000a800     2a0 (0000a800)     epwm1Info
0000a80a     2a0 (0000a800)     epwm2Info
0000a814     2a0 (0000a800)     epwm3Info
0000a81e     2a0 (0000a800)     __TI_enable_exit_profile_output
0000a820     2a0 (0000a800)     __TI_cleanup_ptr
0000a822     2a0 (0000a800)     __TI_dtors_ptr
0000a824     2a0 (0000a800)     _lock
0000a826     2a0 (0000a800)     _unlock


GLOBAL SYMBOLS: SORTED ALPHABETICALLY BY Name 

page  address   name                             
----  -------   ----                             
0     000831eb  Board_init                       
0     00082cc8  C$$EXIT                          
0     00082445  Device_enableAllPeripherals      
0     000827fa  Device_init                      
0     00083160  Device_initGPIO                  
0     00082000  EPWM_init                        
0     00008000  Flash_initModule                 
0     0008325e  GPIO_init                        
0     0008267f  GPIO_setAnalogMode               
0     00082a68  GPIO_setControllerCore           
0     00082be6  GPIO_setDirectionMode            
0     000827a8  GPIO_setPadConfig                
0     00082a9f  GPIO_setPinConfig                
0     00082ad6  GPIO_setQualificationMode        
0     00082fc3  Interrupt_defaultHandler         
0     00082b0d  Interrupt_enable                 
0     0008320c  Interrupt_illegalOperationHandler
0     00082a2b  Interrupt_initModule             
0     00082e7f  Interrupt_initVectorTable        
0     00083216  Interrupt_nmiHandler             
0     0008274e  PinMux_init                      
0     0008112e  RamfuncsLoadEnd                  
abs   0000012e  RamfuncsLoadSize                 
0     00081000  RamfuncsLoadStart                
0     0000812e  RamfuncsRunEnd                   
abs   0000012e  RamfuncsRunSize                  
0     00008000  RamfuncsRunStart                 
0     00083220  SYNC_init                        
0     0000812a  SysCtl_delay                     
0     000826e9  SysCtl_getClock                  
0     00082ed6  SysCtl_getLowSpeedClock          
0     00082347  SysCtl_isPLLValid                
0     00082896  SysCtl_selectOscSource           
0     000828df  SysCtl_selectXTAL                
0     00082d19  SysCtl_selectXTALSingleEnded     
0     00082224  SysCtl_setClock                  
0     00081144  __TI_CINIT_Base                  
0     0008114c  __TI_CINIT_Limit                 
0     0008114c  __TI_CINIT_Warm                  
0     0008113a  __TI_Handler_Table_Base          
0     00081140  __TI_Handler_Table_Limit         
0     00000600  __TI_STACK_END                   
abs   00000200  __TI_STACK_SIZE                  
0     00082c9d  __TI_auto_init_nobinit_nopinit   
0     0000a820  __TI_cleanup_ptr                 
0     00082c17  __TI_decompress_lzss             
0     00083233  __TI_decompress_none             
0     0000a822  __TI_dtors_ptr                   
0     0000a81e  __TI_enable_exit_profile_output  
abs   ffffffff  __TI_pprof_out_hndl              
abs   ffffffff  __TI_prof_data_size              
abs   ffffffff  __TI_prof_data_start             
0     000831c6  __TI_zero_init_nomemset          
0     00082513  __c28xabi_divf                   
n/a   UNDEFED   __c_args__                       
0     00083251  __error__                        
0     00000400  __stack                          
0     000831df  _args_main                       
0     00082f96  _c_int00                         
0     0000a824  _lock                            
0     00083232  _nop                             
0     0008322e  _register_lock                   
0     0008322a  _register_unlock                 
0     00083263  _system_post_cinit               
0     00083261  _system_pre_init                 
0     0000a826  _unlock                          
0     00082cc8  abort                            
0     00080000  code_start                       
0     00082b44  epwm1ISR                         
0     0000a800  epwm1Info                        
0     00082b7a  epwm2ISR                         
0     0000a80a  epwm2Info                        
0     00082bb0  epwm3ISR                         
0     0000a814  epwm3Info                        
0     00082cca  exit                             
0     0008312b  initEPWM1                        
0     00083106  initEPWM2                        
0     0008313d  initEPWM3                        
0     0008296a  main                             
0     00082e9d  memcpy                           
0     000830cc  myGPIO33_init                    
0     0008260e  updateCompare                    


GLOBAL SYMBOLS: SORTED BY Symbol Address 

page  address   name                             
----  -------   ----                             
0     00000400  __stack                          
0     00000600  __TI_STACK_END                   
0     00008000  Flash_initModule                 
0     00008000  RamfuncsRunStart                 
0     0000812a  SysCtl_delay                     
0     0000812e  RamfuncsRunEnd                   
0     0000a800  epwm1Info                        
0     0000a80a  epwm2Info                        
0     0000a814  epwm3Info                        
0     0000a81e  __TI_enable_exit_profile_output  
0     0000a820  __TI_cleanup_ptr                 
0     0000a822  __TI_dtors_ptr                   
0     0000a824  _lock                            
0     0000a826  _unlock                          
0     00080000  code_start                       
0     00081000  RamfuncsLoadStart                
0     0008112e  RamfuncsLoadEnd                  
0     0008113a  __TI_Handler_Table_Base          
0     00081140  __TI_Handler_Table_Limit         
0     00081144  __TI_CINIT_Base                  
0     0008114c  __TI_CINIT_Limit                 
0     0008114c  __TI_CINIT_Warm                  
0     00082000  EPWM_init                        
0     00082224  SysCtl_setClock                  
0     00082347  SysCtl_isPLLValid                
0     00082445  Device_enableAllPeripherals      
0     00082513  __c28xabi_divf                   
0     0008260e  updateCompare                    
0     0008267f  GPIO_setAnalogMode               
0     000826e9  SysCtl_getClock                  
0     0008274e  PinMux_init                      
0     000827a8  GPIO_setPadConfig                
0     000827fa  Device_init                      
0     00082896  SysCtl_selectOscSource           
0     000828df  SysCtl_selectXTAL                
0     0008296a  main                             
0     00082a2b  Interrupt_initModule             
0     00082a68  GPIO_setControllerCore           
0     00082a9f  GPIO_setPinConfig                
0     00082ad6  GPIO_setQualificationMode        
0     00082b0d  Interrupt_enable                 
0     00082b44  epwm1ISR                         
0     00082b7a  epwm2ISR                         
0     00082bb0  epwm3ISR                         
0     00082be6  GPIO_setDirectionMode            
0     00082c17  __TI_decompress_lzss             
0     00082c9d  __TI_auto_init_nobinit_nopinit   
0     00082cc8  C$$EXIT                          
0     00082cc8  abort                            
0     00082cca  exit                             
0     00082d19  SysCtl_selectXTALSingleEnded     
0     00082e7f  Interrupt_initVectorTable        
0     00082e9d  memcpy                           
0     00082ed6  SysCtl_getLowSpeedClock          
0     00082f96  _c_int00                         
0     00082fc3  Interrupt_defaultHandler         
0     000830cc  myGPIO33_init                    
0     00083106  initEPWM2                        
0     0008312b  initEPWM1                        
0     0008313d  initEPWM3                        
0     00083160  Device_initGPIO                  
0     000831c6  __TI_zero_init_nomemset          
0     000831df  _args_main                       
0     000831eb  Board_init                       
0     0008320c  Interrupt_illegalOperationHandler
0     00083216  Interrupt_nmiHandler             
0     00083220  SYNC_init                        
0     0008322a  _register_unlock                 
0     0008322e  _register_lock                   
0     00083232  _nop                             
0     00083233  __TI_decompress_none             
0     00083251  __error__                        
0     0008325e  GPIO_init                        
0     00083261  _system_pre_init                 
0     00083263  _system_post_cinit               
abs   0000012e  RamfuncsLoadSize                 
abs   0000012e  RamfuncsRunSize                  
abs   00000200  __TI_STACK_SIZE                  
abs   ffffffff  __TI_pprof_out_hndl              
abs   ffffffff  __TI_prof_data_size              
abs   ffffffff  __TI_prof_data_start             
n/a   UNDEFED   __c_args__                       

[82 symbols]
