<?xml version="1.0" encoding="ISO-8859-1" ?>
<link_info>
   <banner>TMS320C2000 Linker PC v22.6.1.LTS</banner>
   <copyright>Copyright (c) 1996-2018 Texas Instruments Incorporated</copyright>
   <link_time>0x66708d84</link_time>
   <link_errors>0x0</link_errors>
   <output_file>03_epwm_updown_aq_w_toggle.out</output_file>
   <entry_point>
      <name>code_start</name>
      <address>0x80000</address>
   </entry_point>
   <input_file_list>
      <input_file id="fl-2">
         <path>.\</path>
         <kind>object</kind>
         <file>03_epwm_updown_aq_w_toggle.obj</file>
         <name>03_epwm_updown_aq_w_toggle.obj</name>
      </input_file>
      <input_file id="fl-3">
         <path>.\syscfg\</path>
         <kind>object</kind>
         <file>board.obj</file>
         <name>board.obj</name>
      </input_file>
      <input_file id="fl-4">
         <path>.\syscfg\</path>
         <kind>object</kind>
         <file>c2000ware_libraries.obj</file>
         <name>c2000ware_libraries.obj</name>
      </input_file>
      <input_file id="fl-5">
         <path>.\device\</path>
         <kind>object</kind>
         <file>device.obj</file>
         <name>device.obj</name>
      </input_file>
      <input_file id="fl-6">
         <path>.\device\</path>
         <kind>object</kind>
         <file>f28003x_codestartbranch.obj</file>
         <name>f28003x_codestartbranch.obj</name>
      </input_file>
      <input_file id="fl-c">
         <kind>object</kind>
         <file>&lt;internal&gt;</file>
         <name>&lt;internal&gt;</name>
      </input_file>
      <input_file id="fl-d">
         <path>C:\ti\C2000Ware_5_02_00_00\driverlib\f28003x\driverlib\ccs\Debug\</path>
         <kind>archive</kind>
         <file>driverlib.lib</file>
         <name>dcc.obj</name>
      </input_file>
      <input_file id="fl-e">
         <path>C:\ti\C2000Ware_5_02_00_00\driverlib\f28003x\driverlib\ccs\Debug\</path>
         <kind>archive</kind>
         <file>driverlib.lib</file>
         <name>flash.obj</name>
      </input_file>
      <input_file id="fl-f">
         <path>C:\ti\C2000Ware_5_02_00_00\driverlib\f28003x\driverlib\ccs\Debug\</path>
         <kind>archive</kind>
         <file>driverlib.lib</file>
         <name>gpio.obj</name>
      </input_file>
      <input_file id="fl-10">
         <path>C:\ti\C2000Ware_5_02_00_00\driverlib\f28003x\driverlib\ccs\Debug\</path>
         <kind>archive</kind>
         <file>driverlib.lib</file>
         <name>interrupt.obj</name>
      </input_file>
      <input_file id="fl-11">
         <path>C:\ti\C2000Ware_5_02_00_00\driverlib\f28003x\driverlib\ccs\Debug\</path>
         <kind>archive</kind>
         <file>driverlib.lib</file>
         <name>sysctl.obj</name>
      </input_file>
      <input_file id="fl-1d">
         <path>C:\ti\ccs1271\ccs\tools\compiler\ti-cgt-c2000_22.6.1.LTS\lib\</path>
         <kind>archive</kind>
         <file>rts2800_fpu32_eabi.lib</file>
         <name>boot28.asm.obj</name>
      </input_file>
      <input_file id="fl-1e">
         <path>C:\ti\ccs1271\ccs\tools\compiler\ti-cgt-c2000_22.6.1.LTS\lib\</path>
         <kind>archive</kind>
         <file>rts2800_fpu32_eabi.lib</file>
         <name>fs_div28.asm.obj</name>
      </input_file>
      <input_file id="fl-1f">
         <path>C:\ti\ccs1271\ccs\tools\compiler\ti-cgt-c2000_22.6.1.LTS\lib\</path>
         <kind>archive</kind>
         <file>rts2800_fpu32_eabi.lib</file>
         <name>memcpy.c.obj</name>
      </input_file>
      <input_file id="fl-20">
         <path>C:\ti\ccs1271\ccs\tools\compiler\ti-cgt-c2000_22.6.1.LTS\lib\</path>
         <kind>archive</kind>
         <file>rts2800_fpu32_eabi.lib</file>
         <name>pre_init.c.obj</name>
      </input_file>
      <input_file id="fl-21">
         <path>C:\ti\ccs1271\ccs\tools\compiler\ti-cgt-c2000_22.6.1.LTS\lib\</path>
         <kind>archive</kind>
         <file>rts2800_fpu32_eabi.lib</file>
         <name>autoinit.c.obj</name>
      </input_file>
      <input_file id="fl-22">
         <path>C:\ti\ccs1271\ccs\tools\compiler\ti-cgt-c2000_22.6.1.LTS\lib\</path>
         <kind>archive</kind>
         <file>rts2800_fpu32_eabi.lib</file>
         <name>copy_zero_init.c.obj</name>
      </input_file>
      <input_file id="fl-23">
         <path>C:\ti\ccs1271\ccs\tools\compiler\ti-cgt-c2000_22.6.1.LTS\lib\</path>
         <kind>archive</kind>
         <file>rts2800_fpu32_eabi.lib</file>
         <name>copy_decompress_none.c.obj</name>
      </input_file>
      <input_file id="fl-24">
         <path>C:\ti\ccs1271\ccs\tools\compiler\ti-cgt-c2000_22.6.1.LTS\lib\</path>
         <kind>archive</kind>
         <file>rts2800_fpu32_eabi.lib</file>
         <name>copy_decompress_lzss.c.obj</name>
      </input_file>
      <input_file id="fl-25">
         <path>C:\ti\ccs1271\ccs\tools\compiler\ti-cgt-c2000_22.6.1.LTS\lib\</path>
         <kind>archive</kind>
         <file>rts2800_fpu32_eabi.lib</file>
         <name>exit.c.obj</name>
      </input_file>
      <input_file id="fl-26">
         <path>C:\ti\ccs1271\ccs\tools\compiler\ti-cgt-c2000_22.6.1.LTS\lib\</path>
         <kind>archive</kind>
         <file>rts2800_fpu32_eabi.lib</file>
         <name>_lock.c.obj</name>
      </input_file>
      <input_file id="fl-27">
         <path>C:\ti\ccs1271\ccs\tools\compiler\ti-cgt-c2000_22.6.1.LTS\lib\</path>
         <kind>archive</kind>
         <file>rts2800_fpu32_eabi.lib</file>
         <name>args_main.c.obj</name>
      </input_file>
      <input_file id="fl-28">
         <path>C:\ti\ccs1271\ccs\tools\compiler\ti-cgt-c2000_22.6.1.LTS\lib\</path>
         <kind>archive</kind>
         <file>rts2800_fpu32_eabi.lib</file>
         <name>memset.c.obj</name>
      </input_file>
      <input_file id="fl-29">
         <path>C:\ti\ccs1271\ccs\tools\compiler\ti-cgt-c2000_22.6.1.LTS\lib\</path>
         <kind>archive</kind>
         <file>rts2800_fpu32_eabi.lib</file>
         <name>cpy_tbl.c.obj</name>
      </input_file>
      <input_file id="fl-2a">
         <path>C:\ti\ccs1271\ccs\tools\compiler\ti-cgt-c2000_22.6.1.LTS\lib\</path>
         <kind>archive</kind>
         <file>rts2800_fpu32_eabi.lib</file>
         <name>startup.c.obj</name>
      </input_file>
   </input_file_list>
   <object_component_list>
      <object_component id="oc-22">
         <name>codestart</name>
         <load_address>0x80000</load_address>
         <run_address>0x80000</run_address>
         <size>0x2</size>
         <input_file_ref idref="fl-6"/>
      </object_component>
      <object_component id="oc-16b">
         <name>.text:EPWM_init</name>
         <load_address>0x82000</load_address>
         <run_address>0x82000</run_address>
         <size>0x224</size>
         <input_file_ref idref="fl-3"/>
      </object_component>
      <object_component id="oc-122">
         <name>.text:SysCtl_setClock</name>
         <load_address>0x82224</load_address>
         <run_address>0x82224</run_address>
         <size>0x123</size>
         <input_file_ref idref="fl-11"/>
      </object_component>
      <object_component id="oc-205">
         <name>.text:SysCtl_isPLLValid</name>
         <load_address>0x82347</load_address>
         <run_address>0x82347</run_address>
         <size>0xfe</size>
         <input_file_ref idref="fl-11"/>
      </object_component>
      <object_component id="oc-13b">
         <name>.text:Device_enableAllPeripherals</name>
         <load_address>0x82445</load_address>
         <run_address>0x82445</run_address>
         <size>0xce</size>
         <input_file_ref idref="fl-5"/>
      </object_component>
      <object_component id="oc-308">
         <name>.text</name>
         <load_address>0x82513</load_address>
         <run_address>0x82513</run_address>
         <size>0x88</size>
         <input_file_ref idref="fl-1e"/>
      </object_component>
      <object_component id="oc-33d">
         <name>.text:DCC_setCounterSeeds</name>
         <load_address>0x8259b</load_address>
         <run_address>0x8259b</run_address>
         <size>0x73</size>
         <input_file_ref idref="fl-11"/>
      </object_component>
      <object_component id="oc-7d">
         <name>.text:updateCompare</name>
         <load_address>0x8260e</load_address>
         <run_address>0x8260e</run_address>
         <size>0x71</size>
         <input_file_ref idref="fl-2"/>
      </object_component>
      <object_component id="oc-147">
         <name>.text:GPIO_setAnalogMode</name>
         <load_address>0x8267f</load_address>
         <run_address>0x8267f</run_address>
         <size>0x6a</size>
         <input_file_ref idref="fl-f"/>
      </object_component>
      <object_component id="oc-12e">
         <name>.text:SysCtl_getClock</name>
         <load_address>0x826e9</load_address>
         <run_address>0x826e9</run_address>
         <size>0x65</size>
         <input_file_ref idref="fl-11"/>
      </object_component>
      <object_component id="oc-15f">
         <name>.text:PinMux_init</name>
         <load_address>0x8274e</load_address>
         <run_address>0x8274e</run_address>
         <size>0x5a</size>
         <input_file_ref idref="fl-3"/>
      </object_component>
      <object_component id="oc-226">
         <name>.text:GPIO_setPadConfig</name>
         <load_address>0x827a8</load_address>
         <run_address>0x827a8</run_address>
         <size>0x52</size>
         <input_file_ref idref="fl-f"/>
      </object_component>
      <object_component id="oc-8f">
         <name>.text:Device_init</name>
         <load_address>0x827fa</load_address>
         <run_address>0x827fa</run_address>
         <size>0x51</size>
         <input_file_ref idref="fl-5"/>
      </object_component>
      <object_component id="oc-294">
         <name>.text:EPWM_setInterruptSource</name>
         <load_address>0x8284b</load_address>
         <run_address>0x8284b</run_address>
         <size>0x4b</size>
         <input_file_ref idref="fl-3"/>
      </object_component>
      <object_component id="oc-1f9">
         <name>.text:SysCtl_selectOscSource</name>
         <load_address>0x82896</load_address>
         <run_address>0x82896</run_address>
         <size>0x49</size>
         <input_file_ref idref="fl-11"/>
      </object_component>
      <object_component id="oc-2fa">
         <name>.text:SysCtl_selectXTAL</name>
         <load_address>0x828df</load_address>
         <run_address>0x828df</run_address>
         <size>0x46</size>
         <input_file_ref idref="fl-11"/>
      </object_component>
      <object_component id="oc-3af">
         <name>.text:SysCtl_pollX1Counter</name>
         <load_address>0x82925</load_address>
         <run_address>0x82925</run_address>
         <size>0x45</size>
         <input_file_ref idref="fl-11"/>
      </object_component>
      <object_component id="oc-31">
         <name>.text:main</name>
         <load_address>0x8296a</load_address>
         <run_address>0x8296a</run_address>
         <size>0x43</size>
         <input_file_ref idref="fl-2"/>
      </object_component>
      <object_component id="oc-270">
         <name>.text:EPWM_setActionQualifierAction</name>
         <load_address>0x829ad</load_address>
         <run_address>0x829ad</run_address>
         <size>0x40</size>
         <input_file_ref idref="fl-3"/>
      </object_component>
      <object_component id="oc-26a">
         <name>.text:EPWM_setCounterCompareShadowLoadMode</name>
         <load_address>0x829ed</load_address>
         <run_address>0x829ed</run_address>
         <size>0x3e</size>
         <input_file_ref idref="fl-3"/>
      </object_component>
      <object_component id="oc-9b">
         <name>.text:Interrupt_initModule</name>
         <load_address>0x82a2b</load_address>
         <run_address>0x82a2b</run_address>
         <size>0x3d</size>
         <input_file_ref idref="fl-10"/>
      </object_component>
      <object_component id="oc-37f">
         <name>.text:GPIO_setControllerCore</name>
         <load_address>0x82a68</load_address>
         <run_address>0x82a68</run_address>
         <size>0x37</size>
         <input_file_ref idref="fl-f"/>
      </object_component>
      <object_component id="oc-220">
         <name>.text:GPIO_setPinConfig</name>
         <load_address>0x82a9f</load_address>
         <run_address>0x82a9f</run_address>
         <size>0x37</size>
         <input_file_ref idref="fl-f"/>
      </object_component>
      <object_component id="oc-22c">
         <name>.text:GPIO_setQualificationMode</name>
         <load_address>0x82ad6</load_address>
         <run_address>0x82ad6</run_address>
         <size>0x37</size>
         <input_file_ref idref="fl-f"/>
      </object_component>
      <object_component id="oc-cb">
         <name>.text:Interrupt_enable</name>
         <load_address>0x82b0d</load_address>
         <run_address>0x82b0d</run_address>
         <size>0x37</size>
         <input_file_ref idref="fl-10"/>
      </object_component>
      <object_component id="oc-2d">
         <name>.text:epwm1ISR</name>
         <load_address>0x82b44</load_address>
         <run_address>0x82b44</run_address>
         <size>0x36</size>
         <input_file_ref idref="fl-2"/>
      </object_component>
      <object_component id="oc-39">
         <name>.text:epwm2ISR</name>
         <load_address>0x82b7a</load_address>
         <run_address>0x82b7a</run_address>
         <size>0x36</size>
         <input_file_ref idref="fl-2"/>
      </object_component>
      <object_component id="oc-3f">
         <name>.text:epwm3ISR</name>
         <load_address>0x82bb0</load_address>
         <run_address>0x82bb0</run_address>
         <size>0x36</size>
         <input_file_ref idref="fl-2"/>
      </object_component>
      <object_component id="oc-379">
         <name>.text:GPIO_setDirectionMode</name>
         <load_address>0x82be6</load_address>
         <run_address>0x82be6</run_address>
         <size>0x31</size>
         <input_file_ref idref="fl-f"/>
      </object_component>
      <object_component id="oc-15">
         <name>.text:decompress:lzss</name>
         <load_address>0x82c17</load_address>
         <run_address>0x82c17</run_address>
         <size>0x30</size>
         <input_file_ref idref="fl-24"/>
      </object_component>
      <object_component id="oc-107">
         <name>.text:EPWM_isBaseValid</name>
         <load_address>0x82c47</load_address>
         <run_address>0x82c47</run_address>
         <size>0x2b</size>
         <input_file_ref idref="fl-2"/>
      </object_component>
      <object_component id="oc-362">
         <name>.text:EPWM_isBaseValid</name>
         <load_address>0x82c72</load_address>
         <run_address>0x82c72</run_address>
         <size>0x2b</size>
         <input_file_ref idref="fl-3"/>
      </object_component>
      <object_component id="oc-2b2">
         <name>.text:__TI_auto_init_nobinit_nopinit</name>
         <load_address>0x82c9d</load_address>
         <run_address>0x82c9d</run_address>
         <size>0x2b</size>
         <input_file_ref idref="fl-21"/>
      </object_component>
      <object_component id="oc-1a6">
         <name>.text</name>
         <load_address>0x82cc8</load_address>
         <run_address>0x82cc8</run_address>
         <size>0x29</size>
         <input_file_ref idref="fl-25"/>
      </object_component>
      <object_component id="oc-29a">
         <name>.text:EPWM_setInterruptEventCount</name>
         <load_address>0x82cf1</load_address>
         <run_address>0x82cf1</run_address>
         <size>0x28</size>
         <input_file_ref idref="fl-3"/>
      </object_component>
      <object_component id="oc-300">
         <name>.text:SysCtl_selectXTALSingleEnded</name>
         <load_address>0x82d19</load_address>
         <run_address>0x82d19</run_address>
         <size>0x25</size>
         <input_file_ref idref="fl-11"/>
      </object_component>
      <object_component id="oc-343">
         <name>.text:DCC_enableSingleShotMode</name>
         <load_address>0x82d3e</load_address>
         <run_address>0x82d3e</run_address>
         <size>0x24</size>
         <input_file_ref idref="fl-11"/>
      </object_component>
      <object_component id="oc-fa">
         <name>.text:EPWM_getCounterCompareValue</name>
         <load_address>0x82d62</load_address>
         <run_address>0x82d62</run_address>
         <size>0x22</size>
         <input_file_ref idref="fl-2"/>
      </object_component>
      <object_component id="oc-100">
         <name>.text:EPWM_setCounterCompareValue</name>
         <load_address>0x82d84</load_address>
         <run_address>0x82d84</run_address>
         <size>0x22</size>
         <input_file_ref idref="fl-2"/>
      </object_component>
      <object_component id="oc-264">
         <name>.text:EPWM_setCounterCompareValue</name>
         <load_address>0x82da6</load_address>
         <run_address>0x82da6</run_address>
         <size>0x22</size>
         <input_file_ref idref="fl-3"/>
      </object_component>
      <object_component id="oc-282">
         <name>.text:EPWM_setFallingEdgeDelayCountShadowLoadMode</name>
         <load_address>0x82dc8</load_address>
         <run_address>0x82dc8</run_address>
         <size>0x1f</size>
         <input_file_ref idref="fl-3"/>
      </object_component>
      <object_component id="oc-276">
         <name>.text:EPWM_setRisingEdgeDelayCountShadowLoadMode</name>
         <load_address>0x82de7</load_address>
         <run_address>0x82de7</run_address>
         <size>0x1f</size>
         <input_file_ref idref="fl-3"/>
      </object_component>
      <object_component id="oc-d1">
         <name>.text:GPIO_togglePin</name>
         <load_address>0x82e06</load_address>
         <run_address>0x82e06</run_address>
         <size>0x1f</size>
         <input_file_ref idref="fl-2"/>
      </object_component>
      <object_component id="oc-331">
         <name>.text:DCC_setCounter0ClkSource</name>
         <load_address>0x82e25</load_address>
         <run_address>0x82e25</run_address>
         <size>0x1e</size>
         <input_file_ref idref="fl-11"/>
      </object_component>
      <object_component id="oc-337">
         <name>.text:DCC_setCounter1ClkSource</name>
         <load_address>0x82e43</load_address>
         <run_address>0x82e43</run_address>
         <size>0x1e</size>
         <input_file_ref idref="fl-11"/>
      </object_component>
      <object_component id="oc-25e">
         <name>.text:EPWM_setPhaseShift</name>
         <load_address>0x82e61</load_address>
         <run_address>0x82e61</run_address>
         <size>0x1e</size>
         <input_file_ref idref="fl-3"/>
      </object_component>
      <object_component id="oc-46">
         <name>.text:Interrupt_initVectorTable</name>
         <load_address>0x82e7f</load_address>
         <run_address>0x82e7f</run_address>
         <size>0x1e</size>
         <input_file_ref idref="fl-10"/>
      </object_component>
      <object_component id="oc-60">
         <name>.text</name>
         <load_address>0x82e9d</load_address>
         <run_address>0x82e9d</run_address>
         <size>0x1d</size>
         <input_file_ref idref="fl-1f"/>
      </object_component>
      <object_component id="oc-240">
         <name>.text:EPWM_setClockPrescaler</name>
         <load_address>0x82eba</load_address>
         <run_address>0x82eba</run_address>
         <size>0x1c</size>
         <input_file_ref idref="fl-3"/>
      </object_component>
      <object_component id="oc-135">
         <name>.text:SysCtl_getLowSpeedClock</name>
         <load_address>0x82ed6</load_address>
         <run_address>0x82ed6</run_address>
         <size>0x1a</size>
         <input_file_ref idref="fl-11"/>
      </object_component>
      <object_component id="oc-1ff">
         <name>.text:SysCtl_setPLLSysClk</name>
         <load_address>0x82ef0</load_address>
         <run_address>0x82ef0</run_address>
         <size>0x19</size>
         <input_file_ref idref="fl-11"/>
      </object_component>
      <object_component id="oc-288">
         <name>.text:EPWM_disableFallingEdgeDelayCountShadowLoadMode</name>
         <load_address>0x82f09</load_address>
         <run_address>0x82f09</run_address>
         <size>0x18</size>
         <input_file_ref idref="fl-3"/>
      </object_component>
      <object_component id="oc-27c">
         <name>.text:EPWM_disableRisingEdgeDelayCountShadowLoadMode</name>
         <load_address>0x82f21</load_address>
         <run_address>0x82f21</run_address>
         <size>0x18</size>
         <input_file_ref idref="fl-3"/>
      </object_component>
      <object_component id="oc-a7">
         <name>.text:SysCtl_disablePeripheral</name>
         <load_address>0x82f39</load_address>
         <run_address>0x82f39</run_address>
         <size>0x18</size>
         <input_file_ref idref="fl-2"/>
      </object_component>
      <object_component id="oc-c5">
         <name>.text:SysCtl_enablePeripheral</name>
         <load_address>0x82f51</load_address>
         <run_address>0x82f51</run_address>
         <size>0x17</size>
         <input_file_ref idref="fl-2"/>
      </object_component>
      <object_component id="oc-210">
         <name>.text:SysCtl_enablePeripheral</name>
         <load_address>0x82f68</load_address>
         <run_address>0x82f68</run_address>
         <size>0x17</size>
         <input_file_ref idref="fl-5"/>
      </object_component>
      <object_component id="oc-30d">
         <name>.text:SysCtl_enablePeripheral</name>
         <load_address>0x82f7f</load_address>
         <run_address>0x82f7f</run_address>
         <size>0x17</size>
         <input_file_ref idref="fl-11"/>
      </object_component>
      <object_component id="oc-f2">
         <name>.text</name>
         <load_address>0x82f96</load_address>
         <run_address>0x82f96</run_address>
         <size>0x17</size>
         <input_file_ref idref="fl-1d"/>
      </object_component>
      <object_component id="oc-32b">
         <name>.text:DCC_disableDoneSignal</name>
         <load_address>0x82fad</load_address>
         <run_address>0x82fad</run_address>
         <size>0x16</size>
         <input_file_ref idref="fl-11"/>
      </object_component>
      <object_component id="oc-45">
         <name>.text:Interrupt_defaultHandler</name>
         <load_address>0x82fc3</load_address>
         <run_address>0x82fc3</run_address>
         <size>0x16</size>
         <input_file_ref idref="fl-10"/>
      </object_component>
      <object_component id="oc-319">
         <name>.text:DCC_clearDoneFlag</name>
         <load_address>0x82fd9</load_address>
         <run_address>0x82fd9</run_address>
         <size>0x15</size>
         <input_file_ref idref="fl-11"/>
      </object_component>
      <object_component id="oc-24c">
         <name>.text:EPWM_setTimeBaseCounter</name>
         <load_address>0x82fee</load_address>
         <run_address>0x82fee</run_address>
         <size>0x12</size>
         <input_file_ref idref="fl-3"/>
      </object_component>
      <object_component id="oc-313">
         <name>.text:DCC_clearErrorFlag</name>
         <load_address>0x83000</load_address>
         <run_address>0x83000</run_address>
         <size>0x15</size>
         <input_file_ref idref="fl-11"/>
      </object_component>
      <object_component id="oc-325">
         <name>.text:DCC_disableErrorSignal</name>
         <load_address>0x83015</load_address>
         <run_address>0x83015</run_address>
         <size>0x15</size>
         <input_file_ref idref="fl-11"/>
      </object_component>
      <object_component id="oc-3bf">
         <name>.text:DCC_isBaseValid</name>
         <load_address>0x8302a</load_address>
         <run_address>0x8302a</run_address>
         <size>0x15</size>
         <input_file_ref idref="fl-11"/>
      </object_component>
      <object_component id="oc-14f">
         <name>.text:GPIO_unlockPortConfig</name>
         <load_address>0x8303f</load_address>
         <run_address>0x8303f</run_address>
         <size>0x15</size>
         <input_file_ref idref="fl-5"/>
      </object_component>
      <object_component id="oc-31f">
         <name>.text:DCC_disableModule</name>
         <load_address>0x83054</load_address>
         <run_address>0x83054</run_address>
         <size>0x14</size>
         <input_file_ref idref="fl-11"/>
      </object_component>
      <object_component id="oc-349">
         <name>.text:DCC_enableModule</name>
         <load_address>0x83068</load_address>
         <run_address>0x83068</run_address>
         <size>0x14</size>
         <input_file_ref idref="fl-11"/>
      </object_component>
      <object_component id="oc-252">
         <name>.text:EPWM_setTimeBaseCounterMode</name>
         <load_address>0x8307c</load_address>
         <run_address>0x8307c</run_address>
         <size>0x14</size>
         <input_file_ref idref="fl-3"/>
      </object_component>
      <object_component id="oc-246">
         <name>.text:EPWM_setTimeBasePeriod</name>
         <load_address>0x83090</load_address>
         <run_address>0x83090</run_address>
         <size>0x14</size>
         <input_file_ref idref="fl-3"/>
      </object_component>
      <object_component id="oc-184">
         <name>.text:GPIO_isPinValid</name>
         <load_address>0x830a4</load_address>
         <run_address>0x830a4</run_address>
         <size>0x14</size>
         <input_file_ref idref="fl-2"/>
      </object_component>
      <object_component id="oc-358">
         <name>.text:GPIO_isPinValid</name>
         <load_address>0x830b8</load_address>
         <run_address>0x830b8</run_address>
         <size>0x14</size>
         <input_file_ref idref="fl-f"/>
      </object_component>
      <object_component id="oc-2a1">
         <name>.text:myGPIO33_init</name>
         <load_address>0x830cc</load_address>
         <run_address>0x830cc</run_address>
         <size>0x14</size>
         <input_file_ref idref="fl-3"/>
      </object_component>
      <object_component id="oc-83">
         <name>.text:EPWM_clearEventTriggerInterruptFlag</name>
         <load_address>0x830e0</load_address>
         <run_address>0x830e0</run_address>
         <size>0x13</size>
         <input_file_ref idref="fl-2"/>
      </object_component>
      <object_component id="oc-28e">
         <name>.text:EPWM_enableInterrupt</name>
         <load_address>0x830f3</load_address>
         <run_address>0x830f3</run_address>
         <size>0x13</size>
         <input_file_ref idref="fl-3"/>
      </object_component>
      <object_component id="oc-b9">
         <name>.text:initEPWM2</name>
         <load_address>0x83106</load_address>
         <run_address>0x83106</run_address>
         <size>0x13</size>
         <input_file_ref idref="fl-2"/>
      </object_component>
      <object_component id="oc-233">
         <name>.text:SysCtl_setSyncOutputConfig</name>
         <load_address>0x83119</load_address>
         <run_address>0x83119</run_address>
         <size>0x12</size>
         <input_file_ref idref="fl-3"/>
      </object_component>
      <object_component id="oc-b3">
         <name>.text:initEPWM1</name>
         <load_address>0x8312b</load_address>
         <run_address>0x8312b</run_address>
         <size>0x12</size>
         <input_file_ref idref="fl-2"/>
      </object_component>
      <object_component id="oc-bf">
         <name>.text:initEPWM3</name>
         <load_address>0x8313d</load_address>
         <run_address>0x8313d</run_address>
         <size>0x12</size>
         <input_file_ref idref="fl-2"/>
      </object_component>
      <object_component id="oc-258">
         <name>.text:EPWM_disablePhaseShiftLoad</name>
         <load_address>0x8314f</load_address>
         <run_address>0x8314f</run_address>
         <size>0x11</size>
         <input_file_ref idref="fl-3"/>
      </object_component>
      <object_component id="oc-95">
         <name>.text:Device_initGPIO</name>
         <load_address>0x83160</load_address>
         <run_address>0x83160</run_address>
         <size>0x10</size>
         <input_file_ref idref="fl-5"/>
      </object_component>
      <object_component id="oc-1b2">
         <name>.text:Flash_isCtrlBaseValid</name>
         <load_address>0x83170</load_address>
         <run_address>0x83170</run_address>
         <size>0x10</size>
         <input_file_ref idref="fl-e"/>
      </object_component>
      <object_component id="oc-1b9">
         <name>.text:Flash_isECCBaseValid</name>
         <load_address>0x83180</load_address>
         <run_address>0x83180</run_address>
         <size>0x10</size>
         <input_file_ref idref="fl-e"/>
      </object_component>
      <object_component id="oc-a1">
         <name>.text:Interrupt_register</name>
         <load_address>0x83190</load_address>
         <run_address>0x83190</run_address>
         <size>0xf</size>
         <input_file_ref idref="fl-2"/>
      </object_component>
      <object_component id="oc-156">
         <name>.text:Interrupt_disableGlobal</name>
         <load_address>0x8319f</load_address>
         <run_address>0x8319f</run_address>
         <size>0xd</size>
         <input_file_ref idref="fl-10"/>
      </object_component>
      <object_component id="oc-17d">
         <name>.text:Interrupt_enableGlobal</name>
         <load_address>0x831ac</load_address>
         <run_address>0x831ac</run_address>
         <size>0xd</size>
         <input_file_ref idref="fl-10"/>
      </object_component>
      <object_component id="oc-128">
         <name>.text:SysCtl_setLowSpeedClock</name>
         <load_address>0x831b9</load_address>
         <run_address>0x831b9</run_address>
         <size>0xd</size>
         <input_file_ref idref="fl-5"/>
      </object_component>
      <object_component id="oc-68">
         <name>.text:decompress:ZI:__TI_zero_init_nomemset</name>
         <load_address>0x831c6</load_address>
         <run_address>0x831c6</run_address>
         <size>0xd</size>
         <input_file_ref idref="fl-22"/>
      </object_component>
      <object_component id="oc-239">
         <name>.text:SysCtl_enableExtADCSOCSource</name>
         <load_address>0x831d3</load_address>
         <run_address>0x831d3</run_address>
         <size>0xc</size>
         <input_file_ref idref="fl-3"/>
      </object_component>
      <object_component id="oc-1a0">
         <name>.text</name>
         <load_address>0x831df</load_address>
         <run_address>0x831df</run_address>
         <size>0xc</size>
         <input_file_ref idref="fl-27"/>
      </object_component>
      <object_component id="oc-ad">
         <name>.text:Board_init</name>
         <load_address>0x831eb</load_address>
         <run_address>0x831eb</run_address>
         <size>0xb</size>
         <input_file_ref idref="fl-3"/>
      </object_component>
      <object_component id="oc-116">
         <name>.text:SysCtl_disableWatchdog</name>
         <load_address>0x831f6</load_address>
         <run_address>0x831f6</run_address>
         <size>0xb</size>
         <input_file_ref idref="fl-5"/>
      </object_component>
      <object_component id="oc-1f2">
         <name>.text:SysCtl_isMCDClockFailureDetected</name>
         <load_address>0x83201</load_address>
         <run_address>0x83201</run_address>
         <size>0xb</size>
         <input_file_ref idref="fl-11"/>
      </object_component>
      <object_component id="oc-51">
         <name>.text:Interrupt_illegalOperationHandler</name>
         <load_address>0x8320c</load_address>
         <run_address>0x8320c</run_address>
         <size>0xa</size>
         <input_file_ref idref="fl-10"/>
      </object_component>
      <object_component id="oc-57">
         <name>.text:Interrupt_nmiHandler</name>
         <load_address>0x83216</load_address>
         <run_address>0x83216</run_address>
         <size>0xa</size>
         <input_file_ref idref="fl-10"/>
      </object_component>
      <object_component id="oc-165">
         <name>.text:SYNC_init</name>
         <load_address>0x83220</load_address>
         <run_address>0x83220</run_address>
         <size>0xa</size>
         <input_file_ref idref="fl-3"/>
      </object_component>
      <object_component id="oc-3a3">
         <name>.text</name>
         <load_address>0x8322a</load_address>
         <run_address>0x8322a</run_address>
         <size>0x9</size>
         <input_file_ref idref="fl-26"/>
      </object_component>
      <object_component id="oc-1b">
         <name>.text:decompress:none</name>
         <load_address>0x83233</load_address>
         <run_address>0x83233</run_address>
         <size>0x8</size>
         <input_file_ref idref="fl-23"/>
      </object_component>
      <object_component id="oc-74">
         <name>.text</name>
         <load_address>0x8323b</load_address>
         <run_address>0x8323b</run_address>
         <size>0x8</size>
         <input_file_ref idref="fl-6"/>
      </object_component>
      <object_component id="oc-141">
         <name>.text:ASysCtl_lockVREG</name>
         <load_address>0x83243</load_address>
         <run_address>0x83243</run_address>
         <size>0x7</size>
         <input_file_ref idref="fl-5"/>
      </object_component>
      <object_component id="oc-3b5">
         <name>.text:SysCtl_resetMCD</name>
         <load_address>0x8324a</load_address>
         <run_address>0x8324a</run_address>
         <size>0x7</size>
         <input_file_ref idref="fl-11"/>
      </object_component>
      <object_component id="oc-10e">
         <name>.text:__error__</name>
         <load_address>0x83251</load_address>
         <run_address>0x83251</run_address>
         <size>0x7</size>
         <input_file_ref idref="fl-5"/>
      </object_component>
      <object_component id="oc-89">
         <name>.text:Interrupt_clearACKGroup</name>
         <load_address>0x83258</load_address>
         <run_address>0x83258</run_address>
         <size>0x6</size>
         <input_file_ref idref="fl-2"/>
      </object_component>
      <object_component id="oc-171">
         <name>.text:GPIO_init</name>
         <load_address>0x8325e</load_address>
         <run_address>0x8325e</run_address>
         <size>0x3</size>
         <input_file_ref idref="fl-3"/>
      </object_component>
      <object_component id="oc-199">
         <name>.text</name>
         <load_address>0x83261</load_address>
         <run_address>0x83261</run_address>
         <size>0x2</size>
         <input_file_ref idref="fl-20"/>
      </object_component>
      <object_component id="oc-389">
         <name>.text</name>
         <load_address>0x83263</load_address>
         <run_address>0x83263</run_address>
         <size>0x1</size>
         <input_file_ref idref="fl-2a"/>
      </object_component>
      <object_component id="oc-417">
         <name>.cinit..data.load</name>
         <load_address>0x81130</load_address>
         <run_address>0x81130</run_address>
         <size>0x9</size>
      </object_component>
      <object_component id="oc-414">
         <name>__TI_handler_table</name>
         <load_address>0x8113a</load_address>
         <run_address>0x8113a</run_address>
         <size>0x6</size>
      </object_component>
      <object_component id="oc-416">
         <name>.cinit..bss.load</name>
         <load_address>0x81140</load_address>
         <run_address>0x81140</run_address>
         <size>0x4</size>
      </object_component>
      <object_component id="oc-415">
         <name>__TI_cinit_table</name>
         <load_address>0x81144</load_address>
         <run_address>0x81144</run_address>
         <size>0x8</size>
      </object_component>
      <object_component id="oc-5d">
         <name>.stack</name>
         <uninitialized>true</uninitialized>
         <run_address>0x400</run_address>
         <size>0x0</size>
         <input_file_ref idref="fl-1d"/>
      </object_component>
      <object_component id="oc-418">
         <name>.stack</name>
         <uninitialized>true</uninitialized>
         <run_address>0x400</run_address>
         <size>0x0</size>
      </object_component>
      <object_component id="oc-7a">
         <name>.bss</name>
         <uninitialized>true</uninitialized>
         <run_address>0xa800</run_address>
         <size>0x1e</size>
         <input_file_ref idref="fl-2"/>
      </object_component>
      <object_component id="oc-2e4">
         <name>.data</name>
         <load_address>0xa81e</load_address>
         <run_address>0xa81e</run_address>
         <size>0x6</size>
         <input_file_ref idref="fl-25"/>
      </object_component>
      <object_component id="oc-2e7">
         <name>.data:_lock</name>
         <load_address>0xa824</load_address>
         <run_address>0xa824</run_address>
         <size>0x2</size>
         <input_file_ref idref="fl-26"/>
      </object_component>
      <object_component id="oc-3da">
         <name>.data:_unlock</name>
         <load_address>0xa826</load_address>
         <run_address>0xa826</run_address>
         <size>0x2</size>
         <input_file_ref idref="fl-26"/>
      </object_component>
      <object_component id="oc-1b8">
         <name>.const:.string</name>
         <load_address>0x84000</load_address>
         <run_address>0x84000</run_address>
         <size>0x9b</size>
         <input_file_ref idref="fl-e"/>
      </object_component>
      <object_component id="oc-1f1">
         <name>.const:.string</name>
         <load_address>0x8409c</load_address>
         <run_address>0x8409c</run_address>
         <size>0x9a</size>
         <input_file_ref idref="fl-11"/>
      </object_component>
      <object_component id="oc-218">
         <name>.const:.string</name>
         <load_address>0x84136</load_address>
         <run_address>0x84136</run_address>
         <size>0x98</size>
         <input_file_ref idref="fl-f"/>
      </object_component>
      <object_component id="oc-10d">
         <name>.const:.string</name>
         <load_address>0x841ce</load_address>
         <run_address>0x841ce</run_address>
         <size>0x7c</size>
         <input_file_ref idref="fl-2"/>
      </object_component>
      <object_component id="oc-134">
         <name>.const:.string</name>
         <load_address>0x8424a</load_address>
         <run_address>0x8424a</run_address>
         <size>0x53</size>
         <input_file_ref idref="fl-5"/>
      </object_component>
      <object_component id="oc-368">
         <name>.const:.string</name>
         <load_address>0x8429e</load_address>
         <run_address>0x8429e</run_address>
         <size>0x3e</size>
         <input_file_ref idref="fl-3"/>
      </object_component>
      <object_component id="oc-11c">
         <name>.TI.ramfunc:Flash_initModule</name>
         <load_address>0x81000</load_address>
         <run_address>0x8000</run_address>
         <size>0x49</size>
         <input_file_ref idref="fl-e"/>
      </object_component>
      <object_component id="oc-1bf">
         <name>.TI.ramfunc:Flash_setBankPowerMode</name>
         <load_address>0x81049</load_address>
         <run_address>0x8049</run_address>
         <size>0x2c</size>
         <input_file_ref idref="fl-e"/>
      </object_component>
      <object_component id="oc-1d7">
         <name>.TI.ramfunc:Flash_setWaitstates</name>
         <load_address>0x81075</load_address>
         <run_address>0x8075</run_address>
         <size>0x24</size>
         <input_file_ref idref="fl-e"/>
      </object_component>
      <object_component id="oc-1c5">
         <name>.TI.ramfunc:Flash_setPumpPowerMode</name>
         <load_address>0x81099</load_address>
         <run_address>0x8099</run_address>
         <size>0x1d</size>
         <input_file_ref idref="fl-e"/>
      </object_component>
      <object_component id="oc-1cb">
         <name>.TI.ramfunc:Flash_disableCache</name>
         <load_address>0x810b6</load_address>
         <run_address>0x80b6</run_address>
         <size>0x18</size>
         <input_file_ref idref="fl-e"/>
      </object_component>
      <object_component id="oc-1d1">
         <name>.TI.ramfunc:Flash_disablePrefetch</name>
         <load_address>0x810ce</load_address>
         <run_address>0x80ce</run_address>
         <size>0x18</size>
         <input_file_ref idref="fl-e"/>
      </object_component>
      <object_component id="oc-1dd">
         <name>.TI.ramfunc:Flash_enableCache</name>
         <load_address>0x810e6</load_address>
         <run_address>0x80e6</run_address>
         <size>0x17</size>
         <input_file_ref idref="fl-e"/>
      </object_component>
      <object_component id="oc-1e3">
         <name>.TI.ramfunc:Flash_enablePrefetch</name>
         <load_address>0x810fd</load_address>
         <run_address>0x80fd</run_address>
         <size>0x17</size>
         <input_file_ref idref="fl-e"/>
      </object_component>
      <object_component id="oc-1e9">
         <name>.TI.ramfunc:Flash_enableECC</name>
         <load_address>0x81114</load_address>
         <run_address>0x8114</run_address>
         <size>0x16</size>
         <input_file_ref idref="fl-e"/>
      </object_component>
      <object_component id="oc-1f8">
         <name>.TI.ramfunc</name>
         <load_address>0x8112a</load_address>
         <run_address>0x812a</run_address>
         <size>0x4</size>
         <input_file_ref idref="fl-11"/>
      </object_component>
      <object_component id="oc-d8">
         <name>.debug_types</name>
         <load_address>0x0</load_address>
         <run_address>0x0</run_address>
         <size>0xe44</size>
         <input_file_ref idref="fl-2"/>
      </object_component>
      <object_component id="oc-178">
         <name>.debug_types</name>
         <load_address>0xe44</load_address>
         <run_address>0xe44</run_address>
         <size>0xe8e</size>
         <input_file_ref idref="fl-3"/>
      </object_component>
      <object_component id="oc-14e">
         <name>.debug_types</name>
         <load_address>0x1cd2</load_address>
         <run_address>0x1cd2</run_address>
         <size>0x53a</size>
         <input_file_ref idref="fl-5"/>
      </object_component>
      <object_component id="oc-1f0">
         <name>.debug_types</name>
         <load_address>0x220c</load_address>
         <run_address>0x220c</run_address>
         <size>0x1fa</size>
         <input_file_ref idref="fl-e"/>
      </object_component>
      <object_component id="oc-21a">
         <name>.debug_types</name>
         <load_address>0x2406</load_address>
         <run_address>0x2406</run_address>
         <size>0x25f</size>
         <input_file_ref idref="fl-f"/>
      </object_component>
      <object_component id="oc-dd">
         <name>.debug_types</name>
         <load_address>0x0</load_address>
         <run_address>0x0</run_address>
         <size>0x0</size>
         <input_file_ref idref="fl-10"/>
      </object_component>
      <object_component id="oc-20c">
         <name>.debug_types</name>
         <load_address>0x2665</load_address>
         <run_address>0x2665</run_address>
         <size>0x768</size>
         <input_file_ref idref="fl-11"/>
      </object_component>
      <object_component id="oc-e5">
         <name>.debug_types</name>
         <load_address>0x2dcd</load_address>
         <run_address>0x2dcd</run_address>
         <size>0x142</size>
         <input_file_ref idref="fl-1f"/>
      </object_component>
      <object_component id="oc-2b1">
         <name>.debug_types</name>
         <load_address>0x0</load_address>
         <run_address>0x0</run_address>
         <size>0x0</size>
         <input_file_ref idref="fl-20"/>
      </object_component>
      <object_component id="oc-390">
         <name>.debug_types</name>
         <load_address>0x2f0f</load_address>
         <run_address>0x2f0f</run_address>
         <size>0x470</size>
         <input_file_ref idref="fl-21"/>
      </object_component>
      <object_component id="oc-ea">
         <name>.debug_types</name>
         <load_address>0x337f</load_address>
         <run_address>0x337f</run_address>
         <size>0x194</size>
         <input_file_ref idref="fl-22"/>
      </object_component>
      <object_component id="oc-67">
         <name>.debug_types</name>
         <load_address>0x0</load_address>
         <run_address>0x0</run_address>
         <size>0x0</size>
         <input_file_ref idref="fl-23"/>
      </object_component>
      <object_component id="oc-5f">
         <name>.debug_types</name>
         <load_address>0x3513</load_address>
         <run_address>0x3513</run_address>
         <size>0x191</size>
         <input_file_ref idref="fl-24"/>
      </object_component>
      <object_component id="oc-2eb">
         <name>.debug_types</name>
         <load_address>0x36a4</load_address>
         <run_address>0x36a4</run_address>
         <size>0xbf</size>
         <input_file_ref idref="fl-25"/>
      </object_component>
      <object_component id="oc-3ab">
         <name>.debug_types</name>
         <load_address>0x3763</load_address>
         <run_address>0x3763</run_address>
         <size>0x2f</size>
         <input_file_ref idref="fl-26"/>
      </object_component>
      <object_component id="oc-2e3">
         <name>.debug_types</name>
         <load_address>0x3792</load_address>
         <run_address>0x3792</run_address>
         <size>0xe1</size>
         <input_file_ref idref="fl-27"/>
      </object_component>
      <object_component id="oc-3d4">
         <name>.debug_types</name>
         <load_address>0x0</load_address>
         <run_address>0x0</run_address>
         <size>0x0</size>
         <input_file_ref idref="fl-2a"/>
      </object_component>
      <object_component id="oc-7b">
         <name>.debug_info</name>
         <load_address>0x0</load_address>
         <run_address>0x0</run_address>
         <size>0x147</size>
         <input_file_ref idref="fl-2"/>
      </object_component>
      <object_component id="oc-a5">
         <name>.debug_info</name>
         <load_address>0x147</load_address>
         <run_address>0x147</run_address>
         <size>0x1d2</size>
         <input_file_ref idref="fl-2"/>
      </object_component>
      <object_component id="oc-8d">
         <name>.debug_info</name>
         <load_address>0x319</load_address>
         <run_address>0x319</run_address>
         <size>0x18e</size>
         <input_file_ref idref="fl-2"/>
      </object_component>
      <object_component id="oc-c9">
         <name>.debug_info</name>
         <load_address>0x4a7</load_address>
         <run_address>0x4a7</run_address>
         <size>0x1bf</size>
         <input_file_ref idref="fl-2"/>
      </object_component>
      <object_component id="oc-ab">
         <name>.debug_info</name>
         <load_address>0x666</load_address>
         <run_address>0x666</run_address>
         <size>0x1c1</size>
         <input_file_ref idref="fl-2"/>
      </object_component>
      <object_component id="oc-10b">
         <name>.debug_info</name>
         <load_address>0x827</load_address>
         <run_address>0x827</run_address>
         <size>0x181</size>
         <input_file_ref idref="fl-2"/>
      </object_component>
      <object_component id="oc-104">
         <name>.debug_info</name>
         <load_address>0x9a8</load_address>
         <run_address>0x9a8</run_address>
         <size>0x227</size>
         <input_file_ref idref="fl-2"/>
      </object_component>
      <object_component id="oc-fe">
         <name>.debug_info</name>
         <load_address>0xbcf</load_address>
         <run_address>0xbcf</run_address>
         <size>0x21a</size>
         <input_file_ref idref="fl-2"/>
      </object_component>
      <object_component id="oc-87">
         <name>.debug_info</name>
         <load_address>0xde9</load_address>
         <run_address>0xde9</run_address>
         <size>0x1c4</size>
         <input_file_ref idref="fl-2"/>
      </object_component>
      <object_component id="oc-188">
         <name>.debug_info</name>
         <load_address>0xfad</load_address>
         <run_address>0xfad</run_address>
         <size>0x17b</size>
         <input_file_ref idref="fl-2"/>
      </object_component>
      <object_component id="oc-d5">
         <name>.debug_info</name>
         <load_address>0x1128</load_address>
         <run_address>0x1128</run_address>
         <size>0x1af</size>
         <input_file_ref idref="fl-2"/>
      </object_component>
      <object_component id="oc-35">
         <name>.debug_info</name>
         <load_address>0x12d7</load_address>
         <run_address>0x12d7</run_address>
         <size>0x290</size>
         <input_file_ref idref="fl-2"/>
      </object_component>
      <object_component id="oc-37">
         <name>.debug_info</name>
         <load_address>0x1567</load_address>
         <run_address>0x1567</run_address>
         <size>0x181</size>
         <input_file_ref idref="fl-2"/>
      </object_component>
      <object_component id="oc-3d">
         <name>.debug_info</name>
         <load_address>0x16e8</load_address>
         <run_address>0x16e8</run_address>
         <size>0x181</size>
         <input_file_ref idref="fl-2"/>
      </object_component>
      <object_component id="oc-43">
         <name>.debug_info</name>
         <load_address>0x1869</load_address>
         <run_address>0x1869</run_address>
         <size>0x181</size>
         <input_file_ref idref="fl-2"/>
      </object_component>
      <object_component id="oc-b7">
         <name>.debug_info</name>
         <load_address>0x19ea</load_address>
         <run_address>0x19ea</run_address>
         <size>0x12a</size>
         <input_file_ref idref="fl-2"/>
      </object_component>
      <object_component id="oc-bd">
         <name>.debug_info</name>
         <load_address>0x1b14</load_address>
         <run_address>0x1b14</run_address>
         <size>0x12b</size>
         <input_file_ref idref="fl-2"/>
      </object_component>
      <object_component id="oc-c3">
         <name>.debug_info</name>
         <load_address>0x1c3f</load_address>
         <run_address>0x1c3f</run_address>
         <size>0x12c</size>
         <input_file_ref idref="fl-2"/>
      </object_component>
      <object_component id="oc-81">
         <name>.debug_info</name>
         <load_address>0x1d6b</load_address>
         <run_address>0x1d6b</run_address>
         <size>0x2d5</size>
         <input_file_ref idref="fl-2"/>
      </object_component>
      <object_component id="oc-234">
         <name>.debug_info</name>
         <load_address>0x2040</load_address>
         <run_address>0x2040</run_address>
         <size>0x17b</size>
         <input_file_ref idref="fl-3"/>
      </object_component>
      <object_component id="oc-23a">
         <name>.debug_info</name>
         <load_address>0x21bb</load_address>
         <run_address>0x21bb</run_address>
         <size>0x183</size>
         <input_file_ref idref="fl-3"/>
      </object_component>
      <object_component id="oc-363">
         <name>.debug_info</name>
         <load_address>0x233e</load_address>
         <run_address>0x233e</run_address>
         <size>0x167</size>
         <input_file_ref idref="fl-3"/>
      </object_component>
      <object_component id="oc-24d">
         <name>.debug_info</name>
         <load_address>0x24a5</load_address>
         <run_address>0x24a5</run_address>
         <size>0x1b5</size>
         <input_file_ref idref="fl-3"/>
      </object_component>
      <object_component id="oc-241">
         <name>.debug_info</name>
         <load_address>0x265a</load_address>
         <run_address>0x265a</run_address>
         <size>0x1f8</size>
         <input_file_ref idref="fl-3"/>
      </object_component>
      <object_component id="oc-259">
         <name>.debug_info</name>
         <load_address>0x2852</load_address>
         <run_address>0x2852</run_address>
         <size>0x198</size>
         <input_file_ref idref="fl-3"/>
      </object_component>
      <object_component id="oc-253">
         <name>.debug_info</name>
         <load_address>0x29ea</load_address>
         <run_address>0x29ea</run_address>
         <size>0x1c9</size>
         <input_file_ref idref="fl-3"/>
      </object_component>
      <object_component id="oc-25f">
         <name>.debug_info</name>
         <load_address>0x2bb3</load_address>
         <run_address>0x2bb3</run_address>
         <size>0x1b5</size>
         <input_file_ref idref="fl-3"/>
      </object_component>
      <object_component id="oc-247">
         <name>.debug_info</name>
         <load_address>0x2d68</load_address>
         <run_address>0x2d68</run_address>
         <size>0x1bf</size>
         <input_file_ref idref="fl-3"/>
      </object_component>
      <object_component id="oc-26b">
         <name>.debug_info</name>
         <load_address>0x2f27</load_address>
         <run_address>0x2f27</run_address>
         <size>0x270</size>
         <input_file_ref idref="fl-3"/>
      </object_component>
      <object_component id="oc-265">
         <name>.debug_info</name>
         <load_address>0x3197</load_address>
         <run_address>0x3197</run_address>
         <size>0x20d</size>
         <input_file_ref idref="fl-3"/>
      </object_component>
      <object_component id="oc-271">
         <name>.debug_info</name>
         <load_address>0x33a4</load_address>
         <run_address>0x33a4</run_address>
         <size>0x239</size>
         <input_file_ref idref="fl-3"/>
      </object_component>
      <object_component id="oc-277">
         <name>.debug_info</name>
         <load_address>0x35dd</load_address>
         <run_address>0x35dd</run_address>
         <size>0x1e1</size>
         <input_file_ref idref="fl-3"/>
      </object_component>
      <object_component id="oc-27d">
         <name>.debug_info</name>
         <load_address>0x37be</load_address>
         <run_address>0x37be</run_address>
         <size>0x1c0</size>
         <input_file_ref idref="fl-3"/>
      </object_component>
      <object_component id="oc-283">
         <name>.debug_info</name>
         <load_address>0x397e</load_address>
         <run_address>0x397e</run_address>
         <size>0x1e3</size>
         <input_file_ref idref="fl-3"/>
      </object_component>
      <object_component id="oc-28b">
         <name>.debug_info</name>
         <load_address>0x3b61</load_address>
         <run_address>0x3b61</run_address>
         <size>0x1c2</size>
         <input_file_ref idref="fl-3"/>
      </object_component>
      <object_component id="oc-291">
         <name>.debug_info</name>
         <load_address>0x3d23</load_address>
         <run_address>0x3d23</run_address>
         <size>0x18c</size>
         <input_file_ref idref="fl-3"/>
      </object_component>
      <object_component id="oc-296">
         <name>.debug_info</name>
         <load_address>0x3eaf</load_address>
         <run_address>0x3eaf</run_address>
         <size>0x1ee</size>
         <input_file_ref idref="fl-3"/>
      </object_component>
      <object_component id="oc-29c">
         <name>.debug_info</name>
         <load_address>0x409d</load_address>
         <run_address>0x409d</run_address>
         <size>0x1d6</size>
         <input_file_ref idref="fl-3"/>
      </object_component>
      <object_component id="oc-af">
         <name>.debug_info</name>
         <load_address>0x4273</load_address>
         <run_address>0x4273</run_address>
         <size>0x13f</size>
         <input_file_ref idref="fl-3"/>
      </object_component>
      <object_component id="oc-160">
         <name>.debug_info</name>
         <load_address>0x43b2</load_address>
         <run_address>0x43b2</run_address>
         <size>0x2e8</size>
         <input_file_ref idref="fl-3"/>
      </object_component>
      <object_component id="oc-16e">
         <name>.debug_info</name>
         <load_address>0x469a</load_address>
         <run_address>0x469a</run_address>
         <size>0xd1d</size>
         <input_file_ref idref="fl-3"/>
      </object_component>
      <object_component id="oc-174">
         <name>.debug_info</name>
         <load_address>0x53b7</load_address>
         <run_address>0x53b7</run_address>
         <size>0x112</size>
         <input_file_ref idref="fl-3"/>
      </object_component>
      <object_component id="oc-2a3">
         <name>.debug_info</name>
         <load_address>0x54c9</load_address>
         <run_address>0x54c9</run_address>
         <size>0x174</size>
         <input_file_ref idref="fl-3"/>
      </object_component>
      <object_component id="oc-168">
         <name>.debug_info</name>
         <load_address>0x563d</load_address>
         <run_address>0x563d</run_address>
         <size>0x163</size>
         <input_file_ref idref="fl-3"/>
      </object_component>
      <object_component id="oc-143">
         <name>.debug_info</name>
         <load_address>0x57a0</load_address>
         <run_address>0x57a0</run_address>
         <size>0x145</size>
         <input_file_ref idref="fl-5"/>
      </object_component>
      <object_component id="oc-211">
         <name>.debug_info</name>
         <load_address>0x58e5</load_address>
         <run_address>0x58e5</run_address>
         <size>0x1a9</size>
         <input_file_ref idref="fl-5"/>
      </object_component>
      <object_component id="oc-12b">
         <name>.debug_info</name>
         <load_address>0x5a8e</load_address>
         <run_address>0x5a8e</run_address>
         <size>0x17d</size>
         <input_file_ref idref="fl-5"/>
      </object_component>
      <object_component id="oc-117">
         <name>.debug_info</name>
         <load_address>0x5c0b</load_address>
         <run_address>0x5c0b</run_address>
         <size>0x150</size>
         <input_file_ref idref="fl-5"/>
      </object_component>
      <object_component id="oc-151">
         <name>.debug_info</name>
         <load_address>0x5d5b</load_address>
         <run_address>0x5d5b</run_address>
         <size>0x1ac</size>
         <input_file_ref idref="fl-5"/>
      </object_component>
      <object_component id="oc-90">
         <name>.debug_info</name>
         <load_address>0x5f07</load_address>
         <run_address>0x5f07</run_address>
         <size>0x232</size>
         <input_file_ref idref="fl-5"/>
      </object_component>
      <object_component id="oc-13c">
         <name>.debug_info</name>
         <load_address>0x6139</load_address>
         <run_address>0x6139</run_address>
         <size>0x783</size>
         <input_file_ref idref="fl-5"/>
      </object_component>
      <object_component id="oc-97">
         <name>.debug_info</name>
         <load_address>0x68bc</load_address>
         <run_address>0x68bc</run_address>
         <size>0x164</size>
         <input_file_ref idref="fl-5"/>
      </object_component>
      <object_component id="oc-110">
         <name>.debug_info</name>
         <load_address>0x6a20</load_address>
         <run_address>0x6a20</run_address>
         <size>0x153</size>
         <input_file_ref idref="fl-5"/>
      </object_component>
      <object_component id="oc-23">
         <name>.debug_info</name>
         <load_address>0x6b73</load_address>
         <run_address>0x6b73</run_address>
         <size>0x106</size>
         <input_file_ref idref="fl-6"/>
      </object_component>
      <object_component id="oc-76">
         <name>.debug_info</name>
         <load_address>0x6c79</load_address>
         <run_address>0x6c79</run_address>
         <size>0x107</size>
         <input_file_ref idref="fl-6"/>
      </object_component>
      <object_component id="oc-1b4">
         <name>.debug_info</name>
         <load_address>0x6d80</load_address>
         <run_address>0x6d80</run_address>
         <size>0x1e2</size>
         <input_file_ref idref="fl-e"/>
      </object_component>
      <object_component id="oc-1ba">
         <name>.debug_info</name>
         <load_address>0x6f62</load_address>
         <run_address>0x6f62</run_address>
         <size>0x1de</size>
         <input_file_ref idref="fl-e"/>
      </object_component>
      <object_component id="oc-1d8">
         <name>.debug_info</name>
         <load_address>0x7140</load_address>
         <run_address>0x7140</run_address>
         <size>0x23d</size>
         <input_file_ref idref="fl-e"/>
      </object_component>
      <object_component id="oc-1c2">
         <name>.debug_info</name>
         <load_address>0x737d</load_address>
         <run_address>0x737d</run_address>
         <size>0x254</size>
         <input_file_ref idref="fl-e"/>
      </object_component>
      <object_component id="oc-1c6">
         <name>.debug_info</name>
         <load_address>0x75d1</load_address>
         <run_address>0x75d1</run_address>
         <size>0x233</size>
         <input_file_ref idref="fl-e"/>
      </object_component>
      <object_component id="oc-1e6">
         <name>.debug_info</name>
         <load_address>0x7804</load_address>
         <run_address>0x7804</run_address>
         <size>0x204</size>
         <input_file_ref idref="fl-e"/>
      </object_component>
      <object_component id="oc-1d3">
         <name>.debug_info</name>
         <load_address>0x7a08</load_address>
         <run_address>0x7a08</run_address>
         <size>0x206</size>
         <input_file_ref idref="fl-e"/>
      </object_component>
      <object_component id="oc-1de">
         <name>.debug_info</name>
         <load_address>0x7c0e</load_address>
         <run_address>0x7c0e</run_address>
         <size>0x1fe</size>
         <input_file_ref idref="fl-e"/>
      </object_component>
      <object_component id="oc-1cd">
         <name>.debug_info</name>
         <load_address>0x7e0c</load_address>
         <run_address>0x7e0c</run_address>
         <size>0x200</size>
         <input_file_ref idref="fl-e"/>
      </object_component>
      <object_component id="oc-1eb">
         <name>.debug_info</name>
         <load_address>0x800c</load_address>
         <run_address>0x800c</run_address>
         <size>0x1f7</size>
         <input_file_ref idref="fl-e"/>
      </object_component>
      <object_component id="oc-11d">
         <name>.debug_info</name>
         <load_address>0x8203</load_address>
         <run_address>0x8203</run_address>
         <size>0x375</size>
         <input_file_ref idref="fl-e"/>
      </object_component>
      <object_component id="oc-35b">
         <name>.debug_info</name>
         <load_address>0x8578</load_address>
         <run_address>0x8578</run_address>
         <size>0x1ca</size>
         <input_file_ref idref="fl-f"/>
      </object_component>
      <object_component id="oc-37c">
         <name>.debug_info</name>
         <load_address>0x8742</load_address>
         <run_address>0x8742</run_address>
         <size>0x242</size>
         <input_file_ref idref="fl-f"/>
      </object_component>
      <object_component id="oc-229">
         <name>.debug_info</name>
         <load_address>0x8984</load_address>
         <run_address>0x8984</run_address>
         <size>0x22b</size>
         <input_file_ref idref="fl-f"/>
      </object_component>
      <object_component id="oc-22d">
         <name>.debug_info</name>
         <load_address>0x8baf</load_address>
         <run_address>0x8baf</run_address>
         <size>0x273</size>
         <input_file_ref idref="fl-f"/>
      </object_component>
      <object_component id="oc-382">
         <name>.debug_info</name>
         <load_address>0x8e22</load_address>
         <run_address>0x8e22</run_address>
         <size>0x25b</size>
         <input_file_ref idref="fl-f"/>
      </object_component>
      <object_component id="oc-149">
         <name>.debug_info</name>
         <load_address>0x907d</load_address>
         <run_address>0x907d</run_address>
         <size>0x227</size>
         <input_file_ref idref="fl-f"/>
      </object_component>
      <object_component id="oc-223">
         <name>.debug_info</name>
         <load_address>0x92a4</load_address>
         <run_address>0x92a4</run_address>
         <size>0x214</size>
         <input_file_ref idref="fl-f"/>
      </object_component>
      <object_component id="oc-17f">
         <name>.debug_info</name>
         <load_address>0x94b8</load_address>
         <run_address>0x94b8</run_address>
         <size>0x1c3</size>
         <input_file_ref idref="fl-10"/>
      </object_component>
      <object_component id="oc-159">
         <name>.debug_info</name>
         <load_address>0x967b</load_address>
         <run_address>0x967b</run_address>
         <size>0x1c5</size>
         <input_file_ref idref="fl-10"/>
      </object_component>
      <object_component id="oc-9d">
         <name>.debug_info</name>
         <load_address>0x9840</load_address>
         <run_address>0x9840</run_address>
         <size>0x1d4</size>
         <input_file_ref idref="fl-10"/>
      </object_component>
      <object_component id="oc-4e">
         <name>.debug_info</name>
         <load_address>0x9a14</load_address>
         <run_address>0x9a14</run_address>
         <size>0x1e1</size>
         <input_file_ref idref="fl-10"/>
      </object_component>
      <object_component id="oc-54">
         <name>.debug_info</name>
         <load_address>0x9bf5</load_address>
         <run_address>0x9bf5</run_address>
         <size>0x1c7</size>
         <input_file_ref idref="fl-10"/>
      </object_component>
      <object_component id="oc-58">
         <name>.debug_info</name>
         <load_address>0x9dbc</load_address>
         <run_address>0x9dbc</run_address>
         <size>0x1ad</size>
         <input_file_ref idref="fl-10"/>
      </object_component>
      <object_component id="oc-47">
         <name>.debug_info</name>
         <load_address>0x9f69</load_address>
         <run_address>0x9f69</run_address>
         <size>0x1d1</size>
         <input_file_ref idref="fl-10"/>
      </object_component>
      <object_component id="oc-cd">
         <name>.debug_info</name>
         <load_address>0xa13a</load_address>
         <run_address>0xa13a</run_address>
         <size>0x278</size>
         <input_file_ref idref="fl-10"/>
      </object_component>
      <object_component id="oc-30f">
         <name>.debug_info</name>
         <load_address>0xa3b2</load_address>
         <run_address>0xa3b2</run_address>
         <size>0x210</size>
         <input_file_ref idref="fl-11"/>
      </object_component>
      <object_component id="oc-1f4">
         <name>.debug_info</name>
         <load_address>0xa5c2</load_address>
         <run_address>0xa5c2</run_address>
         <size>0x1d3</size>
         <input_file_ref idref="fl-11"/>
      </object_component>
      <object_component id="oc-3b7">
         <name>.debug_info</name>
         <load_address>0xa795</load_address>
         <run_address>0xa795</run_address>
         <size>0x1a9</size>
         <input_file_ref idref="fl-11"/>
      </object_component>
      <object_component id="oc-201">
         <name>.debug_info</name>
         <load_address>0xa93e</load_address>
         <run_address>0xa93e</run_address>
         <size>0x1d8</size>
         <input_file_ref idref="fl-11"/>
      </object_component>
      <object_component id="oc-3c1">
         <name>.debug_info</name>
         <load_address>0xab16</load_address>
         <run_address>0xab16</run_address>
         <size>0x1cd</size>
         <input_file_ref idref="fl-11"/>
      </object_component>
      <object_component id="oc-34b">
         <name>.debug_info</name>
         <load_address>0xace3</load_address>
         <run_address>0xace3</run_address>
         <size>0x1eb</size>
         <input_file_ref idref="fl-11"/>
      </object_component>
      <object_component id="oc-321">
         <name>.debug_info</name>
         <load_address>0xaece</load_address>
         <run_address>0xaece</run_address>
         <size>0x1ed</size>
         <input_file_ref idref="fl-11"/>
      </object_component>
      <object_component id="oc-327">
         <name>.debug_info</name>
         <load_address>0xb0bb</load_address>
         <run_address>0xb0bb</run_address>
         <size>0x1f9</size>
         <input_file_ref idref="fl-11"/>
      </object_component>
      <object_component id="oc-32d">
         <name>.debug_info</name>
         <load_address>0xb2b4</load_address>
         <run_address>0xb2b4</run_address>
         <size>0x1f7</size>
         <input_file_ref idref="fl-11"/>
      </object_component>
      <object_component id="oc-345">
         <name>.debug_info</name>
         <load_address>0xb4ab</load_address>
         <run_address>0xb4ab</run_address>
         <size>0x21e</size>
         <input_file_ref idref="fl-11"/>
      </object_component>
      <object_component id="oc-317">
         <name>.debug_info</name>
         <load_address>0xb6c9</load_address>
         <run_address>0xb6c9</run_address>
         <size>0x1f1</size>
         <input_file_ref idref="fl-11"/>
      </object_component>
      <object_component id="oc-31d">
         <name>.debug_info</name>
         <load_address>0xb8ba</load_address>
         <run_address>0xb8ba</run_address>
         <size>0x1ef</size>
         <input_file_ref idref="fl-11"/>
      </object_component>
      <object_component id="oc-339">
         <name>.debug_info</name>
         <load_address>0xbaa9</load_address>
         <run_address>0xbaa9</run_address>
         <size>0x222</size>
         <input_file_ref idref="fl-11"/>
      </object_component>
      <object_component id="oc-334">
         <name>.debug_info</name>
         <load_address>0xbccb</load_address>
         <run_address>0xbccb</run_address>
         <size>0x222</size>
         <input_file_ref idref="fl-11"/>
      </object_component>
      <object_component id="oc-341">
         <name>.debug_info</name>
         <load_address>0xbeed</load_address>
         <run_address>0xbeed</run_address>
         <size>0x291</size>
         <input_file_ref idref="fl-11"/>
      </object_component>
      <object_component id="oc-3b3">
         <name>.debug_info</name>
         <load_address>0xc17e</load_address>
         <run_address>0xc17e</run_address>
         <size>0x20d</size>
         <input_file_ref idref="fl-11"/>
      </object_component>
      <object_component id="oc-131">
         <name>.debug_info</name>
         <load_address>0xc38b</load_address>
         <run_address>0xc38b</run_address>
         <size>0x26c</size>
         <input_file_ref idref="fl-11"/>
      </object_component>
      <object_component id="oc-125">
         <name>.debug_info</name>
         <load_address>0xc5f7</load_address>
         <run_address>0xc5f7</run_address>
         <size>0x3eb</size>
         <input_file_ref idref="fl-11"/>
      </object_component>
      <object_component id="oc-2fd">
         <name>.debug_info</name>
         <load_address>0xc9e2</load_address>
         <run_address>0xc9e2</run_address>
         <size>0x245</size>
         <input_file_ref idref="fl-11"/>
      </object_component>
      <object_component id="oc-304">
         <name>.debug_info</name>
         <load_address>0xcc27</load_address>
         <run_address>0xcc27</run_address>
         <size>0x216</size>
         <input_file_ref idref="fl-11"/>
      </object_component>
      <object_component id="oc-1fb">
         <name>.debug_info</name>
         <load_address>0xce3d</load_address>
         <run_address>0xce3d</run_address>
         <size>0x22a</size>
         <input_file_ref idref="fl-11"/>
      </object_component>
      <object_component id="oc-137">
         <name>.debug_info</name>
         <load_address>0xd067</load_address>
         <run_address>0xd067</run_address>
         <size>0x216</size>
         <input_file_ref idref="fl-11"/>
      </object_component>
      <object_component id="oc-207">
         <name>.debug_info</name>
         <load_address>0xd27d</load_address>
         <run_address>0xd27d</run_address>
         <size>0x4a1</size>
         <input_file_ref idref="fl-11"/>
      </object_component>
      <object_component id="oc-f3">
         <name>.debug_info</name>
         <load_address>0xd71e</load_address>
         <run_address>0xd71e</run_address>
         <size>0x158</size>
         <input_file_ref idref="fl-1d"/>
      </object_component>
      <object_component id="oc-309">
         <name>.debug_info</name>
         <load_address>0xd876</load_address>
         <run_address>0xd876</run_address>
         <size>0x127</size>
         <input_file_ref idref="fl-1e"/>
      </object_component>
      <object_component id="oc-62">
         <name>.debug_info</name>
         <load_address>0xd99d</load_address>
         <run_address>0xd99d</run_address>
         <size>0x19b</size>
         <input_file_ref idref="fl-1f"/>
      </object_component>
      <object_component id="oc-19a">
         <name>.debug_info</name>
         <load_address>0xdb38</load_address>
         <run_address>0xdb38</run_address>
         <size>0x14d</size>
         <input_file_ref idref="fl-20"/>
      </object_component>
      <object_component id="oc-2b4">
         <name>.debug_info</name>
         <load_address>0xdc85</load_address>
         <run_address>0xdc85</run_address>
         <size>0x1bf</size>
         <input_file_ref idref="fl-21"/>
      </object_component>
      <object_component id="oc-6b">
         <name>.debug_info</name>
         <load_address>0xde44</load_address>
         <run_address>0xde44</run_address>
         <size>0x1b6</size>
         <input_file_ref idref="fl-22"/>
      </object_component>
      <object_component id="oc-1c">
         <name>.debug_info</name>
         <load_address>0xdffa</load_address>
         <run_address>0xdffa</run_address>
         <size>0x1b7</size>
         <input_file_ref idref="fl-23"/>
      </object_component>
      <object_component id="oc-19">
         <name>.debug_info</name>
         <load_address>0xe1b1</load_address>
         <run_address>0xe1b1</run_address>
         <size>0x219</size>
         <input_file_ref idref="fl-24"/>
      </object_component>
      <object_component id="oc-2e5">
         <name>.debug_info</name>
         <load_address>0xe3ca</load_address>
         <run_address>0xe3ca</run_address>
         <size>0x19e</size>
         <input_file_ref idref="fl-25"/>
      </object_component>
      <object_component id="oc-1a7">
         <name>.debug_info</name>
         <load_address>0xe568</load_address>
         <run_address>0xe568</run_address>
         <size>0x1a9</size>
         <input_file_ref idref="fl-25"/>
      </object_component>
      <object_component id="oc-2e8">
         <name>.debug_info</name>
         <load_address>0xe711</load_address>
         <run_address>0xe711</run_address>
         <size>0x107</size>
         <input_file_ref idref="fl-26"/>
      </object_component>
      <object_component id="oc-3db">
         <name>.debug_info</name>
         <load_address>0xe818</load_address>
         <run_address>0xe818</run_address>
         <size>0x10b</size>
         <input_file_ref idref="fl-26"/>
      </object_component>
      <object_component id="oc-3a5">
         <name>.debug_info</name>
         <load_address>0xe923</load_address>
         <run_address>0xe923</run_address>
         <size>0x203</size>
         <input_file_ref idref="fl-26"/>
      </object_component>
      <object_component id="oc-1a2">
         <name>.debug_info</name>
         <load_address>0xeb26</load_address>
         <run_address>0xeb26</run_address>
         <size>0x15d</size>
         <input_file_ref idref="fl-27"/>
      </object_component>
      <object_component id="oc-38d">
         <name>.debug_info</name>
         <load_address>0xec83</load_address>
         <run_address>0xec83</run_address>
         <size>0x147</size>
         <input_file_ref idref="fl-2a"/>
      </object_component>
      <object_component id="oc-41b">
         <name>.debug_info</name>
         <load_address>0xedca</load_address>
         <run_address>0xedca</run_address>
         <size>0xaf</size>
      </object_component>
      <object_component id="oc-f9">
         <name>.debug_line</name>
         <load_address>0x0</load_address>
         <run_address>0x0</run_address>
         <size>0x44</size>
         <input_file_ref idref="fl-2"/>
      </object_component>
      <object_component id="oc-a3">
         <name>.debug_line</name>
         <load_address>0x44</load_address>
         <run_address>0x44</run_address>
         <size>0x80</size>
         <input_file_ref idref="fl-2"/>
      </object_component>
      <object_component id="oc-8b">
         <name>.debug_line</name>
         <load_address>0xc4</load_address>
         <run_address>0xc4</run_address>
         <size>0x7d</size>
         <input_file_ref idref="fl-2"/>
      </object_component>
      <object_component id="oc-c6">
         <name>.debug_line</name>
         <load_address>0x141</load_address>
         <run_address>0x141</run_address>
         <size>0x7e</size>
         <input_file_ref idref="fl-2"/>
      </object_component>
      <object_component id="oc-aa">
         <name>.debug_line</name>
         <load_address>0x1bf</load_address>
         <run_address>0x1bf</run_address>
         <size>0x7e</size>
         <input_file_ref idref="fl-2"/>
      </object_component>
      <object_component id="oc-109">
         <name>.debug_line</name>
         <load_address>0x23d</load_address>
         <run_address>0x23d</run_address>
         <size>0x7c</size>
         <input_file_ref idref="fl-2"/>
      </object_component>
      <object_component id="oc-102">
         <name>.debug_line</name>
         <load_address>0x2b9</load_address>
         <run_address>0x2b9</run_address>
         <size>0x7e</size>
         <input_file_ref idref="fl-2"/>
      </object_component>
      <object_component id="oc-fb">
         <name>.debug_line</name>
         <load_address>0x337</load_address>
         <run_address>0x337</run_address>
         <size>0x81</size>
         <input_file_ref idref="fl-2"/>
      </object_component>
      <object_component id="oc-84">
         <name>.debug_line</name>
         <load_address>0x3b8</load_address>
[...]
         <length>0x1000</length>
         <used_space>0x0</used_space>
         <unused_space>0x1000</unused_space>
         <attributes>RWIX</attributes>
         <usage_details>
         </usage_details>
      </memory_area>
      <memory_area display="yes" color="green">
         <name>FLASH_BANK2_SEC4</name>
         <page_id>0x0</page_id>
         <origin>0xa4000</origin>
         <length>0x1000</length>
         <used_space>0x0</used_space>
         <unused_space>0x1000</unused_space>
         <attributes>RWIX</attributes>
         <usage_details>
         </usage_details>
      </memory_area>
      <memory_area display="yes" color="green">
         <name>FLASH_BANK2_SEC5</name>
         <page_id>0x0</page_id>
         <origin>0xa5000</origin>
         <length>0x1000</length>
         <used_space>0x0</used_space>
         <unused_space>0x1000</unused_space>
         <attributes>RWIX</attributes>
         <usage_details>
         </usage_details>
      </memory_area>
      <memory_area display="yes" color="green">
         <name>FLASH_BANK2_SEC6</name>
         <page_id>0x0</page_id>
         <origin>0xa6000</origin>
         <length>0x1000</length>
         <used_space>0x0</used_space>
         <unused_space>0x1000</unused_space>
         <attributes>RWIX</attributes>
         <usage_details>
         </usage_details>
      </memory_area>
      <memory_area display="yes" color="green">
         <name>FLASH_BANK2_SEC7</name>
         <page_id>0x0</page_id>
         <origin>0xa7000</origin>
         <length>0x1000</length>
         <used_space>0x0</used_space>
         <unused_space>0x1000</unused_space>
         <attributes>RWIX</attributes>
         <usage_details>
         </usage_details>
      </memory_area>
      <memory_area display="yes" color="green">
         <name>FLASH_BANK2_SEC8</name>
         <page_id>0x0</page_id>
         <origin>0xa8000</origin>
         <length>0x1000</length>
         <used_space>0x0</used_space>
         <unused_space>0x1000</unused_space>
         <attributes>RWIX</attributes>
         <usage_details>
         </usage_details>
      </memory_area>
      <memory_area display="yes" color="green">
         <name>FLASH_BANK2_SEC9</name>
         <page_id>0x0</page_id>
         <origin>0xa9000</origin>
         <length>0x1000</length>
         <used_space>0x0</used_space>
         <unused_space>0x1000</unused_space>
         <attributes>RWIX</attributes>
         <usage_details>
         </usage_details>
      </memory_area>
      <memory_area display="yes" color="green">
         <name>FLASH_BANK2_SEC10</name>
         <page_id>0x0</page_id>
         <origin>0xaa000</origin>
         <length>0x1000</length>
         <used_space>0x0</used_space>
         <unused_space>0x1000</unused_space>
         <attributes>RWIX</attributes>
         <usage_details>
         </usage_details>
      </memory_area>
      <memory_area display="yes" color="green">
         <name>FLASH_BANK2_SEC11</name>
         <page_id>0x0</page_id>
         <origin>0xab000</origin>
         <length>0x1000</length>
         <used_space>0x0</used_space>
         <unused_space>0x1000</unused_space>
         <attributes>RWIX</attributes>
         <usage_details>
         </usage_details>
      </memory_area>
      <memory_area display="yes" color="green">
         <name>FLASH_BANK2_SEC12</name>
         <page_id>0x0</page_id>
         <origin>0xac000</origin>
         <length>0x1000</length>
         <used_space>0x0</used_space>
         <unused_space>0x1000</unused_space>
         <attributes>RWIX</attributes>
         <usage_details>
         </usage_details>
      </memory_area>
      <memory_area display="yes" color="green">
         <name>FLASH_BANK2_SEC13</name>
         <page_id>0x0</page_id>
         <origin>0xad000</origin>
         <length>0x1000</length>
         <used_space>0x0</used_space>
         <unused_space>0x1000</unused_space>
         <attributes>RWIX</attributes>
         <usage_details>
         </usage_details>
      </memory_area>
      <memory_area display="yes" color="green">
         <name>FLASH_BANK2_SEC14</name>
         <page_id>0x0</page_id>
         <origin>0xae000</origin>
         <length>0x1000</length>
         <used_space>0x0</used_space>
         <unused_space>0x1000</unused_space>
         <attributes>RWIX</attributes>
         <usage_details>
         </usage_details>
      </memory_area>
      <memory_area display="yes" color="green">
         <name>FLASH_BANK2_SEC15</name>
         <page_id>0x0</page_id>
         <origin>0xaf000</origin>
         <length>0xff0</length>
         <used_space>0x0</used_space>
         <unused_space>0xff0</unused_space>
         <attributes>RWIX</attributes>
         <usage_details>
         </usage_details>
      </memory_area>
      <memory_area display="yes" color="green">
         <name>SECURE_ROM</name>
         <page_id>0x0</page_id>
         <origin>0x3f2000</origin>
         <length>0x6000</length>
         <used_space>0x0</used_space>
         <unused_space>0x6000</unused_space>
         <attributes>RWIX</attributes>
         <usage_details>
         </usage_details>
      </memory_area>
      <memory_area display="yes" color="green">
         <name>BOOTROM</name>
         <page_id>0x0</page_id>
         <origin>0x3f8000</origin>
         <length>0x7fc0</length>
         <used_space>0x0</used_space>
         <unused_space>0x7fc0</unused_space>
         <attributes>RWIX</attributes>
         <usage_details>
         </usage_details>
      </memory_area>
      <memory_area display="no" color="green">
         <name>RESET</name>
         <page_id>0x0</page_id>
         <origin>0x3fffc0</origin>
         <length>0x2</length>
         <used_space>0x0</used_space>
         <unused_space>0x2</unused_space>
         <attributes>RWIX</attributes>
         <usage_details>
         </usage_details>
      </memory_area>
   </placement_map>
   <cptbl_list>
      <cptbl>
         <name>__TI_cinit_table</name>
         <cprec>
            <name>.data</name>
            <load_address>0x81130</load_address>
            <load_size>0x9</load_size>
            <run_address>0xa81e</run_address>
            <run_size>0xa</run_size>
            <compression>lzss</compression>
         </cprec>
         <cprec>
            <name>.bss</name>
            <load_address>0x81140</load_address>
            <load_size>0x4</load_size>
            <run_address>0xa800</run_address>
            <run_size>0x1e</run_size>
            <compression>zero_init</compression>
         </cprec>
      </cptbl>
   </cptbl_list>
   <handler_table>
      <handler_table_name>__TI_handler_table</handler_table_name>
      <handler>
         <index>0x0</index>
         <name>__TI_zero_init</name>
      </handler>
      <handler>
         <index>0x1</index>
         <name>__TI_decompress_lzss</name>
      </handler>
      <handler>
         <index>0x2</index>
         <name>__TI_decompress_none</name>
      </handler>
   </handler_table>
   <symbol_table>
      <symbol id="sm-1">
         <name>RamfuncsLoadStart</name>
         <value>0x81000</value>
      </symbol>
      <symbol id="sm-2">
         <name>RamfuncsLoadSize</name>
         <value>0x12e</value>
      </symbol>
      <symbol id="sm-3">
         <name>RamfuncsLoadEnd</name>
         <value>0x8112e</value>
      </symbol>
      <symbol id="sm-4">
         <name>RamfuncsRunStart</name>
         <value>0x8000</value>
      </symbol>
      <symbol id="sm-5">
         <name>RamfuncsRunSize</name>
         <value>0x12e</value>
      </symbol>
      <symbol id="sm-6">
         <name>RamfuncsRunEnd</name>
         <value>0x812e</value>
      </symbol>
      <symbol id="sm-7">
         <name>__TI_CINIT_Base</name>
         <value>0x81144</value>
      </symbol>
      <symbol id="sm-8">
         <name>__TI_CINIT_Limit</name>
         <value>0x8114c</value>
      </symbol>
      <symbol id="sm-9">
         <name>__TI_CINIT_Warm</name>
         <value>0x8114c</value>
      </symbol>
      <symbol id="sm-a">
         <name>__TI_Handler_Table_Base</name>
         <value>0x8113a</value>
      </symbol>
      <symbol id="sm-b">
         <name>__TI_Handler_Table_Limit</name>
         <value>0x81140</value>
      </symbol>
      <symbol id="sm-c">
         <name>__TI_STACK_SIZE</name>
         <value>0x200</value>
      </symbol>
      <symbol id="sm-d">
         <name>__TI_STACK_END</name>
         <value>0x600</value>
      </symbol>
      <symbol id="sm-e">
         <name>__TI_pprof_out_hndl</name>
         <value>0xffffffff</value>
      </symbol>
      <symbol id="sm-f">
         <name>__TI_prof_data_start</name>
         <value>0xffffffff</value>
      </symbol>
      <symbol id="sm-10">
         <name>__TI_prof_data_size</name>
         <value>0xffffffff</value>
      </symbol>
      <symbol id="sm-db">
         <name>epwm3ISR</name>
         <value>0x82bb0</value>
         <object_component_ref idref="oc-3f"/>
      </symbol>
      <symbol id="sm-dc">
         <name>initEPWM3</name>
         <value>0x8313d</value>
         <object_component_ref idref="oc-bf"/>
      </symbol>
      <symbol id="sm-dd">
         <name>initEPWM2</name>
         <value>0x83106</value>
         <object_component_ref idref="oc-b9"/>
      </symbol>
      <symbol id="sm-de">
         <name>initEPWM1</name>
         <value>0x8312b</value>
         <object_component_ref idref="oc-b3"/>
      </symbol>
      <symbol id="sm-df">
         <name>epwm2ISR</name>
         <value>0x82b7a</value>
         <object_component_ref idref="oc-39"/>
      </symbol>
      <symbol id="sm-e0">
         <name>updateCompare</name>
         <value>0x8260e</value>
         <object_component_ref idref="oc-7d"/>
      </symbol>
      <symbol id="sm-e1">
         <name>epwm2Info</name>
         <value>0xa80a</value>
         <object_component_ref idref="oc-7a"/>
      </symbol>
      <symbol id="sm-e2">
         <name>main</name>
         <value>0x8296a</value>
         <object_component_ref idref="oc-31"/>
      </symbol>
      <symbol id="sm-e3">
         <name>epwm3Info</name>
         <value>0xa814</value>
         <object_component_ref idref="oc-7a"/>
      </symbol>
      <symbol id="sm-e4">
         <name>epwm1ISR</name>
         <value>0x82b44</value>
         <object_component_ref idref="oc-2d"/>
      </symbol>
      <symbol id="sm-e5">
         <name>epwm1Info</name>
         <value>0xa800</value>
         <object_component_ref idref="oc-7a"/>
      </symbol>
      <symbol id="sm-1d1">
         <name>PinMux_init</name>
         <value>0x8274e</value>
         <object_component_ref idref="oc-15f"/>
      </symbol>
      <symbol id="sm-1d2">
         <name>Board_init</name>
         <value>0x831eb</value>
         <object_component_ref idref="oc-ad"/>
      </symbol>
      <symbol id="sm-1d3">
         <name>GPIO_init</name>
         <value>0x8325e</value>
         <object_component_ref idref="oc-171"/>
      </symbol>
      <symbol id="sm-1d4">
         <name>SYNC_init</name>
         <value>0x83220</value>
         <object_component_ref idref="oc-165"/>
      </symbol>
      <symbol id="sm-1d5">
         <name>EPWM_init</name>
         <value>0x82000</value>
         <object_component_ref idref="oc-16b"/>
      </symbol>
      <symbol id="sm-1d6">
         <name>myGPIO33_init</name>
         <value>0x830cc</value>
         <object_component_ref idref="oc-2a1"/>
      </symbol>
      <symbol id="sm-226">
         <name>Device_enableAllPeripherals</name>
         <value>0x82445</value>
         <object_component_ref idref="oc-13b"/>
      </symbol>
      <symbol id="sm-227">
         <name>Device_initGPIO</name>
         <value>0x83160</value>
         <object_component_ref idref="oc-95"/>
      </symbol>
      <symbol id="sm-228">
         <name>Device_init</name>
         <value>0x827fa</value>
         <object_component_ref idref="oc-8f"/>
      </symbol>
      <symbol id="sm-229">
         <name>__error__</name>
         <value>0x83251</value>
         <object_component_ref idref="oc-10e"/>
      </symbol>
      <symbol id="sm-238">
         <name>code_start</name>
         <value>0x80000</value>
         <object_component_ref idref="oc-22"/>
      </symbol>
      <symbol id="sm-2a9">
         <name>Flash_initModule</name>
         <value>0x8000</value>
         <object_component_ref idref="oc-11c"/>
      </symbol>
      <symbol id="sm-2f9">
         <name>GPIO_setQualificationMode</name>
         <value>0x82ad6</value>
         <object_component_ref idref="oc-22c"/>
      </symbol>
      <symbol id="sm-2fa">
         <name>GPIO_setPadConfig</name>
         <value>0x827a8</value>
         <object_component_ref idref="oc-226"/>
      </symbol>
      <symbol id="sm-2fb">
         <name>GPIO_setAnalogMode</name>
         <value>0x8267f</value>
         <object_component_ref idref="oc-147"/>
      </symbol>
      <symbol id="sm-2fc">
         <name>GPIO_setDirectionMode</name>
         <value>0x82be6</value>
         <object_component_ref idref="oc-379"/>
      </symbol>
      <symbol id="sm-2fd">
         <name>GPIO_setPinConfig</name>
         <value>0x82a9f</value>
         <object_component_ref idref="oc-220"/>
      </symbol>
      <symbol id="sm-2fe">
         <name>GPIO_setControllerCore</name>
         <value>0x82a68</value>
         <object_component_ref idref="oc-37f"/>
      </symbol>
      <symbol id="sm-34d">
         <name>Interrupt_defaultHandler</name>
         <value>0x82fc3</value>
         <object_component_ref idref="oc-45"/>
      </symbol>
      <symbol id="sm-34e">
         <name>Interrupt_initModule</name>
         <value>0x82a2b</value>
         <object_component_ref idref="oc-9b"/>
      </symbol>
      <symbol id="sm-34f">
         <name>Interrupt_nmiHandler</name>
         <value>0x83216</value>
         <object_component_ref idref="oc-57"/>
      </symbol>
      <symbol id="sm-350">
         <name>Interrupt_enable</name>
         <value>0x82b0d</value>
         <object_component_ref idref="oc-cb"/>
      </symbol>
      <symbol id="sm-351">
         <name>Interrupt_initVectorTable</name>
         <value>0x82e7f</value>
         <object_component_ref idref="oc-46"/>
      </symbol>
      <symbol id="sm-352">
         <name>Interrupt_illegalOperationHandler</name>
         <value>0x8320c</value>
         <object_component_ref idref="oc-51"/>
      </symbol>
      <symbol id="sm-464">
         <name>SysCtl_isPLLValid</name>
         <value>0x82347</value>
         <object_component_ref idref="oc-205"/>
      </symbol>
      <symbol id="sm-465">
         <name>SysCtl_delay</name>
         <value>0x812a</value>
         <object_component_ref idref="oc-1f8"/>
      </symbol>
      <symbol id="sm-466">
         <name>SysCtl_selectXTALSingleEnded</name>
         <value>0x82d19</value>
         <object_component_ref idref="oc-300"/>
      </symbol>
      <symbol id="sm-467">
         <name>SysCtl_selectXTAL</name>
         <value>0x828df</value>
         <object_component_ref idref="oc-2fa"/>
      </symbol>
      <symbol id="sm-468">
         <name>SysCtl_selectOscSource</name>
         <value>0x82896</value>
         <object_component_ref idref="oc-1f9"/>
      </symbol>
      <symbol id="sm-469">
         <name>SysCtl_getLowSpeedClock</name>
         <value>0x82ed6</value>
         <object_component_ref idref="oc-135"/>
      </symbol>
      <symbol id="sm-46a">
         <name>SysCtl_setClock</name>
         <value>0x82224</value>
         <object_component_ref idref="oc-122"/>
      </symbol>
      <symbol id="sm-46b">
         <name>SysCtl_getClock</name>
         <value>0x826e9</value>
         <object_component_ref idref="oc-12e"/>
      </symbol>
      <symbol id="sm-475">
         <name>_c_int00</name>
         <value>0x82f96</value>
         <object_component_ref idref="oc-f2"/>
      </symbol>
      <symbol id="sm-476">
         <name>__stack</name>
         <value>0x400</value>
         <object_component_ref idref="oc-5d"/>
      </symbol>
      <symbol id="sm-483">
         <name>__c28xabi_divf</name>
         <value>0x82513</value>
         <object_component_ref idref="oc-308"/>
      </symbol>
      <symbol id="sm-495">
         <name>memcpy</name>
         <value>0x82e9d</value>
         <object_component_ref idref="oc-60"/>
      </symbol>
      <symbol id="sm-4a2">
         <name>_system_pre_init</name>
         <value>0x83261</value>
         <object_component_ref idref="oc-199"/>
      </symbol>
      <symbol id="sm-4b1">
         <name>__TI_auto_init_nobinit_nopinit</name>
         <value>0x82c9d</value>
         <object_component_ref idref="oc-2b2"/>
      </symbol>
      <symbol id="sm-4c0">
         <name>__TI_zero_init_nomemset</name>
         <value>0x831c6</value>
         <object_component_ref idref="oc-68"/>
      </symbol>
      <symbol id="sm-4cd">
         <name>__TI_decompress_none</name>
         <value>0x83233</value>
         <object_component_ref idref="oc-1b"/>
      </symbol>
      <symbol id="sm-4e1">
         <name>__TI_decompress_lzss</name>
         <value>0x82c17</value>
         <object_component_ref idref="oc-15"/>
      </symbol>
      <symbol id="sm-4f7">
         <name>C$$EXIT</name>
         <value>0x82cc8</value>
         <object_component_ref idref="oc-1a6"/>
      </symbol>
      <symbol id="sm-4f8">
         <name>abort</name>
         <value>0x82cc8</value>
         <object_component_ref idref="oc-1a6"/>
      </symbol>
      <symbol id="sm-4f9">
         <name>exit</name>
         <value>0x82cca</value>
         <object_component_ref idref="oc-1a6"/>
      </symbol>
      <symbol id="sm-4fa">
         <name>__TI_dtors_ptr</name>
         <value>0xa822</value>
         <object_component_ref idref="oc-2e4"/>
      </symbol>
      <symbol id="sm-4fb">
         <name>__TI_cleanup_ptr</name>
         <value>0xa820</value>
         <object_component_ref idref="oc-2e4"/>
      </symbol>
      <symbol id="sm-4fc">
         <name>__TI_enable_exit_profile_output</name>
         <value>0xa81e</value>
         <object_component_ref idref="oc-2e4"/>
      </symbol>
      <symbol id="sm-513">
         <name>_nop</name>
         <value>0x83232</value>
         <object_component_ref idref="oc-3a3"/>
      </symbol>
      <symbol id="sm-514">
         <name>_lock</name>
         <value>0xa824</value>
         <object_component_ref idref="oc-2e7"/>
      </symbol>
      <symbol id="sm-515">
         <name>_unlock</name>
         <value>0xa826</value>
         <object_component_ref idref="oc-3da"/>
      </symbol>
      <symbol id="sm-516">
         <name>_register_lock</name>
         <value>0x8322e</value>
         <object_component_ref idref="oc-3a3"/>
      </symbol>
      <symbol id="sm-517">
         <name>_register_unlock</name>
         <value>0x8322a</value>
         <object_component_ref idref="oc-3a3"/>
      </symbol>
      <symbol id="sm-526">
         <name>_args_main</name>
         <value>0x831df</value>
         <object_component_ref idref="oc-1a0"/>
      </symbol>
      <symbol id="sm-535">
         <name>_system_post_cinit</name>
         <value>0x83263</value>
         <object_component_ref idref="oc-389"/>
      </symbol>
      <symbol id="sm-537">
         <name>__c_args__</name>
         <value>0x0</value>
      </symbol>
   </symbol_table>
   <title>Link successful</title>
</link_info>
