******************************************************************************
             TMS320C2000 Linker PC v22.6.1                     
******************************************************************************
>> Linked Mon Jun 17 22:18:31 2024

OUTPUT FILE NAME:   <01_gpio_toggle.out>
ENTRY POINT SYMBOL: "code_start"  address: 00000000


MEMORY CONFIGURATION

         name            origin    length      used     unused   attr    fill
----------------------  --------  ---------  --------  --------  ----  --------
  RAMM0_BEGIN           00000000   00000002  00000002  00000000  RWIX
  RAMM0                 00000128   000002d8  00000016  000002c2  RWIX
  RAMM1                 00000400   000003f8  00000200  000001f8  RWIX
  CLATOCPU_MSGRAM       00001480   00000080  00000000  00000080  RWIX
  CPUTOCLA_MSGRAM       00001500   00000080  00000000  00000080  RWIX
  CLATODMA_MSGRAM       00001680   00000080  00000000  00000080  RWIX
  DMATOCLA_MSGRAM       00001700   00000080  00000000  00000080  RWIX
  RAMLS0                00008000   00000800  00000000  00000800  RWIX
  RAMLS1                00008800   00000800  00000000  00000800  RWIX
  RAMLS2                00009000   00000800  00000000  00000800  RWIX
  RAMLS3                00009800   00000800  00000000  00000800  RWIX
  RAMLS4                0000a000   00000800  00000248  000005b8  RWIX
  RAMLS5                0000a800   00000800  00000000  00000800  RWIX
  RAMLS6                0000b000   00000800  00000000  00000800  RWIX
  RAMLS7                0000b800   00000800  00000000  00000800  RWIX
  RAMGS0                0000c000   00001000  00000ee1  0000011f  RWIX
  RAMGS1                0000d000   00001000  00000000  00001000  RWIX
  RAMGS2                0000e000   00001000  00000000  00001000  RWIX
  RAMGS3                0000f000   00000ff8  00000000  00000ff8  RWIX
  FLASH_BANK0_SEC0      00080000   00001000  00000000  00001000  RWIX
  FLASH_BANK0_SEC1      00081000   00001000  00000000  00001000  RWIX
  FLASH_BANK0_SEC2      00082000   00001000  00000000  00001000  RWIX
  FLASH_BANK0_SEC3      00083000   00001000  00000000  00001000  RWIX
  FLASH_BANK0_SEC4      00084000   00001000  00000000  00001000  RWIX
  FLASH_BANK0_SEC5      00085000   00001000  00000000  00001000  RWIX
  FLASH_BANK0_SEC6      00086000   00001000  00000000  00001000  RWIX
  FLASH_BANK0_SEC7      00087000   00001000  00000000  00001000  RWIX
  FLASH_BANK0_SEC8      00088000   00001000  00000000  00001000  RWIX
  FLASH_BANK0_SEC9      00089000   00001000  00000000  00001000  RWIX
  FLASH_BANK0_SEC10     0008a000   00001000  00000000  00001000  RWIX
  FLASH_BANK0_SEC11     0008b000   00001000  00000000  00001000  RWIX
  FLASH_BANK0_SEC12     0008c000   00001000  00000000  00001000  RWIX
  FLASH_BANK0_SEC13     0008d000   00001000  00000000  00001000  RWIX
  FLASH_BANK0_SEC14     0008e000   00001000  00000000  00001000  RWIX
  FLASH_BANK0_SEC15     0008f000   00001000  00000000  00001000  RWIX
  FLASH_BANK1_SEC0      00090000   00001000  00000000  00001000  RWIX
  FLASH_BANK1_SEC1      00091000   00001000  00000000  00001000  RWIX
  FLASH_BANK1_SEC2      00092000   00001000  00000000  00001000  RWIX
  FLASH_BANK1_SEC3      00093000   00001000  00000000  00001000  RWIX
  FLASH_BANK1_SEC4      00094000   00001000  00000000  00001000  RWIX
  FLASH_BANK1_SEC5      00095000   00001000  00000000  00001000  RWIX
  FLASH_BANK1_SEC6      00096000   00001000  00000000  00001000  RWIX
  FLASH_BANK1_SEC7      00097000   00001000  00000000  00001000  RWIX
  FLASH_BANK1_SEC8      00098000   00001000  00000000  00001000  RWIX
  FLASH_BANK1_SEC9      00099000   00001000  00000000  00001000  RWIX
  FLASH_BANK1_SEC10     0009a000   00001000  00000000  00001000  RWIX
  FLASH_BANK1_SEC11     0009b000   00001000  00000000  00001000  RWIX
  FLASH_BANK1_SEC12     0009c000   00001000  00000000  00001000  RWIX
  FLASH_BANK1_SEC13     0009d000   00001000  00000000  00001000  RWIX
  FLASH_BANK1_SEC14     0009e000   00001000  00000000  00001000  RWIX
  FLASH_BANK1_SEC15     0009f000   00001000  00000000  00001000  RWIX
  FLASH_BANK2_SEC0      000a0000   00001000  00000000  00001000  RWIX
  FLASH_BANK2_SEC1      000a1000   00001000  00000000  00001000  RWIX
  FLASH_BANK2_SEC2      000a2000   00001000  00000000  00001000  RWIX
  FLASH_BANK2_SEC3      000a3000   00001000  00000000  00001000  RWIX
  FLASH_BANK2_SEC4      000a4000   00001000  00000000  00001000  RWIX
  FLASH_BANK2_SEC5      000a5000   00001000  00000000  00001000  RWIX
  FLASH_BANK2_SEC6      000a6000   00001000  00000000  00001000  RWIX
  FLASH_BANK2_SEC7      000a7000   00001000  00000000  00001000  RWIX
  FLASH_BANK2_SEC8      000a8000   00001000  00000000  00001000  RWIX
  FLASH_BANK2_SEC9      000a9000   00001000  00000000  00001000  RWIX
  FLASH_BANK2_SEC10     000aa000   00001000  00000000  00001000  RWIX
  FLASH_BANK2_SEC11     000ab000   00001000  00000000  00001000  RWIX
  FLASH_BANK2_SEC12     000ac000   00001000  00000000  00001000  RWIX
  FLASH_BANK2_SEC13     000ad000   00001000  00000000  00001000  RWIX
  FLASH_BANK2_SEC14     000ae000   00001000  00000000  00001000  RWIX
  FLASH_BANK2_SEC15     000af000   00000ff0  00000000  00000ff0  RWIX
  RESET                 003fffc0   00000002  00000000  00000002  RWIX


SECTION ALLOCATION MAP

 output                                  attributes/
section   page    origin      length       input sections
--------  ----  ----------  ----------   ----------------
.reset     0    003fffc0    00000000     DSECT

codestart 
*          0    00000000    00000002     
                  00000000    00000002     f28003x_codestartbranch.obj (codestart)

.TI.ramfunc 
*          0    00000128    00000004     
                  00000128    00000004     driverlib.lib : sysctl.obj (.TI.ramfunc)

.cinit     0    0000012c    00000012     
                  0000012c    00000009     (.cinit..data.load) [load image, compression = lzss]
                  00000135    00000001     --HOLE-- [fill = 0]
                  00000136    00000004     (__TI_handler_table)
                  0000013a    00000004     (__TI_cinit_table)

.stack     0    00000400    00000200     UNINITIALIZED
                  00000400    00000200     --HOLE--

.init_array 
*          0    00000128    00000000     UNINITIALIZED

.const     0    0000a000    0000023e     
                  0000a000    0000009a     driverlib.lib : sysctl.obj (.const:.string)
                  0000a09a    00000098                   : gpio.obj (.const:.string)
                  0000a132    0000008e     device.obj (.const:.string)
                  0000a1c0    00000040     board.obj (.const:.string)
                  0000a200    0000003e     01_gpio_toggle.obj (.const:.string)

.data      0    0000a23e    0000000a     UNINITIALIZED
                  0000a23e    00000002     rts2800_fpu32_eabi.lib : _lock.c.obj (.data:_lock)
                  0000a240    00000006                            : exit.c.obj (.data)
                  0000a246    00000002                            : _lock.c.obj (.data:_unlock)

.text      0    0000c000    00000ee1     
                  0000c000    0000042e     board.obj (.text:SYSCTL_init)
                  0000c42e    00000123     driverlib.lib : sysctl.obj (.text:SysCtl_setClock)
                  0000c551    000000fe                   : sysctl.obj (.text:SysCtl_isPLLValid)
                  0000c64f    00000088     rts2800_fpu32_eabi.lib : fs_div28.asm.obj (.text)
                  0000c6d7    00000073     driverlib.lib : sysctl.obj (.text:DCC_setCounterSeeds)
                  0000c74a    0000006a                   : gpio.obj (.text:GPIO_setAnalogMode)
                  0000c7b4    00000065                   : sysctl.obj (.text:SysCtl_getClock)
                  0000c819    00000052                   : gpio.obj (.text:GPIO_setPadConfig)
                  0000c86b    00000049                   : sysctl.obj (.text:SysCtl_selectOscSource)
                  0000c8b4    00000046                   : sysctl.obj (.text:SysCtl_selectXTAL)
                  0000c8fa    00000045     device.obj (.text:Device_init)
                  0000c93f    00000045     driverlib.lib : sysctl.obj (.text:SysCtl_pollX1Counter)
                  0000c984    0000003d                   : interrupt.obj (.text:Interrupt_initModule)
                  0000c9c1    00000037                   : gpio.obj (.text:GPIO_setControllerCore)
                  0000c9f8    00000037                   : gpio.obj (.text:GPIO_setPinConfig)
                  0000ca2f    00000037                   : gpio.obj (.text:GPIO_setQualificationMode)
                  0000ca66    00000031                   : gpio.obj (.text:GPIO_setDirectionMode)
                  0000ca97    00000030     rts2800_fpu32_eabi.lib : copy_decompress_lzss.c.obj (.text:decompress:lzss)
                  0000cac7    0000002b                            : autoinit.c.obj (.text:__TI_auto_init_nobinit_nopinit)
                  0000caf2    00000029                            : exit.c.obj (.text)
                  0000cb1b    00000027     device.obj (.text:CAN_selectClockSource)
                  0000cb42    00000025     driverlib.lib : sysctl.obj (.text:SysCtl_configureType)
                  0000cb67    00000025                   : sysctl.obj (.text:SysCtl_selectXTALSingleEnded)
                  0000cb8c    00000024                   : sysctl.obj (.text:DCC_enableSingleShotMode)
                  0000cbb0    0000001f     01_gpio_toggle.obj (.text:GPIO_togglePin)
                  0000cbcf    0000001e     driverlib.lib : sysctl.obj (.text:DCC_setCounter0ClkSource)
                  0000cbed    0000001e                   : sysctl.obj (.text:DCC_setCounter1ClkSource)
                  0000cc0b    0000001e                   : interrupt.obj (.text:Interrupt_initVectorTable)
                  0000cc29    0000001d     rts2800_fpu32_eabi.lib : memcpy.c.obj (.text)
                  0000cc46    0000001b     board.obj (.text:SysCtl_setStandbyQualificationPeriod)
                  0000cc61    0000001a     driverlib.lib : sysctl.obj (.text:SysCtl_getLowSpeedClock)
                  0000cc7b    00000019                   : sysctl.obj (.text:SysCtl_setPLLSysClk)
                  0000cc94    00000018     board.obj (.text:SysCtl_disablePeripheral)
                  0000ccac    00000017     board.obj (.text:SysCtl_enablePeripheral)
                  0000ccc3    00000017     driverlib.lib : sysctl.obj (.text:SysCtl_enablePeripheral)
                  0000ccda    00000017     rts2800_fpu32_eabi.lib : boot28.asm.obj (.text)
                  0000ccf1    00000016     driverlib.lib : sysctl.obj (.text:DCC_disableDoneSignal)
                  0000cd07    00000016                   : interrupt.obj (.text:Interrupt_defaultHandler)
                  0000cd1d    00000015                   : sysctl.obj (.text:DCC_clearDoneFlag)
                  0000cd32    00000015                   : sysctl.obj (.text:DCC_clearErrorFlag)
                  0000cd47    00000015                   : sysctl.obj (.text:DCC_disableErrorSignal)
                  0000cd5c    00000015                   : sysctl.obj (.text:DCC_isBaseValid)
                  0000cd71    00000014                   : sysctl.obj (.text:DCC_disableModule)
                  0000cd85    00000014                   : sysctl.obj (.text:DCC_enableModule)
                  0000cd99    00000014     01_gpio_toggle.obj (.text:GPIO_isPinValid)
                  0000cdad    00000014     driverlib.lib : gpio.obj (.text:GPIO_isPinValid)
                  0000cdc1    00000014     board.obj (.text:SysCtl_selectErrPinPolarity)
                  0000cdd5    00000014     board.obj (.text:SysCtl_setPeripheralAccessControl)
                  0000cde9    00000014     01_gpio_toggle.obj (.text:main)
                  0000cdfd    00000014     board.obj (.text:myGPIOOutput33_init)
                  0000ce11    00000012     device.obj (.text:SysCtl_setMCANClk)
                  0000ce23    00000010     device.obj (.text:CAN_isBaseValid)
                  0000ce33    0000000d     driverlib.lib : interrupt.obj (.text:Interrupt_disableGlobal)
                  0000ce40    0000000d     01_gpio_toggle.obj (.text:Interrupt_enableGlobal)
                  0000ce4d    0000000d     device.obj (.text:SysCtl_setLowSpeedClock)
                  0000ce5a    0000000c     rts2800_fpu32_eabi.lib : args_main.c.obj (.text)
                  0000ce66    0000000b     device.obj (.text:SysCtl_disableWatchdog)
                  0000ce71    0000000b     driverlib.lib : sysctl.obj (.text:SysCtl_isMCDClockFailureDetected)
                  0000ce7c    0000000a                   : interrupt.obj (.text:Interrupt_illegalOperationHandler)
                  0000ce86    0000000a                   : interrupt.obj (.text:Interrupt_nmiHandler)
                  0000ce90    00000009     board.obj (.text:Board_init)
                  0000ce99    00000009     rts2800_fpu32_eabi.lib : _lock.c.obj (.text)
                  0000cea2    00000008                            : copy_decompress_none.c.obj (.text:decompress:none)
                  0000ceaa    00000008     f28003x_codestartbranch.obj (.text)
                  0000ceb2    00000007     device.obj (.text:ASysCtl_lockVREG)
                  0000ceb9    00000007     board.obj (.text:SysCtl_disableMCD)
                  0000cec0    00000007     driverlib.lib : sysctl.obj (.text:SysCtl_resetMCD)
                  0000cec7    00000007     device.obj (.text:__error__)
                  0000cece    00000005     board.obj (.text:PinMux_init)
                  0000ced3    00000004     device.obj (.text:SysCtl_deviceCal)
                  0000ced7    00000003     device_cmd.obj (.text:CMD_init)
                  0000ceda    00000003     board.obj (.text:GPIO_init)
                  0000cedd    00000002     rts2800_fpu32_eabi.lib : pre_init.c.obj (.text)
                  0000cedf    00000001     device_cmd.obj (.text:generic_ram_lnk_init)
                  0000cee0    00000001     rts2800_fpu32_eabi.lib : startup.c.obj (.text)

MODULE SUMMARY

       Module                        code   ro data   rw data
       ------                        ----   -------   -------
    .\
       01_gpio_toggle.obj            84     62        0      
       f28003x_codestartbranch.obj   10     0         0      
    +--+-----------------------------+------+---------+---------+
       Total:                        94     62        0      
                                                             
    .\syscfg\
       board.obj                     1228   64        0      
       device.obj                    184    142       0      
       device_cmd.obj                4      0         0      
    +--+-----------------------------+------+---------+---------+
       Total:                        1416   206       0      
                                                             
    C:/ti/C2000Ware_5_02_00_00/driverlib/f28003x/driverlib/ccs/Debug/driverlib.lib
       sysctl.obj                    1385   154       0      
       gpio.obj                      422    152       0      
       interrupt.obj                 146    0         0      
    +--+-----------------------------+------+---------+---------+
       Total:                        1953   306       0      
                                                             
    C:\ti\ccs1271\ccs\tools\compiler\ti-cgt-c2000_22.6.1.LTS\lib\rts2800_fpu32_eabi.lib
       fs_div28.asm.obj              136    0         0      
       copy_decompress_lzss.c.obj    48     0         0      
       exit.c.obj                    41     0         6      
       autoinit.c.obj                43     0         0      
       memcpy.c.obj                  29     0         0      
       boot28.asm.obj                23     0         0      
       _lock.c.obj                   9      0         4      
       args_main.c.obj               12     0         0      
       copy_decompress_none.c.obj    8      0         0      
       pre_init.c.obj                2      0         0      
       startup.c.obj                 1      0         0      
    +--+-----------------------------+------+---------+---------+
       Total:                        352    0         10     
                                                             
       Stack:                        0      0         512    
       Linker Generated:             0      17        0      
    +--+-----------------------------+------+---------+---------+
       Grand Total:                  3815   591       522    


LINKER GENERATED COPY TABLES

__TI_cinit_table @ 0000013a records: 1, size/record: 4, table size: 4
	.data: load addr=0000012c, load size=00000009 bytes, run addr=0000a23e, run size=0000000a bytes, compression=lzss


LINKER GENERATED HANDLER TABLE

__TI_handler_table @ 00000136 records: 2, size/record: 2, table size: 4
	index: 0, handler: __TI_decompress_lzss
	index: 1, handler: __TI_decompress_none


GLOBAL DATA SYMBOLS: SORTED BY DATA PAGE

address     data page           name
--------    ----------------    ----
00000400      10 (00000400)     __stack

0000a23e     288 (0000a200)     _lock

0000a240     289 (0000a240)     __TI_enable_exit_profile_output
0000a242     289 (0000a240)     __TI_cleanup_ptr
0000a244     289 (0000a240)     __TI_dtors_ptr
0000a246     289 (0000a240)     _unlock


GLOBAL SYMBOLS: SORTED ALPHABETICALLY BY Name 

page  address   name                             
----  -------   ----                             
0     0000ce90  Board_init                       
0     0000caf2  C$$EXIT                          
0     0000ced7  CMD_init                         
0     0000c8fa  Device_init                      
0     0000ceda  GPIO_init                        
0     0000c74a  GPIO_setAnalogMode               
0     0000c9c1  GPIO_setControllerCore           
0     0000ca66  GPIO_setDirectionMode            
0     0000c819  GPIO_setPadConfig                
0     0000c9f8  GPIO_setPinConfig                
0     0000ca2f  GPIO_setQualificationMode        
0     0000cd07  Interrupt_defaultHandler         
0     0000ce7c  Interrupt_illegalOperationHandler
0     0000c984  Interrupt_initModule             
0     0000cc0b  Interrupt_initVectorTable        
0     0000ce86  Interrupt_nmiHandler             
0     0000cece  PinMux_init                      
0     0000c000  SYSCTL_init                      
0     0000cb42  SysCtl_configureType             
0     00000128  SysCtl_delay                     
0     0000c7b4  SysCtl_getClock                  
0     0000cc61  SysCtl_getLowSpeedClock          
0     0000c551  SysCtl_isPLLValid                
0     0000c86b  SysCtl_selectOscSource           
0     0000c8b4  SysCtl_selectXTAL                
0     0000cb67  SysCtl_selectXTALSingleEnded     
0     0000c42e  SysCtl_setClock                  
0     0000013a  __TI_CINIT_Base                  
0     0000013e  __TI_CINIT_Limit                 
0     0000013e  __TI_CINIT_Warm                  
0     00000136  __TI_Handler_Table_Base          
0     0000013a  __TI_Handler_Table_Limit         
0     00000600  __TI_STACK_END                   
abs   00000200  __TI_STACK_SIZE                  
0     0000cac7  __TI_auto_init_nobinit_nopinit   
0     0000a242  __TI_cleanup_ptr                 
0     0000ca97  __TI_decompress_lzss             
0     0000cea2  __TI_decompress_none             
0     0000a244  __TI_dtors_ptr                   
0     0000a240  __TI_enable_exit_profile_output  
abs   ffffffff  __TI_pprof_out_hndl              
abs   ffffffff  __TI_prof_data_size              
abs   ffffffff  __TI_prof_data_start             
0     0000c64f  __c28xabi_divf                   
n/a   UNDEFED   __c_args__                       
0     0000cec7  __error__                        
0     00000400  __stack                          
0     0000ce5a  _args_main                       
0     0000ccda  _c_int00                         
0     0000a23e  _lock                            
0     0000cea1  _nop                             
0     0000ce9d  _register_lock                   
0     0000ce99  _register_unlock                 
0     0000cee0  _system_post_cinit               
0     0000cedd  _system_pre_init                 
0     0000a246  _unlock                          
0     0000caf2  abort                            
0     00000000  code_start                       
0     0000caf4  exit                             
0     0000cedf  generic_ram_lnk_init             
0     0000cde9  main                             
0     0000cc29  memcpy                           
0     0000cdfd  myGPIOOutput33_init              


GLOBAL SYMBOLS: SORTED BY Symbol Address 

page  address   name                             
----  -------   ----                             
0     00000000  code_start                       
0     00000128  SysCtl_delay                     
0     00000136  __TI_Handler_Table_Base          
0     0000013a  __TI_CINIT_Base                  
0     0000013a  __TI_Handler_Table_Limit         
0     0000013e  __TI_CINIT_Limit                 
0     0000013e  __TI_CINIT_Warm                  
0     00000400  __stack                          
0     00000600  __TI_STACK_END                   
0     0000a23e  _lock                            
0     0000a240  __TI_enable_exit_profile_output  
0     0000a242  __TI_cleanup_ptr                 
0     0000a244  __TI_dtors_ptr                   
0     0000a246  _unlock                          
0     0000c000  SYSCTL_init                      
0     0000c42e  SysCtl_setClock                  
0     0000c551  SysCtl_isPLLValid                
0     0000c64f  __c28xabi_divf                   
0     0000c74a  GPIO_setAnalogMode               
0     0000c7b4  SysCtl_getClock                  
0     0000c819  GPIO_setPadConfig                
0     0000c86b  SysCtl_selectOscSource           
0     0000c8b4  SysCtl_selectXTAL                
0     0000c8fa  Device_init                      
0     0000c984  Interrupt_initModule             
0     0000c9c1  GPIO_setControllerCore           
0     0000c9f8  GPIO_setPinConfig                
0     0000ca2f  GPIO_setQualificationMode        
0     0000ca66  GPIO_setDirectionMode            
0     0000ca97  __TI_decompress_lzss             
0     0000cac7  __TI_auto_init_nobinit_nopinit   
0     0000caf2  C$$EXIT                          
0     0000caf2  abort                            
0     0000caf4  exit                             
0     0000cb42  SysCtl_configureType             
0     0000cb67  SysCtl_selectXTALSingleEnded     
0     0000cc0b  Interrupt_initVectorTable        
0     0000cc29  memcpy                           
0     0000cc61  SysCtl_getLowSpeedClock          
0     0000ccda  _c_int00                         
0     0000cd07  Interrupt_defaultHandler         
0     0000cde9  main                             
0     0000cdfd  myGPIOOutput33_init              
0     0000ce5a  _args_main                       
0     0000ce7c  Interrupt_illegalOperationHandler
0     0000ce86  Interrupt_nmiHandler             
0     0000ce90  Board_init                       
0     0000ce99  _register_unlock                 
0     0000ce9d  _register_lock                   
0     0000cea1  _nop                             
0     0000cea2  __TI_decompress_none             
0     0000cec7  __error__                        
0     0000cece  PinMux_init                      
0     0000ced7  CMD_init                         
0     0000ceda  GPIO_init                        
0     0000cedd  _system_pre_init                 
0     0000cedf  generic_ram_lnk_init             
0     0000cee0  _system_post_cinit               
abs   00000200  __TI_STACK_SIZE                  
abs   ffffffff  __TI_pprof_out_hndl              
abs   ffffffff  __TI_prof_data_size              
abs   ffffffff  __TI_prof_data_start             
n/a   UNDEFED   __c_args__                       

[63 symbols]
