******************************************************************************
             TMS320C2000 Linker PC v22.6.1                     
******************************************************************************
>> Linked Tue Jun 18 03:24:47 2024

OUTPUT FILE NAME:   <01_gpio_toggle.out>
ENTRY POINT SYMBOL: "code_start"  address: 00080000


MEMORY CONFIGURATION

         name            origin    length      used     unused   attr    fill
----------------------  --------  ---------  --------  --------  ----  --------
  RAMM0                 00000128   000002d8  00000000  000002d8  RWIX
  RAMM1                 00000400   000003f8  00000200  000001f8  RWIX
  CLATOCPU_MSGRAM       00001480   00000080  00000000  00000080  RWIX
  CPUTOCLA_MSGRAM       00001500   00000080  00000000  00000080  RWIX
  CLATODMA_MSGRAM       00001680   00000080  00000000  00000080  RWIX
  DMATOCLA_MSGRAM       00001700   00000080  00000000  00000080  RWIX
  RAMLS0                00008000   00000800  00000000  00000800  RWIX
  RAMLS1                00008800   00000800  00000000  00000800  RWIX
  RAMLS2                00009000   00000800  00000000  00000800  RWIX
  RAMLS3                00009800   00000800  00000000  00000800  RWIX
  RAMLS4                0000a000   00000800  00000000  00000800  RWIX
  RAMLS5                0000a800   00000800  0000000a  000007f6  RWIX
  RAMLS6                0000b000   00000800  00000000  00000800  RWIX
  RAMLS7                0000b800   00000800  00000000  00000800  RWIX
  RAMGS0                0000c000   00001000  00000000  00001000  RWIX
  RAMGS1                0000d000   00001000  00000000  00001000  RWIX
  RAMGS2                0000e000   00001000  00000000  00001000  RWIX
  RAMGS3                0000f000   00000ff8  00000000  00000ff8  RWIX
  FLASH_BANK0_SEC0      00080000   00001000  00000002  00000ffe  RWIX
  FLASH_BANK0_SEC1      00081000   00001000  00000140  00000ec0  RWIX
  FLASH_BANK0_SEC2      00082000   00001000  00000f00  00000100  RWIX
  FLASH_BANK0_SEC3      00083000   00001000  00000000  00001000  RWIX
  FLASH_BANK0_SEC4      00084000   00001000  000002da  00000d26  RWIX
  FLASH_BANK0_SEC5      00085000   00001000  00000000  00001000  RWIX
  FLASH_BANK0_SEC6      00086000   00001000  00000000  00001000  RWIX
  FLASH_BANK0_SEC7      00087000   00001000  00000000  00001000  RWIX
  FLASH_BANK0_SEC8      00088000   00001000  00000000  00001000  RWIX
  FLASH_BANK0_SEC9      00089000   00001000  00000000  00001000  RWIX
  FLASH_BANK0_SEC10     0008a000   00001000  00000000  00001000  RWIX
  FLASH_BANK0_SEC11     0008b000   00001000  00000000  00001000  RWIX
  FLASH_BANK0_SEC12     0008c000   00001000  00000000  00001000  RWIX
  FLASH_BANK0_SEC13     0008d000   00001000  00000000  00001000  RWIX
  FLASH_BANK0_SEC14     0008e000   00001000  00000000  00001000  RWIX
  FLASH_BANK0_SEC15     0008f000   00001000  00000000  00001000  RWIX
  FLASH_BANK1_SEC0      00090000   00001000  00000000  00001000  RWIX
  FLASH_BANK1_SEC1      00091000   00001000  00000000  00001000  RWIX
  FLASH_BANK1_SEC2      00092000   00001000  00000000  00001000  RWIX
  FLASH_BANK1_SEC3      00093000   00001000  00000000  00001000  RWIX
  FLASH_BANK1_SEC4      00094000   00001000  00000000  00001000  RWIX
  FLASH_BANK1_SEC5      00095000   00001000  00000000  00001000  RWIX
  FLASH_BANK1_SEC6      00096000   00001000  00000000  00001000  RWIX
  FLASH_BANK1_SEC7      00097000   00001000  00000000  00001000  RWIX
  FLASH_BANK1_SEC8      00098000   00001000  00000000  00001000  RWIX
  FLASH_BANK1_SEC9      00099000   00001000  00000000  00001000  RWIX
  FLASH_BANK1_SEC10     0009a000   00001000  00000000  00001000  RWIX
  FLASH_BANK1_SEC11     0009b000   00001000  00000000  00001000  RWIX
  FLASH_BANK1_SEC12     0009c000   00001000  00000000  00001000  RWIX
  FLASH_BANK1_SEC13     0009d000   00001000  00000000  00001000  RWIX
  FLASH_BANK1_SEC14     0009e000   00001000  00000000  00001000  RWIX
  FLASH_BANK1_SEC15     0009f000   00001000  00000000  00001000  RWIX
  FLASH_BANK2_SEC0      000a0000   00001000  00000000  00001000  RWIX
  FLASH_BANK2_SEC1      000a1000   00001000  00000000  00001000  RWIX
  FLASH_BANK2_SEC2      000a2000   00001000  00000000  00001000  RWIX
  FLASH_BANK2_SEC3      000a3000   00001000  00000000  00001000  RWIX
  FLASH_BANK2_SEC4      000a4000   00001000  00000000  00001000  RWIX
  FLASH_BANK2_SEC5      000a5000   00001000  00000000  00001000  RWIX
  FLASH_BANK2_SEC6      000a6000   00001000  00000000  00001000  RWIX
  FLASH_BANK2_SEC7      000a7000   00001000  00000000  00001000  RWIX
  FLASH_BANK2_SEC8      000a8000   00001000  00000000  00001000  RWIX
  FLASH_BANK2_SEC9      000a9000   00001000  00000000  00001000  RWIX
  FLASH_BANK2_SEC10     000aa000   00001000  00000000  00001000  RWIX
  FLASH_BANK2_SEC11     000ab000   00001000  00000000  00001000  RWIX
  FLASH_BANK2_SEC12     000ac000   00001000  00000000  00001000  RWIX
  FLASH_BANK2_SEC13     000ad000   00001000  00000000  00001000  RWIX
  FLASH_BANK2_SEC14     000ae000   00001000  00000000  00001000  RWIX
  FLASH_BANK2_SEC15     000af000   00000ff0  00000000  00000ff0  RWIX
  RESET                 003fffc0   00000002  00000000  00000002  RWIX


SECTION ALLOCATION MAP

 output                                  attributes/
section   page    origin      length       input sections
--------  ----  ----------  ----------   ----------------
.reset     0    003fffc0    00000000     DSECT

.stack     0    00000400    00000200     UNINITIALIZED
                  00000400    00000200     --HOLE--

codestart 
*          0    00080000    00000002     
                  00080000    00000002     f28003x_codestartbranch.obj (codestart)

.TI.ramfunc 
*          0    00081000    0000012e     
                  00081000    00000049     driverlib.lib : flash.obj (.TI.ramfunc:Flash_initModule)
                  00081049    0000002c                   : flash.obj (.TI.ramfunc:Flash_setBankPowerMode)
                  00081075    00000024                   : flash.obj (.TI.ramfunc:Flash_setWaitstates)
                  00081099    0000001d                   : flash.obj (.TI.ramfunc:Flash_setPumpPowerMode)
                  000810b6    00000018                   : flash.obj (.TI.ramfunc:Flash_disableCache)
                  000810ce    00000018                   : flash.obj (.TI.ramfunc:Flash_disablePrefetch)
                  000810e6    00000017                   : flash.obj (.TI.ramfunc:Flash_enableCache)
                  000810fd    00000017                   : flash.obj (.TI.ramfunc:Flash_enablePrefetch)
                  00081114    00000016                   : flash.obj (.TI.ramfunc:Flash_enableECC)
                  0008112a    00000004                   : sysctl.obj (.TI.ramfunc)

.data      0    0000a800    0000000a     UNINITIALIZED
                  0000a800    00000006     rts2800_fpu32_eabi.lib : exit.c.obj (.data)
                  0000a806    00000002                            : _lock.c.obj (.data:_lock)
                  0000a808    00000002                            : _lock.c.obj (.data:_unlock)

.cinit     0    00081130    00000012     
                  00081130    00000009     (.cinit..data.load) [load image, compression = lzss]
                  00081139    00000001     --HOLE-- [fill = 0]
                  0008113a    00000004     (__TI_handler_table)
                  0008113e    00000004     (__TI_cinit_table)

.init_array 
*          0    00081000    00000000     UNINITIALIZED

.const     0    00084000    000002da     
                  00084000    0000009b     driverlib.lib : flash.obj (.const:.string)
                  0008409b    00000001     --HOLE-- [fill = 0]
                  0008409c    0000009a                   : sysctl.obj (.const:.string)
                  00084136    00000098                   : gpio.obj (.const:.string)
                  000841ce    0000008e     device.obj (.const:.string)
                  0008425c    00000040     board.obj (.const:.string)
                  0008429c    0000003e     01_gpio_toggle.obj (.const:.string)

.text      0    00082000    00000f00     
                  00082000    0000042e     board.obj (.text:SYSCTL_init)
                  0008242e    00000123     driverlib.lib : sysctl.obj (.text:SysCtl_setClock)
                  00082551    000000fe                   : sysctl.obj (.text:SysCtl_isPLLValid)
                  0008264f    00000088     rts2800_fpu32_eabi.lib : fs_div28.asm.obj (.text)
                  000826d7    00000073     driverlib.lib : sysctl.obj (.text:DCC_setCounterSeeds)
                  0008274a    0000006a                   : gpio.obj (.text:GPIO_setAnalogMode)
                  000827b4    00000065                   : sysctl.obj (.text:SysCtl_getClock)
                  00082819    00000052                   : gpio.obj (.text:GPIO_setPadConfig)
                  0008286b    0000004e     device.obj (.text:Device_init)
                  000828b9    00000049     driverlib.lib : sysctl.obj (.text:SysCtl_selectOscSource)
                  00082902    00000046                   : sysctl.obj (.text:SysCtl_selectXTAL)
                  00082948    00000045                   : sysctl.obj (.text:SysCtl_pollX1Counter)
                  0008298d    0000003d                   : interrupt.obj (.text:Interrupt_initModule)
                  000829ca    00000037                   : gpio.obj (.text:GPIO_setControllerCore)
                  00082a01    00000037                   : gpio.obj (.text:GPIO_setPinConfig)
                  00082a38    00000037                   : gpio.obj (.text:GPIO_setQualificationMode)
                  00082a6f    00000031                   : gpio.obj (.text:GPIO_setDirectionMode)
                  00082aa0    00000030     rts2800_fpu32_eabi.lib : copy_decompress_lzss.c.obj (.text:decompress:lzss)
                  00082ad0    0000002b                            : autoinit.c.obj (.text:__TI_auto_init_nobinit_nopinit)
                  00082afb    00000029                            : exit.c.obj (.text)
                  00082b24    00000027     device.obj (.text:CAN_selectClockSource)
                  00082b4b    00000025     driverlib.lib : sysctl.obj (.text:SysCtl_configureType)
                  00082b70    00000025                   : sysctl.obj (.text:SysCtl_selectXTALSingleEnded)
                  00082b95    00000024                   : sysctl.obj (.text:DCC_enableSingleShotMode)
                  00082bb9    0000001f     01_gpio_toggle.obj (.text:GPIO_togglePin)
                  00082bd8    0000001e     driverlib.lib : sysctl.obj (.text:DCC_setCounter0ClkSource)
                  00082bf6    0000001e                   : sysctl.obj (.text:DCC_setCounter1ClkSource)
                  00082c14    0000001e                   : interrupt.obj (.text:Interrupt_initVectorTable)
                  00082c32    0000001d     rts2800_fpu32_eabi.lib : memcpy.c.obj (.text)
                  00082c4f    0000001b     board.obj (.text:SysCtl_setStandbyQualificationPeriod)
                  00082c6a    0000001a     driverlib.lib : sysctl.obj (.text:SysCtl_getLowSpeedClock)
                  00082c84    00000019                   : sysctl.obj (.text:SysCtl_setPLLSysClk)
                  00082c9d    00000018     board.obj (.text:SysCtl_disablePeripheral)
                  00082cb5    00000017     board.obj (.text:SysCtl_enablePeripheral)
                  00082ccc    00000017     driverlib.lib : sysctl.obj (.text:SysCtl_enablePeripheral)
                  00082ce3    00000017     rts2800_fpu32_eabi.lib : boot28.asm.obj (.text)
                  00082cfa    00000016     driverlib.lib : sysctl.obj (.text:DCC_disableDoneSignal)
                  00082d10    00000016                   : interrupt.obj (.text:Interrupt_defaultHandler)
                  00082d26    00000015                   : sysctl.obj (.text:DCC_clearDoneFlag)
                  00082d3b    00000015                   : sysctl.obj (.text:DCC_clearErrorFlag)
                  00082d50    00000015                   : sysctl.obj (.text:DCC_disableErrorSignal)
                  00082d65    00000015                   : sysctl.obj (.text:DCC_isBaseValid)
                  00082d7a    00000014                   : sysctl.obj (.text:DCC_disableModule)
                  00082d8e    00000014                   : sysctl.obj (.text:DCC_enableModule)
                  00082da2    00000014     01_gpio_toggle.obj (.text:GPIO_isPinValid)
                  00082db6    00000014     driverlib.lib : gpio.obj (.text:GPIO_isPinValid)
                  00082dca    00000014     board.obj (.text:SysCtl_selectErrPinPolarity)
                  00082dde    00000014     board.obj (.text:SysCtl_setPeripheralAccessControl)
                  00082df2    00000014     board.obj (.text:myGPIOOutput33_init)
                  00082e06    00000012     device.obj (.text:SysCtl_setMCANClk)
                  00082e18    00000010     device.obj (.text:CAN_isBaseValid)
                  00082e28    00000010     driverlib.lib : flash.obj (.text:Flash_isCtrlBaseValid)
                  00082e38    00000010                   : flash.obj (.text:Flash_isECCBaseValid)
                  00082e48    0000000e     01_gpio_toggle.obj (.text:main)
                  00082e56    0000000d     driverlib.lib : interrupt.obj (.text:Interrupt_disableGlobal)
                  00082e63    0000000d     01_gpio_toggle.obj (.text:Interrupt_enableGlobal)
                  00082e70    0000000d     device.obj (.text:SysCtl_setLowSpeedClock)
                  00082e7d    0000000c     rts2800_fpu32_eabi.lib : args_main.c.obj (.text)
                  00082e89    0000000b     device.obj (.text:SysCtl_disableWatchdog)
                  00082e94    0000000b     driverlib.lib : sysctl.obj (.text:SysCtl_isMCDClockFailureDetected)
                  00082e9f    0000000a                   : interrupt.obj (.text:Interrupt_illegalOperationHandler)
                  00082ea9    0000000a                   : interrupt.obj (.text:Interrupt_nmiHandler)
                  00082eb3    00000009     board.obj (.text:Board_init)
                  00082ebc    00000009     rts2800_fpu32_eabi.lib : _lock.c.obj (.text)
                  00082ec5    00000008                            : copy_decompress_none.c.obj (.text:decompress:none)
                  00082ecd    00000008     f28003x_codestartbranch.obj (.text)
                  00082ed5    00000007     device.obj (.text:ASysCtl_lockVREG)
                  00082edc    00000007     board.obj (.text:SysCtl_disableMCD)
                  00082ee3    00000007     driverlib.lib : sysctl.obj (.text:SysCtl_resetMCD)
                  00082eea    00000007     device.obj (.text:__error__)
                  00082ef1    00000005     board.obj (.text:PinMux_init)
                  00082ef6    00000003     device_cmd.obj (.text:CMD_init)
                  00082ef9    00000003     board.obj (.text:GPIO_init)
                  00082efc    00000002     rts2800_fpu32_eabi.lib : pre_init.c.obj (.text)
                  00082efe    00000001     device_cmd.obj (.text:generic_flash_lnk_init)
                  00082eff    00000001     rts2800_fpu32_eabi.lib : startup.c.obj (.text)

MODULE SUMMARY

       Module                        code   ro data   rw data
       ------                        ----   -------   -------
    .\
       01_gpio_toggle.obj            78     62        0      
       f28003x_codestartbranch.obj   10     0         0      
    +--+-----------------------------+------+---------+---------+
       Total:                        88     62        0      
                                                             
    .\syscfg\
       board.obj                     1228   64        0      
       device.obj                    189    142       0      
       device_cmd.obj                4      0         0      
    +--+-----------------------------+------+---------+---------+
       Total:                        1421   206       0      
                                                             
    C:/ti/C2000Ware_5_02_00_00/driverlib/f28003x/driverlib/ccs/Debug/driverlib.lib
       sysctl.obj                    1385   154       0      
       gpio.obj                      422    152       0      
       flash.obj                     330    155       0      
       interrupt.obj                 146    0         0      
    +--+-----------------------------+------+---------+---------+
       Total:                        2283   461       0      
                                                             
    C:\ti\ccs1271\ccs\tools\compiler\ti-cgt-c2000_22.6.1.LTS\lib\rts2800_fpu32_eabi.lib
       fs_div28.asm.obj              136    0         0      
       copy_decompress_lzss.c.obj    48     0         0      
       exit.c.obj                    41     0         6      
       autoinit.c.obj                43     0         0      
       memcpy.c.obj                  29     0         0      
       boot28.asm.obj                23     0         0      
       _lock.c.obj                   9      0         4      
       args_main.c.obj               12     0         0      
       copy_decompress_none.c.obj    8      0         0      
       pre_init.c.obj                2      0         0      
       startup.c.obj                 1      0         0      
    +--+-----------------------------+------+---------+---------+
       Total:                        352    0         10     
                                                             
       Stack:                        0      0         512    
       Linker Generated:             0      17        0      
    +--+-----------------------------+------+---------+---------+
       Grand Total:                  4144   746       522    


LINKER GENERATED COPY TABLES

__TI_cinit_table @ 0008113e records: 1, size/record: 4, table size: 4
	.data: load addr=00081130, load size=00000009 bytes, run addr=0000a800, run size=0000000a bytes, compression=lzss


LINKER GENERATED HANDLER TABLE

__TI_handler_table @ 0008113a records: 2, size/record: 2, table size: 4
	index: 0, handler: __TI_decompress_lzss
	index: 1, handler: __TI_decompress_none


GLOBAL DATA SYMBOLS: SORTED BY DATA PAGE

address     data page           name
--------    ----------------    ----
00000400      10 (00000400)     __stack

0000a800     2a0 (0000a800)     __TI_enable_exit_profile_output
0000a802     2a0 (0000a800)     __TI_cleanup_ptr
0000a804     2a0 (0000a800)     __TI_dtors_ptr
0000a806     2a0 (0000a800)     _lock
0000a808     2a0 (0000a800)     _unlock


GLOBAL SYMBOLS: SORTED ALPHABETICALLY BY Name 

page  address   name                             
----  -------   ----                             
0     00082eb3  Board_init                       
0     00082afb  C$$EXIT                          
0     00082ef6  CMD_init                         
0     0008286b  Device_init                      
0     00081000  Flash_initModule                 
0     00082ef9  GPIO_init                        
0     0008274a  GPIO_setAnalogMode               
0     000829ca  GPIO_setControllerCore           
0     00082a6f  GPIO_setDirectionMode            
0     00082819  GPIO_setPadConfig                
0     00082a01  GPIO_setPinConfig                
0     00082a38  GPIO_setQualificationMode        
0     00082d10  Interrupt_defaultHandler         
0     00082e9f  Interrupt_illegalOperationHandler
0     0008298d  Interrupt_initModule             
0     00082c14  Interrupt_initVectorTable        
0     00082ea9  Interrupt_nmiHandler             
0     00082ef1  PinMux_init                      
0     00082000  SYSCTL_init                      
0     00082b4b  SysCtl_configureType             
0     0008112a  SysCtl_delay                     
0     000827b4  SysCtl_getClock                  
0     00082c6a  SysCtl_getLowSpeedClock          
0     00082551  SysCtl_isPLLValid                
0     000828b9  SysCtl_selectOscSource           
0     00082902  SysCtl_selectXTAL                
0     00082b70  SysCtl_selectXTALSingleEnded     
0     0008242e  SysCtl_setClock                  
0     0008113e  __TI_CINIT_Base                  
0     00081142  __TI_CINIT_Limit                 
0     00081142  __TI_CINIT_Warm                  
0     0008113a  __TI_Handler_Table_Base          
0     0008113e  __TI_Handler_Table_Limit         
0     00000600  __TI_STACK_END                   
abs   00000200  __TI_STACK_SIZE                  
0     00082ad0  __TI_auto_init_nobinit_nopinit   
0     0000a802  __TI_cleanup_ptr                 
0     00082aa0  __TI_decompress_lzss             
0     00082ec5  __TI_decompress_none             
0     0000a804  __TI_dtors_ptr                   
0     0000a800  __TI_enable_exit_profile_output  
abs   ffffffff  __TI_pprof_out_hndl              
abs   ffffffff  __TI_prof_data_size              
abs   ffffffff  __TI_prof_data_start             
0     0008264f  __c28xabi_divf                   
n/a   UNDEFED   __c_args__                       
0     00082eea  __error__                        
0     00000400  __stack                          
0     00082e7d  _args_main                       
0     00082ce3  _c_int00                         
0     0000a806  _lock                            
0     00082ec4  _nop                             
0     00082ec0  _register_lock                   
0     00082ebc  _register_unlock                 
0     00082eff  _system_post_cinit               
0     00082efc  _system_pre_init                 
0     0000a808  _unlock                          
0     00082afb  abort                            
0     00080000  code_start                       
0     00082afd  exit                             
0     00082efe  generic_flash_lnk_init           
0     00082e48  main                             
0     00082c32  memcpy                           
0     00082df2  myGPIOOutput33_init              


GLOBAL SYMBOLS: SORTED BY Symbol Address 

page  address   name                             
----  -------   ----                             
0     00000400  __stack                          
0     00000600  __TI_STACK_END                   
0     0000a800  __TI_enable_exit_profile_output  
0     0000a802  __TI_cleanup_ptr                 
0     0000a804  __TI_dtors_ptr                   
0     0000a806  _lock                            
0     0000a808  _unlock                          
0     00080000  code_start                       
0     00081000  Flash_initModule                 
0     0008112a  SysCtl_delay                     
0     0008113a  __TI_Handler_Table_Base          
0     0008113e  __TI_CINIT_Base                  
0     0008113e  __TI_Handler_Table_Limit         
0     00081142  __TI_CINIT_Limit                 
0     00081142  __TI_CINIT_Warm                  
0     00082000  SYSCTL_init                      
0     0008242e  SysCtl_setClock                  
0     00082551  SysCtl_isPLLValid                
0     0008264f  __c28xabi_divf                   
0     0008274a  GPIO_setAnalogMode               
0     000827b4  SysCtl_getClock                  
0     00082819  GPIO_setPadConfig                
0     0008286b  Device_init                      
0     000828b9  SysCtl_selectOscSource           
0     00082902  SysCtl_selectXTAL                
0     0008298d  Interrupt_initModule             
0     000829ca  GPIO_setControllerCore           
0     00082a01  GPIO_setPinConfig                
0     00082a38  GPIO_setQualificationMode        
0     00082a6f  GPIO_setDirectionMode            
0     00082aa0  __TI_decompress_lzss             
0     00082ad0  __TI_auto_init_nobinit_nopinit   
0     00082afb  C$$EXIT                          
0     00082afb  abort                            
0     00082afd  exit                             
0     00082b4b  SysCtl_configureType             
0     00082b70  SysCtl_selectXTALSingleEnded     
0     00082c14  Interrupt_initVectorTable        
0     00082c32  memcpy                           
0     00082c6a  SysCtl_getLowSpeedClock          
0     00082ce3  _c_int00                         
0     00082d10  Interrupt_defaultHandler         
0     00082df2  myGPIOOutput33_init              
0     00082e48  main                             
0     00082e7d  _args_main                       
0     00082e9f  Interrupt_illegalOperationHandler
0     00082ea9  Interrupt_nmiHandler             
0     00082eb3  Board_init                       
0     00082ebc  _register_unlock                 
0     00082ec0  _register_lock                   
0     00082ec4  _nop                             
0     00082ec5  __TI_decompress_none             
0     00082eea  __error__                        
0     00082ef1  PinMux_init                      
0     00082ef6  CMD_init                         
0     00082ef9  GPIO_init                        
0     00082efc  _system_pre_init                 
0     00082efe  generic_flash_lnk_init           
0     00082eff  _system_post_cinit               
abs   00000200  __TI_STACK_SIZE                  
abs   ffffffff  __TI_pprof_out_hndl              
abs   ffffffff  __TI_prof_data_size              
abs   ffffffff  __TI_prof_data_start             
n/a   UNDEFED   __c_args__                       

[64 symbols]
