<?xml version="1.0" encoding="ISO-8859-1" ?>
<link_info>
   <banner>TMS320C2000 Linker PC v22.6.1.LTS</banner>
   <copyright>Copyright (c) 1996-2018 Texas Instruments Incorporated</copyright>
   <link_time>0x667043e7</link_time>
   <link_errors>0x0</link_errors>
   <output_file>gpio_ex2_toggle.out</output_file>
   <entry_point>
      <name>code_start</name>
      <address>0x80000</address>
   </entry_point>
   <input_file_list>
      <input_file id="fl-2">
         <path>.\</path>
         <kind>object</kind>
         <file>gpio_ex2_toggle.obj</file>
         <name>gpio_ex2_toggle.obj</name>
      </input_file>
      <input_file id="fl-3">
         <path>.\syscfg\</path>
         <kind>object</kind>
         <file>board.obj</file>
         <name>board.obj</name>
      </input_file>
      <input_file id="fl-4">
         <path>.\syscfg\</path>
         <kind>object</kind>
         <file>device.obj</file>
         <name>device.obj</name>
      </input_file>
      <input_file id="fl-5">
         <path>.\syscfg\</path>
         <kind>object</kind>
         <file>device_cmd.obj</file>
         <name>device_cmd.obj</name>
      </input_file>
      <input_file id="fl-6">
         <path>.\syscfg\</path>
         <kind>object</kind>
         <file>c2000ware_libraries.obj</file>
         <name>c2000ware_libraries.obj</name>
      </input_file>
      <input_file id="fl-7">
         <path>.\</path>
         <kind>object</kind>
         <file>f28003x_codestartbranch.obj</file>
         <name>f28003x_codestartbranch.obj</name>
      </input_file>
      <input_file id="fl-f">
         <kind>object</kind>
         <file>&lt;internal&gt;</file>
         <name>&lt;internal&gt;</name>
      </input_file>
      <input_file id="fl-10">
         <path>C:\ti\C2000Ware_5_02_00_00\driverlib\f28003x\driverlib\ccs\Debug\</path>
         <kind>archive</kind>
         <file>driverlib.lib</file>
         <name>dcc.obj</name>
      </input_file>
      <input_file id="fl-11">
         <path>C:\ti\C2000Ware_5_02_00_00\driverlib\f28003x\driverlib\ccs\Debug\</path>
         <kind>archive</kind>
         <file>driverlib.lib</file>
         <name>flash.obj</name>
      </input_file>
      <input_file id="fl-12">
         <path>C:\ti\C2000Ware_5_02_00_00\driverlib\f28003x\driverlib\ccs\Debug\</path>
         <kind>archive</kind>
         <file>driverlib.lib</file>
         <name>gpio.obj</name>
      </input_file>
      <input_file id="fl-13">
         <path>C:\ti\C2000Ware_5_02_00_00\driverlib\f28003x\driverlib\ccs\Debug\</path>
         <kind>archive</kind>
         <file>driverlib.lib</file>
         <name>interrupt.obj</name>
      </input_file>
      <input_file id="fl-14">
         <path>C:\ti\C2000Ware_5_02_00_00\driverlib\f28003x\driverlib\ccs\Debug\</path>
         <kind>archive</kind>
         <file>driverlib.lib</file>
         <name>sysctl.obj</name>
      </input_file>
      <input_file id="fl-20">
         <path>C:\ti\ccs1271\ccs\tools\compiler\ti-cgt-c2000_22.6.1.LTS\lib\</path>
         <kind>archive</kind>
         <file>rts2800_fpu32_eabi.lib</file>
         <name>boot28.asm.obj</name>
      </input_file>
      <input_file id="fl-21">
         <path>C:\ti\ccs1271\ccs\tools\compiler\ti-cgt-c2000_22.6.1.LTS\lib\</path>
         <kind>archive</kind>
         <file>rts2800_fpu32_eabi.lib</file>
         <name>fs_div28.asm.obj</name>
      </input_file>
      <input_file id="fl-22">
         <path>C:\ti\ccs1271\ccs\tools\compiler\ti-cgt-c2000_22.6.1.LTS\lib\</path>
         <kind>archive</kind>
         <file>rts2800_fpu32_eabi.lib</file>
         <name>pre_init.c.obj</name>
      </input_file>
      <input_file id="fl-23">
         <path>C:\ti\ccs1271\ccs\tools\compiler\ti-cgt-c2000_22.6.1.LTS\lib\</path>
         <kind>archive</kind>
         <file>rts2800_fpu32_eabi.lib</file>
         <name>autoinit.c.obj</name>
      </input_file>
      <input_file id="fl-24">
         <path>C:\ti\ccs1271\ccs\tools\compiler\ti-cgt-c2000_22.6.1.LTS\lib\</path>
         <kind>archive</kind>
         <file>rts2800_fpu32_eabi.lib</file>
         <name>copy_zero_init.c.obj</name>
      </input_file>
      <input_file id="fl-25">
         <path>C:\ti\ccs1271\ccs\tools\compiler\ti-cgt-c2000_22.6.1.LTS\lib\</path>
         <kind>archive</kind>
         <file>rts2800_fpu32_eabi.lib</file>
         <name>copy_decompress_none.c.obj</name>
      </input_file>
      <input_file id="fl-26">
         <path>C:\ti\ccs1271\ccs\tools\compiler\ti-cgt-c2000_22.6.1.LTS\lib\</path>
         <kind>archive</kind>
         <file>rts2800_fpu32_eabi.lib</file>
         <name>copy_decompress_lzss.c.obj</name>
      </input_file>
      <input_file id="fl-27">
         <path>C:\ti\ccs1271\ccs\tools\compiler\ti-cgt-c2000_22.6.1.LTS\lib\</path>
         <kind>archive</kind>
         <file>rts2800_fpu32_eabi.lib</file>
         <name>exit.c.obj</name>
      </input_file>
      <input_file id="fl-28">
         <path>C:\ti\ccs1271\ccs\tools\compiler\ti-cgt-c2000_22.6.1.LTS\lib\</path>
         <kind>archive</kind>
         <file>rts2800_fpu32_eabi.lib</file>
         <name>_lock.c.obj</name>
      </input_file>
      <input_file id="fl-29">
         <path>C:\ti\ccs1271\ccs\tools\compiler\ti-cgt-c2000_22.6.1.LTS\lib\</path>
         <kind>archive</kind>
         <file>rts2800_fpu32_eabi.lib</file>
         <name>args_main.c.obj</name>
      </input_file>
      <input_file id="fl-2a">
         <path>C:\ti\ccs1271\ccs\tools\compiler\ti-cgt-c2000_22.6.1.LTS\lib\</path>
         <kind>archive</kind>
         <file>rts2800_fpu32_eabi.lib</file>
         <name>memset.c.obj</name>
      </input_file>
      <input_file id="fl-2b">
         <path>C:\ti\ccs1271\ccs\tools\compiler\ti-cgt-c2000_22.6.1.LTS\lib\</path>
         <kind>archive</kind>
         <file>rts2800_fpu32_eabi.lib</file>
         <name>cpy_tbl.c.obj</name>
      </input_file>
      <input_file id="fl-2c">
         <path>C:\ti\ccs1271\ccs\tools\compiler\ti-cgt-c2000_22.6.1.LTS\lib\</path>
         <kind>archive</kind>
         <file>rts2800_fpu32_eabi.lib</file>
         <name>memcpy.c.obj</name>
      </input_file>
      <input_file id="fl-2d">
         <path>C:\ti\ccs1271\ccs\tools\compiler\ti-cgt-c2000_22.6.1.LTS\lib\</path>
         <kind>archive</kind>
         <file>rts2800_fpu32_eabi.lib</file>
         <name>startup.c.obj</name>
      </input_file>
   </input_file_list>
   <object_component_list>
      <object_component id="oc-1e">
         <name>codestart</name>
         <load_address>0x80000</load_address>
         <run_address>0x80000</run_address>
         <size>0x2</size>
         <input_file_ref idref="fl-7"/>
      </object_component>
      <object_component id="oc-181">
         <name>.text:SYSCTL_init</name>
         <load_address>0x82000</load_address>
         <run_address>0x82000</run_address>
         <size>0x42e</size>
         <input_file_ref idref="fl-3"/>
      </object_component>
      <object_component id="oc-13b">
         <name>.text:SysCtl_setClock</name>
         <load_address>0x8242e</load_address>
         <run_address>0x8242e</run_address>
         <size>0x123</size>
         <input_file_ref idref="fl-14"/>
      </object_component>
      <object_component id="oc-203">
         <name>.text:SysCtl_isPLLValid</name>
         <load_address>0x82551</load_address>
         <run_address>0x82551</run_address>
         <size>0xfe</size>
         <input_file_ref idref="fl-14"/>
      </object_component>
      <object_component id="oc-27e">
         <name>.text</name>
         <load_address>0x8264f</load_address>
         <run_address>0x8264f</run_address>
         <size>0x88</size>
         <input_file_ref idref="fl-21"/>
      </object_component>
      <object_component id="oc-2b3">
         <name>.text:DCC_setCounterSeeds</name>
         <load_address>0x826d7</load_address>
         <run_address>0x826d7</run_address>
         <size>0x73</size>
         <input_file_ref idref="fl-14"/>
      </object_component>
      <object_component id="oc-16c">
         <name>.text:GPIO_setAnalogMode</name>
         <load_address>0x8274a</load_address>
         <run_address>0x8274a</run_address>
         <size>0x6a</size>
         <input_file_ref idref="fl-12"/>
      </object_component>
      <object_component id="oc-153">
         <name>.text:SysCtl_getClock</name>
         <load_address>0x827b4</load_address>
         <run_address>0x827b4</run_address>
         <size>0x65</size>
         <input_file_ref idref="fl-14"/>
      </object_component>
      <object_component id="oc-2d6">
         <name>.text:GPIO_setPadConfig</name>
         <load_address>0x82819</load_address>
         <run_address>0x82819</run_address>
         <size>0x52</size>
         <input_file_ref idref="fl-12"/>
      </object_component>
      <object_component id="oc-f0">
         <name>.text:Device_init</name>
         <load_address>0x8286b</load_address>
         <run_address>0x8286b</run_address>
         <size>0x4e</size>
         <input_file_ref idref="fl-4"/>
      </object_component>
      <object_component id="oc-1f7">
         <name>.text:SysCtl_selectOscSource</name>
         <load_address>0x828b9</load_address>
         <run_address>0x828b9</run_address>
         <size>0x49</size>
         <input_file_ref idref="fl-14"/>
      </object_component>
      <object_component id="oc-270">
         <name>.text:SysCtl_selectXTAL</name>
         <load_address>0x82902</load_address>
         <run_address>0x82902</run_address>
         <size>0x46</size>
         <input_file_ref idref="fl-14"/>
      </object_component>
      <object_component id="oc-2ef">
         <name>.text:SysCtl_pollX1Counter</name>
         <load_address>0x82948</load_address>
         <run_address>0x82948</run_address>
         <size>0x45</size>
         <input_file_ref idref="fl-14"/>
      </object_component>
      <object_component id="oc-f6">
         <name>.text:Interrupt_initModule</name>
         <load_address>0x8298d</load_address>
         <run_address>0x8298d</run_address>
         <size>0x3d</size>
         <input_file_ref idref="fl-13"/>
      </object_component>
      <object_component id="oc-2e8">
         <name>.text:GPIO_setControllerCore</name>
         <load_address>0x829ca</load_address>
         <run_address>0x829ca</run_address>
         <size>0x37</size>
         <input_file_ref idref="fl-12"/>
      </object_component>
      <object_component id="oc-21f">
         <name>.text:GPIO_setPinConfig</name>
         <load_address>0x82a01</load_address>
         <run_address>0x82a01</run_address>
         <size>0x37</size>
         <input_file_ref idref="fl-12"/>
      </object_component>
      <object_component id="oc-2dc">
         <name>.text:GPIO_setQualificationMode</name>
         <load_address>0x82a38</load_address>
         <run_address>0x82a38</run_address>
         <size>0x37</size>
         <input_file_ref idref="fl-12"/>
      </object_component>
      <object_component id="oc-2e2">
         <name>.text:GPIO_setDirectionMode</name>
         <load_address>0x82a6f</load_address>
         <run_address>0x82a6f</run_address>
         <size>0x31</size>
         <input_file_ref idref="fl-12"/>
      </object_component>
      <object_component id="oc-11">
         <name>.text:decompress:lzss</name>
         <load_address>0x82aa0</load_address>
         <run_address>0x82aa0</run_address>
         <size>0x30</size>
         <input_file_ref idref="fl-26"/>
      </object_component>
      <object_component id="oc-98">
         <name>.text:__TI_auto_init_nobinit_nopinit</name>
         <load_address>0x82ad0</load_address>
         <run_address>0x82ad0</run_address>
         <size>0x2b</size>
         <input_file_ref idref="fl-23"/>
      </object_component>
      <object_component id="oc-8c">
         <name>.text</name>
         <load_address>0x82afb</load_address>
         <run_address>0x82afb</run_address>
         <size>0x29</size>
         <input_file_ref idref="fl-27"/>
      </object_component>
      <object_component id="oc-147">
         <name>.text:CAN_selectClockSource</name>
         <load_address>0x82b24</load_address>
         <run_address>0x82b24</run_address>
         <size>0x27</size>
         <input_file_ref idref="fl-4"/>
      </object_component>
      <object_component id="oc-22c">
         <name>.text:SysCtl_configureType</name>
         <load_address>0x82b4b</load_address>
         <run_address>0x82b4b</run_address>
         <size>0x25</size>
         <input_file_ref idref="fl-14"/>
      </object_component>
      <object_component id="oc-276">
         <name>.text:SysCtl_selectXTALSingleEnded</name>
         <load_address>0x82b70</load_address>
         <run_address>0x82b70</run_address>
         <size>0x25</size>
         <input_file_ref idref="fl-14"/>
      </object_component>
      <object_component id="oc-2b9">
         <name>.text:DCC_enableSingleShotMode</name>
         <load_address>0x82b95</load_address>
         <run_address>0x82b95</run_address>
         <size>0x24</size>
         <input_file_ref idref="fl-14"/>
      </object_component>
      <object_component id="oc-108">
         <name>.text:GPIO_togglePin</name>
         <load_address>0x82bb9</load_address>
         <run_address>0x82bb9</run_address>
         <size>0x1f</size>
         <input_file_ref idref="fl-2"/>
      </object_component>
      <object_component id="oc-2a7">
         <name>.text:DCC_setCounter0ClkSource</name>
         <load_address>0x82bd8</load_address>
         <run_address>0x82bd8</run_address>
         <size>0x1e</size>
         <input_file_ref idref="fl-14"/>
      </object_component>
      <object_component id="oc-2ad">
         <name>.text:DCC_setCounter1ClkSource</name>
         <load_address>0x82bf6</load_address>
         <run_address>0x82bf6</run_address>
         <size>0x1e</size>
         <input_file_ref idref="fl-14"/>
      </object_component>
      <object_component id="oc-25">
         <name>.text:Interrupt_initVectorTable</name>
         <load_address>0x82c14</load_address>
         <run_address>0x82c14</run_address>
         <size>0x1e</size>
         <input_file_ref idref="fl-13"/>
      </object_component>
      <object_component id="oc-3e">
         <name>.text</name>
         <load_address>0x82c32</load_address>
         <run_address>0x82c32</run_address>
         <size>0x1d</size>
         <input_file_ref idref="fl-2c"/>
      </object_component>
      <object_component id="oc-226">
         <name>.text:SysCtl_setStandbyQualificationPeriod</name>
         <load_address>0x82c4f</load_address>
         <run_address>0x82c4f</run_address>
         <size>0x1b</size>
         <input_file_ref idref="fl-3"/>
      </object_component>
      <object_component id="oc-160">
         <name>.text:SysCtl_getLowSpeedClock</name>
         <load_address>0x82c6a</load_address>
         <run_address>0x82c6a</run_address>
         <size>0x1a</size>
         <input_file_ref idref="fl-14"/>
      </object_component>
      <object_component id="oc-1fd">
         <name>.text:SysCtl_setPLLSysClk</name>
         <load_address>0x82c84</load_address>
         <run_address>0x82c84</run_address>
         <size>0x19</size>
         <input_file_ref idref="fl-14"/>
      </object_component>
      <object_component id="oc-24a">
         <name>.text:SysCtl_disablePeripheral</name>
         <load_address>0x82c9d</load_address>
         <run_address>0x82c9d</run_address>
         <size>0x18</size>
         <input_file_ref idref="fl-3"/>
      </object_component>
      <object_component id="oc-244">
         <name>.text:SysCtl_enablePeripheral</name>
         <load_address>0x82cb5</load_address>
         <run_address>0x82cb5</run_address>
         <size>0x17</size>
         <input_file_ref idref="fl-3"/>
      </object_component>
      <object_component id="oc-283">
         <name>.text:SysCtl_enablePeripheral</name>
         <load_address>0x82ccc</load_address>
         <run_address>0x82ccc</run_address>
         <size>0x17</size>
         <input_file_ref idref="fl-14"/>
      </object_component>
      <object_component id="oc-6e">
         <name>.text</name>
         <load_address>0x82ce3</load_address>
         <run_address>0x82ce3</run_address>
         <size>0x17</size>
         <input_file_ref idref="fl-20"/>
      </object_component>
      <object_component id="oc-2a1">
         <name>.text:DCC_disableDoneSignal</name>
         <load_address>0x82cfa</load_address>
         <run_address>0x82cfa</run_address>
         <size>0x16</size>
         <input_file_ref idref="fl-14"/>
      </object_component>
      <object_component id="oc-23">
         <name>.text:Interrupt_defaultHandler</name>
         <load_address>0x82d10</load_address>
         <run_address>0x82d10</run_address>
         <size>0x16</size>
         <input_file_ref idref="fl-13"/>
      </object_component>
      <object_component id="oc-28f">
         <name>.text:DCC_clearDoneFlag</name>
         <load_address>0x82d26</load_address>
         <run_address>0x82d26</run_address>
         <size>0x15</size>
         <input_file_ref idref="fl-14"/>
      </object_component>
      <object_component id="oc-289">
         <name>.text:DCC_clearErrorFlag</name>
         <load_address>0x82d3b</load_address>
         <run_address>0x82d3b</run_address>
         <size>0x15</size>
         <input_file_ref idref="fl-14"/>
      </object_component>
      <object_component id="oc-29b">
         <name>.text:DCC_disableErrorSignal</name>
         <load_address>0x82d50</load_address>
         <run_address>0x82d50</run_address>
         <size>0x15</size>
         <input_file_ref idref="fl-14"/>
      </object_component>
      <object_component id="oc-2ff">
         <name>.text:DCC_isBaseValid</name>
         <load_address>0x82d65</load_address>
         <run_address>0x82d65</run_address>
         <size>0x15</size>
         <input_file_ref idref="fl-14"/>
      </object_component>
      <object_component id="oc-295">
         <name>.text:DCC_disableModule</name>
         <load_address>0x82d7a</load_address>
         <run_address>0x82d7a</run_address>
         <size>0x14</size>
         <input_file_ref idref="fl-14"/>
      </object_component>
      <object_component id="oc-2bf">
         <name>.text:DCC_enableModule</name>
         <load_address>0x82d8e</load_address>
         <run_address>0x82d8e</run_address>
         <size>0x14</size>
         <input_file_ref idref="fl-14"/>
      </object_component>
      <object_component id="oc-30f">
         <name>.text:GPIO_isPinValid</name>
         <load_address>0x82da2</load_address>
         <run_address>0x82da2</run_address>
         <size>0x14</size>
         <input_file_ref idref="fl-12"/>
      </object_component>
      <object_component id="oc-190">
         <name>.text:GPIO_isPinValid</name>
         <load_address>0x82db6</load_address>
         <run_address>0x82db6</run_address>
         <size>0x14</size>
         <input_file_ref idref="fl-2"/>
      </object_component>
      <object_component id="oc-232">
         <name>.text:SysCtl_selectErrPinPolarity</name>
         <load_address>0x82dca</load_address>
         <run_address>0x82dca</run_address>
         <size>0x14</size>
         <input_file_ref idref="fl-3"/>
      </object_component>
      <object_component id="oc-23e">
         <name>.text:SysCtl_setPeripheralAccessControl</name>
         <load_address>0x82dde</load_address>
         <run_address>0x82dde</run_address>
         <size>0x14</size>
         <input_file_ref idref="fl-3"/>
      </object_component>
      <object_component id="oc-c8">
         <name>.text:main</name>
         <load_address>0x82df2</load_address>
         <run_address>0x82df2</run_address>
         <size>0x14</size>
         <input_file_ref idref="fl-2"/>
      </object_component>
      <object_component id="oc-251">
         <name>.text:myGPIOOutput0_init</name>
         <load_address>0x82e06</load_address>
         <run_address>0x82e06</run_address>
         <size>0x14</size>
         <input_file_ref idref="fl-3"/>
      </object_component>
      <object_component id="oc-14d">
         <name>.text:SysCtl_setMCANClk</name>
         <load_address>0x82e1a</load_address>
         <run_address>0x82e1a</run_address>
         <size>0x12</size>
         <input_file_ref idref="fl-4"/>
      </object_component>
      <object_component id="oc-20c">
         <name>.text:CAN_isBaseValid</name>
         <load_address>0x82e2c</load_address>
         <run_address>0x82e2c</run_address>
         <size>0x10</size>
         <input_file_ref idref="fl-4"/>
      </object_component>
      <object_component id="oc-1b1">
         <name>.text:Flash_isCtrlBaseValid</name>
         <load_address>0x82e3c</load_address>
         <run_address>0x82e3c</run_address>
         <size>0x10</size>
         <input_file_ref idref="fl-11"/>
      </object_component>
      <object_component id="oc-1b8">
         <name>.text:Flash_isECCBaseValid</name>
         <load_address>0x82e4c</load_address>
         <run_address>0x82e4c</run_address>
         <size>0x10</size>
         <input_file_ref idref="fl-11"/>
      </object_component>
      <object_component id="oc-174">
         <name>.text:Interrupt_disableGlobal</name>
         <load_address>0x82e5c</load_address>
         <run_address>0x82e5c</run_address>
         <size>0xd</size>
         <input_file_ref idref="fl-13"/>
      </object_component>
      <object_component id="oc-102">
         <name>.text:Interrupt_enableGlobal</name>
         <load_address>0x82e69</load_address>
         <run_address>0x82e69</run_address>
         <size>0xd</size>
         <input_file_ref idref="fl-2"/>
      </object_component>
      <object_component id="oc-141">
         <name>.text:SysCtl_setLowSpeedClock</name>
         <load_address>0x82e76</load_address>
         <run_address>0x82e76</run_address>
         <size>0xd</size>
         <input_file_ref idref="fl-4"/>
      </object_component>
      <object_component id="oc-86">
         <name>.text</name>
         <load_address>0x82e83</load_address>
         <run_address>0x82e83</run_address>
         <size>0xc</size>
         <input_file_ref idref="fl-29"/>
      </object_component>
      <object_component id="oc-129">
         <name>.text:SysCtl_disableWatchdog</name>
         <load_address>0x82e8f</load_address>
         <run_address>0x82e8f</run_address>
         <size>0xb</size>
         <input_file_ref idref="fl-4"/>
      </object_component>
      <object_component id="oc-1f1">
         <name>.text:SysCtl_isMCDClockFailureDetected</name>
         <load_address>0x82e9a</load_address>
         <run_address>0x82e9a</run_address>
         <size>0xb</size>
         <input_file_ref idref="fl-14"/>
      </object_component>
      <object_component id="oc-2f">
         <name>.text:Interrupt_illegalOperationHandler</name>
         <load_address>0x82ea5</load_address>
         <run_address>0x82ea5</run_address>
         <size>0xa</size>
         <input_file_ref idref="fl-13"/>
      </object_component>
      <object_component id="oc-35">
         <name>.text:Interrupt_nmiHandler</name>
         <load_address>0x82eaf</load_address>
         <run_address>0x82eaf</run_address>
         <size>0xa</size>
         <input_file_ref idref="fl-13"/>
      </object_component>
      <object_component id="oc-fc">
         <name>.text:Board_init</name>
         <load_address>0x82eb9</load_address>
         <run_address>0x82eb9</run_address>
         <size>0x9</size>
         <input_file_ref idref="fl-3"/>
      </object_component>
      <object_component id="oc-116">
         <name>.text</name>
         <load_address>0x82ec2</load_address>
         <run_address>0x82ec2</run_address>
         <size>0x9</size>
         <input_file_ref idref="fl-28"/>
      </object_component>
      <object_component id="oc-17">
         <name>.text:decompress:none</name>
         <load_address>0x82ecb</load_address>
         <run_address>0x82ecb</run_address>
         <size>0x8</size>
         <input_file_ref idref="fl-25"/>
      </object_component>
      <object_component id="oc-52">
         <name>.text</name>
         <load_address>0x82ed3</load_address>
         <run_address>0x82ed3</run_address>
         <size>0x8</size>
         <input_file_ref idref="fl-7"/>
      </object_component>
      <object_component id="oc-166">
         <name>.text:ASysCtl_lockVREG</name>
         <load_address>0x82edb</load_address>
         <run_address>0x82edb</run_address>
         <size>0x7</size>
         <input_file_ref idref="fl-4"/>
      </object_component>
      <object_component id="oc-238">
         <name>.text:SysCtl_disableMCD</name>
         <load_address>0x82ee2</load_address>
         <run_address>0x82ee2</run_address>
         <size>0x7</size>
         <input_file_ref idref="fl-3"/>
      </object_component>
      <object_component id="oc-2f5">
         <name>.text:SysCtl_resetMCD</name>
         <load_address>0x82ee9</load_address>
         <run_address>0x82ee9</run_address>
         <size>0x7</size>
         <input_file_ref idref="fl-14"/>
      </object_component>
      <object_component id="oc-15a">
         <name>.text:__error__</name>
         <load_address>0x82ef0</load_address>
         <run_address>0x82ef0</run_address>
         <size>0x7</size>
         <input_file_ref idref="fl-4"/>
      </object_component>
      <object_component id="oc-17b">
         <name>.text:PinMux_init</name>
         <load_address>0x82ef7</load_address>
         <run_address>0x82ef7</run_address>
         <size>0x6</size>
         <input_file_ref idref="fl-3"/>
      </object_component>
      <object_component id="oc-12f">
         <name>.text:CMD_init</name>
         <load_address>0x82efd</load_address>
         <run_address>0x82efd</run_address>
         <size>0x3</size>
         <input_file_ref idref="fl-5"/>
      </object_component>
      <object_component id="oc-187">
         <name>.text:GPIO_init</name>
         <load_address>0x82f00</load_address>
         <run_address>0x82f00</run_address>
         <size>0x3</size>
         <input_file_ref idref="fl-3"/>
      </object_component>
      <object_component id="oc-7f">
         <name>.text</name>
         <load_address>0x82f03</load_address>
         <run_address>0x82f03</run_address>
         <size>0x2</size>
         <input_file_ref idref="fl-22"/>
      </object_component>
      <object_component id="oc-1a9">
         <name>.text:generic_flash_lnk_init</name>
         <load_address>0x82f05</load_address>
         <run_address>0x82f05</run_address>
         <size>0x1</size>
         <input_file_ref idref="fl-5"/>
      </object_component>
      <object_component id="oc-db">
         <name>.text</name>
         <load_address>0x82f06</load_address>
         <run_address>0x82f06</run_address>
         <size>0x1</size>
         <input_file_ref idref="fl-2d"/>
      </object_component>
      <object_component id="oc-135">
         <name>.TI.ramfunc:Flash_initModule</name>
         <load_address>0x81000</load_address>
         <run_address>0x81000</run_address>
         <size>0x49</size>
         <input_file_ref idref="fl-11"/>
      </object_component>
      <object_component id="oc-1be">
         <name>.TI.ramfunc:Flash_setBankPowerMode</name>
         <load_address>0x81049</load_address>
         <run_address>0x81049</run_address>
         <size>0x2c</size>
         <input_file_ref idref="fl-11"/>
      </object_component>
      <object_component id="oc-1d6">
         <name>.TI.ramfunc:Flash_setWaitstates</name>
         <load_address>0x81075</load_address>
         <run_address>0x81075</run_address>
         <size>0x24</size>
         <input_file_ref idref="fl-11"/>
      </object_component>
      <object_component id="oc-1c4">
         <name>.TI.ramfunc:Flash_setPumpPowerMode</name>
         <load_address>0x81099</load_address>
         <run_address>0x81099</run_address>
         <size>0x1d</size>
         <input_file_ref idref="fl-11"/>
      </object_component>
      <object_component id="oc-1ca">
         <name>.TI.ramfunc:Flash_disableCache</name>
         <load_address>0x810b6</load_address>
         <run_address>0x810b6</run_address>
         <size>0x18</size>
         <input_file_ref idref="fl-11"/>
      </object_component>
      <object_component id="oc-1d0">
         <name>.TI.ramfunc:Flash_disablePrefetch</name>
         <load_address>0x810ce</load_address>
         <run_address>0x810ce</run_address>
         <size>0x18</size>
         <input_file_ref idref="fl-11"/>
      </object_component>
      <object_component id="oc-1dc">
         <name>.TI.ramfunc:Flash_enableCache</name>
         <load_address>0x810e6</load_address>
         <run_address>0x810e6</run_address>
         <size>0x17</size>
         <input_file_ref idref="fl-11"/>
      </object_component>
      <object_component id="oc-1e2">
         <name>.TI.ramfunc:Flash_enablePrefetch</name>
         <load_address>0x810fd</load_address>
         <run_address>0x810fd</run_address>
         <size>0x17</size>
         <input_file_ref idref="fl-11"/>
      </object_component>
      <object_component id="oc-1e8">
         <name>.TI.ramfunc:Flash_enableECC</name>
         <load_address>0x81114</load_address>
         <run_address>0x81114</run_address>
         <size>0x16</size>
         <input_file_ref idref="fl-11"/>
      </object_component>
      <object_component id="oc-10e">
         <name>.TI.ramfunc</name>
         <load_address>0x8112a</load_address>
         <run_address>0x8112a</run_address>
         <size>0x4</size>
         <input_file_ref idref="fl-14"/>
      </object_component>
      <object_component id="oc-343">
         <name>.cinit..data.load</name>
         <load_address>0x81130</load_address>
         <run_address>0x81130</run_address>
         <size>0x9</size>
      </object_component>
      <object_component id="oc-341">
         <name>__TI_handler_table</name>
         <load_address>0x8113a</load_address>
         <run_address>0x8113a</run_address>
         <size>0x4</size>
      </object_component>
      <object_component id="oc-342">
         <name>__TI_cinit_table</name>
         <load_address>0x8113e</load_address>
         <run_address>0x8113e</run_address>
         <size>0x4</size>
      </object_component>
      <object_component id="oc-3b">
         <name>.stack</name>
         <uninitialized>true</uninitialized>
         <run_address>0x400</run_address>
         <size>0x0</size>
         <input_file_ref idref="fl-20"/>
      </object_component>
      <object_component id="oc-344">
         <name>.stack</name>
         <uninitialized>true</uninitialized>
         <run_address>0x400</run_address>
         <size>0x0</size>
      </object_component>
      <object_component id="oc-1b7">
         <name>.const:.string</name>
         <load_address>0x84000</load_address>
         <run_address>0x84000</run_address>
         <size>0x9b</size>
         <input_file_ref idref="fl-11"/>
      </object_component>
      <object_component id="oc-1f0">
         <name>.const:.string</name>
         <load_address>0x8409c</load_address>
         <run_address>0x8409c</run_address>
         <size>0x9a</size>
         <input_file_ref idref="fl-14"/>
      </object_component>
      <object_component id="oc-218">
         <name>.const:.string</name>
         <load_address>0x84136</load_address>
         <run_address>0x84136</run_address>
         <size>0x98</size>
         <input_file_ref idref="fl-12"/>
      </object_component>
      <object_component id="oc-159">
         <name>.const:.string</name>
         <load_address>0x841ce</load_address>
         <run_address>0x841ce</run_address>
         <size>0x8e</size>
         <input_file_ref idref="fl-4"/>
      </object_component>
      <object_component id="oc-2ce">
         <name>.const:.string</name>
         <load_address>0x8425c</load_address>
         <run_address>0x8425c</run_address>
         <size>0x40</size>
         <input_file_ref idref="fl-3"/>
      </object_component>
      <object_component id="oc-196">
         <name>.const:.string</name>
         <load_address>0x8429c</load_address>
         <run_address>0x8429c</run_address>
         <size>0x3e</size>
         <input_file_ref idref="fl-2"/>
      </object_component>
      <object_component id="oc-d0">
         <name>.data</name>
         <load_address>0xa800</load_address>
         <run_address>0xa800</run_address>
         <size>0x6</size>
         <input_file_ref idref="fl-27"/>
      </object_component>
      <object_component id="oc-d3">
         <name>.data:_lock</name>
         <load_address>0xa806</load_address>
         <run_address>0xa806</run_address>
         <size>0x2</size>
         <input_file_ref idref="fl-28"/>
      </object_component>
      <object_component id="oc-19b">
         <name>.data:_unlock</name>
         <load_address>0xa808</load_address>
         <run_address>0xa808</run_address>
         <size>0x2</size>
         <input_file_ref idref="fl-28"/>
      </object_component>
      <object_component id="oc-110">
         <name>.debug_types</name>
         <load_address>0x0</load_address>
         <run_address>0x0</run_address>
         <size>0x3fb</size>
         <input_file_ref idref="fl-2"/>
      </object_component>
      <object_component id="oc-18e">
         <name>.debug_types</name>
         <load_address>0x3fb</load_address>
         <run_address>0x3fb</run_address>
         <size>0x1096</size>
         <input_file_ref idref="fl-3"/>
      </object_component>
      <object_component id="oc-173">
         <name>.debug_types</name>
         <load_address>0x1491</load_address>
         <run_address>0x1491</run_address>
         <size>0x88d</size>
         <input_file_ref idref="fl-4"/>
      </object_component>
      <object_component id="oc-1b0">
         <name>.debug_types</name>
         <load_address>0x0</load_address>
         <run_address>0x0</run_address>
         <size>0x0</size>
         <input_file_ref idref="fl-5"/>
      </object_component>
      <object_component id="oc-1ef">
         <name>.debug_types</name>
         <load_address>0x1d1e</load_address>
         <run_address>0x1d1e</run_address>
         <size>0x1fa</size>
         <input_file_ref idref="fl-11"/>
      </object_component>
      <object_component id="oc-21a">
         <name>.debug_types</name>
         <load_address>0x1f18</load_address>
         <run_address>0x1f18</run_address>
         <size>0x25f</size>
         <input_file_ref idref="fl-12"/>
      </object_component>
      <object_component id="oc-59">
         <name>.debug_types</name>
         <load_address>0x0</load_address>
         <run_address>0x0</run_address>
         <size>0x0</size>
         <input_file_ref idref="fl-13"/>
      </object_component>
      <object_component id="oc-20a">
         <name>.debug_types</name>
         <load_address>0x2177</load_address>
         <run_address>0x2177</run_address>
         <size>0x6d3</size>
         <input_file_ref idref="fl-14"/>
      </object_component>
      <object_component id="oc-97">
         <name>.debug_types</name>
         <load_address>0x0</load_address>
         <run_address>0x0</run_address>
         <size>0x0</size>
         <input_file_ref idref="fl-22"/>
      </object_component>
      <object_component id="oc-e2">
         <name>.debug_types</name>
         <load_address>0x284a</load_address>
         <run_address>0x284a</run_address>
         <size>0x4e8</size>
         <input_file_ref idref="fl-23"/>
      </object_component>
      <object_component id="oc-45">
         <name>.debug_types</name>
         <load_address>0x2d32</load_address>
         <run_address>0x2d32</run_address>
         <size>0x1c8</size>
         <input_file_ref idref="fl-25"/>
      </object_component>
      <object_component id="oc-3d">
         <name>.debug_types</name>
         <load_address>0x2efa</load_address>
         <run_address>0x2efa</run_address>
         <size>0x191</size>
         <input_file_ref idref="fl-26"/>
      </object_component>
      <object_component id="oc-d7">
         <name>.debug_types</name>
         <load_address>0x308b</load_address>
         <run_address>0x308b</run_address>
         <size>0xbf</size>
         <input_file_ref idref="fl-27"/>
      </object_component>
      <object_component id="oc-11e">
         <name>.debug_types</name>
         <load_address>0x314a</load_address>
         <run_address>0x314a</run_address>
         <size>0x2f</size>
         <input_file_ref idref="fl-28"/>
      </object_component>
      <object_component id="oc-cf">
         <name>.debug_types</name>
         <load_address>0x3179</load_address>
         <run_address>0x3179</run_address>
         <size>0xe1</size>
         <input_file_ref idref="fl-29"/>
      </object_component>
      <object_component id="oc-61">
         <name>.debug_types</name>
         <load_address>0x325a</load_address>
         <run_address>0x325a</run_address>
         <size>0xe3</size>
         <input_file_ref idref="fl-2c"/>
      </object_component>
      <object_component id="oc-123">
         <name>.debug_types</name>
         <load_address>0x0</load_address>
         <run_address>0x0</run_address>
         <size>0x0</size>
         <input_file_ref idref="fl-2d"/>
      </object_component>
      <object_component id="oc-103">
         <name>.debug_info</name>
         <load_address>0x0</load_address>
         <run_address>0x0</run_address>
         <size>0x159</size>
         <input_file_ref idref="fl-2"/>
      </object_component>
      <object_component id="oc-191">
         <name>.debug_info</name>
         <load_address>0x159</load_address>
         <run_address>0x159</run_address>
         <size>0x165</size>
         <input_file_ref idref="fl-2"/>
      </object_component>
      <object_component id="oc-109">
         <name>.debug_info</name>
         <load_address>0x2be</load_address>
         <run_address>0x2be</run_address>
         <size>0x199</size>
         <input_file_ref idref="fl-2"/>
      </object_component>
      <object_component id="oc-c9">
         <name>.debug_info</name>
         <load_address>0x457</load_address>
         <run_address>0x457</run_address>
         <size>0x196</size>
         <input_file_ref idref="fl-2"/>
      </object_component>
      <object_component id="oc-246">
         <name>.debug_info</name>
         <load_address>0x5ed</load_address>
         <run_address>0x5ed</run_address>
         <size>0x1a3</size>
         <input_file_ref idref="fl-3"/>
      </object_component>
      <object_component id="oc-24c">
         <name>.debug_info</name>
         <load_address>0x790</load_address>
         <run_address>0x790</run_address>
         <size>0x1a5</size>
         <input_file_ref idref="fl-3"/>
      </object_component>
      <object_component id="oc-227">
         <name>.debug_info</name>
         <load_address>0x935</load_address>
         <run_address>0x935</run_address>
         <size>0x19a</size>
         <input_file_ref idref="fl-3"/>
      </object_component>
      <object_component id="oc-239">
         <name>.debug_info</name>
         <load_address>0xacf</load_address>
         <run_address>0xacf</run_address>
         <size>0x140</size>
         <input_file_ref idref="fl-3"/>
      </object_component>
      <object_component id="oc-240">
         <name>.debug_info</name>
         <load_address>0xc0f</load_address>
         <run_address>0xc0f</run_address>
         <size>0x1e7</size>
         <input_file_ref idref="fl-3"/>
      </object_component>
      <object_component id="oc-233">
         <name>.debug_info</name>
         <load_address>0xdf6</load_address>
         <run_address>0xdf6</run_address>
         <size>0x173</size>
         <input_file_ref idref="fl-3"/>
      </object_component>
      <object_component id="oc-fd">
         <name>.debug_info</name>
         <load_address>0xf69</load_address>
         <run_address>0xf69</run_address>
         <size>0x130</size>
         <input_file_ref idref="fl-3"/>
      </object_component>
      <object_component id="oc-17c">
         <name>.debug_info</name>
         <load_address>0x1099</load_address>
         <run_address>0x1099</run_address>
         <size>0x118</size>
         <input_file_ref idref="fl-3"/>
      </object_component>
      <object_component id="oc-188">
         <name>.debug_info</name>
         <load_address>0x11b1</load_address>
         <run_address>0x11b1</run_address>
         <size>0x115</size>
         <input_file_ref idref="fl-3"/>
      </object_component>
      <object_component id="oc-253">
         <name>.debug_info</name>
         <load_address>0x12c6</load_address>
         <run_address>0x12c6</run_address>
         <size>0x17c</size>
         <input_file_ref idref="fl-3"/>
      </object_component>
      <object_component id="oc-182">
         <name>.debug_info</name>
         <load_address>0x1442</load_address>
         <run_address>0x1442</run_address>
         <size>0x2003</size>
         <input_file_ref idref="fl-3"/>
      </object_component>
      <object_component id="oc-167">
         <name>.debug_info</name>
         <load_address>0x3445</load_address>
         <run_address>0x3445</run_address>
         <size>0x140</size>
         <input_file_ref idref="fl-4"/>
      </object_component>
      <object_component id="oc-143">
         <name>.debug_info</name>
         <load_address>0x3585</load_address>
         <run_address>0x3585</run_address>
         <size>0x178</size>
         <input_file_ref idref="fl-4"/>
      </object_component>
      <object_component id="oc-12c">
         <name>.debug_info</name>
         <load_address>0x36fd</load_address>
         <run_address>0x36fd</run_address>
         <size>0x14b</size>
         <input_file_ref idref="fl-4"/>
      </object_component>
      <object_component id="oc-14e">
         <name>.debug_info</name>
         <load_address>0x3848</load_address>
         <run_address>0x3848</run_address>
         <size>0x168</size>
         <input_file_ref idref="fl-4"/>
      </object_component>
      <object_component id="oc-20e">
         <name>.debug_info</name>
         <load_address>0x39b0</load_address>
         <run_address>0x39b0</run_address>
         <size>0x163</size>
         <input_file_ref idref="fl-4"/>
      </object_component>
      <object_component id="oc-14a">
         <name>.debug_info</name>
         <load_address>0x3b13</load_address>
         <run_address>0x3b13</run_address>
         <size>0x1b0</size>
         <input_file_ref idref="fl-4"/>
      </object_component>
      <object_component id="oc-f2">
         <name>.debug_info</name>
         <load_address>0x3cc3</load_address>
         <run_address>0x3cc3</run_address>
         <size>0x23d</size>
         <input_file_ref idref="fl-4"/>
      </object_component>
      <object_component id="oc-15d">
         <name>.debug_info</name>
         <load_address>0x3f00</load_address>
         <run_address>0x3f00</run_address>
         <size>0x14b</size>
         <input_file_ref idref="fl-4"/>
      </object_component>
      <object_component id="oc-1ab">
         <name>.debug_info</name>
         <load_address>0x404b</load_address>
         <run_address>0x404b</run_address>
         <size>0x121</size>
         <input_file_ref idref="fl-5"/>
      </object_component>
      <object_component id="oc-130">
         <name>.debug_info</name>
         <load_address>0x416c</load_address>
         <run_address>0x416c</run_address>
         <size>0x121</size>
         <input_file_ref idref="fl-5"/>
      </object_component>
      <object_component id="oc-20">
         <name>.debug_info</name>
         <load_address>0x428d</load_address>
         <run_address>0x428d</run_address>
         <size>0x170</size>
         <input_file_ref idref="fl-7"/>
      </object_component>
      <object_component id="oc-54">
         <name>.debug_info</name>
         <load_address>0x43fd</load_address>
         <run_address>0x43fd</run_address>
         <size>0x171</size>
         <input_file_ref idref="fl-7"/>
      </object_component>
      <object_component id="oc-1b5">
         <name>.debug_info</name>
         <load_address>0x456e</load_address>
         <run_address>0x456e</run_address>
         <size>0x1e2</size>
         <input_file_ref idref="fl-11"/>
      </object_component>
      <object_component id="oc-1bc">
         <name>.debug_info</name>
         <load_address>0x4750</load_address>
         <run_address>0x4750</run_address>
         <size>0x1de</size>
         <input_file_ref idref="fl-11"/>
      </object_component>
      <object_component id="oc-1da">
         <name>.debug_info</name>
         <load_address>0x492e</load_address>
         <run_address>0x492e</run_address>
         <size>0x23d</size>
         <input_file_ref idref="fl-11"/>
      </object_component>
      <object_component id="oc-1c2">
         <name>.debug_info</name>
         <load_address>0x4b6b</load_address>
         <run_address>0x4b6b</run_address>
         <size>0x254</size>
         <input_file_ref idref="fl-11"/>
      </object_component>
      <object_component id="oc-1c8">
         <name>.debug_info</name>
         <load_address>0x4dbf</load_address>
         <run_address>0x4dbf</run_address>
         <size>0x233</size>
         <input_file_ref idref="fl-11"/>
      </object_component>
      <object_component id="oc-1e6">
         <name>.debug_info</name>
         <load_address>0x4ff2</load_address>
         <run_address>0x4ff2</run_address>
         <size>0x204</size>
         <input_file_ref idref="fl-11"/>
      </object_component>
      <object_component id="oc-1d4">
         <name>.debug_info</name>
         <load_address>0x51f6</load_address>
         <run_address>0x51f6</run_address>
         <size>0x206</size>
         <input_file_ref idref="fl-11"/>
      </object_component>
      <object_component id="oc-1e0">
         <name>.debug_info</name>
         <load_address>0x53fc</load_address>
         <run_address>0x53fc</run_address>
         <size>0x1fe</size>
         <input_file_ref idref="fl-11"/>
      </object_component>
      <object_component id="oc-1ce">
         <name>.debug_info</name>
         <load_address>0x55fa</load_address>
         <run_address>0x55fa</run_address>
         <size>0x200</size>
         <input_file_ref idref="fl-11"/>
      </object_component>
      <object_component id="oc-1ec">
         <name>.debug_info</name>
         <load_address>0x57fa</load_address>
         <run_address>0x57fa</run_address>
         <size>0x1f7</size>
         <input_file_ref idref="fl-11"/>
      </object_component>
      <object_component id="oc-139">
         <name>.debug_info</name>
         <load_address>0x59f1</load_address>
         <run_address>0x59f1</run_address>
         <size>0x375</size>
         <input_file_ref idref="fl-11"/>
      </object_component>
      <object_component id="oc-310">
         <name>.debug_info</name>
         <load_address>0x5d66</load_address>
         <run_address>0x5d66</run_address>
         <size>0x1ca</size>
         <input_file_ref idref="fl-12"/>
      </object_component>
      <object_component id="oc-2e3">
         <name>.debug_info</name>
         <load_address>0x5f30</load_address>
         <run_address>0x5f30</run_address>
         <size>0x242</size>
         <input_file_ref idref="fl-12"/>
      </object_component>
      <object_component id="oc-2d7">
         <name>.debug_info</name>
         <load_address>0x6172</load_address>
         <run_address>0x6172</run_address>
         <size>0x22b</size>
         <input_file_ref idref="fl-12"/>
      </object_component>
      <object_component id="oc-2dd">
         <name>.debug_info</name>
         <load_address>0x639d</load_address>
         <run_address>0x639d</run_address>
         <size>0x273</size>
         <input_file_ref idref="fl-12"/>
      </object_component>
      <object_component id="oc-2e9">
         <name>.debug_info</name>
         <load_address>0x6610</load_address>
         <run_address>0x6610</run_address>
         <size>0x25b</size>
         <input_file_ref idref="fl-12"/>
      </object_component>
      <object_component id="oc-16d">
         <name>.debug_info</name>
         <load_address>0x686b</load_address>
         <run_address>0x686b</run_address>
         <size>0x227</size>
         <input_file_ref idref="fl-12"/>
      </object_component>
      <object_component id="oc-220">
         <name>.debug_info</name>
         <load_address>0x6a92</load_address>
         <run_address>0x6a92</run_address>
         <size>0x214</size>
         <input_file_ref idref="fl-12"/>
      </object_component>
      <object_component id="oc-175">
         <name>.debug_info</name>
         <load_address>0x6ca6</load_address>
         <run_address>0x6ca6</run_address>
         <size>0x1c5</size>
         <input_file_ref idref="fl-13"/>
      </object_component>
      <object_component id="oc-f8">
         <name>.debug_info</name>
         <load_address>0x6e6b</load_address>
         <run_address>0x6e6b</run_address>
         <size>0x1d4</size>
         <input_file_ref idref="fl-13"/>
      </object_component>
      <object_component id="oc-2b">
         <name>.debug_info</name>
         <load_address>0x703f</load_address>
         <run_address>0x703f</run_address>
         <size>0x1e1</size>
         <input_file_ref idref="fl-13"/>
      </object_component>
      <object_component id="oc-30">
         <name>.debug_info</name>
         <load_address>0x7220</load_address>
         <run_address>0x7220</run_address>
         <size>0x1c7</size>
         <input_file_ref idref="fl-13"/>
      </object_component>
      <object_component id="oc-36">
         <name>.debug_info</name>
         <load_address>0x73e7</load_address>
         <run_address>0x73e7</run_address>
         <size>0x1ad</size>
         <input_file_ref idref="fl-13"/>
      </object_component>
      <object_component id="oc-26">
         <name>.debug_info</name>
         <load_address>0x7594</load_address>
         <run_address>0x7594</run_address>
         <size>0x1d1</size>
         <input_file_ref idref="fl-13"/>
      </object_component>
      <object_component id="oc-285">
         <name>.debug_info</name>
         <load_address>0x7765</load_address>
         <run_address>0x7765</run_address>
         <size>0x210</size>
         <input_file_ref idref="fl-14"/>
      </object_component>
      <object_component id="oc-1f3">
         <name>.debug_info</name>
         <load_address>0x7975</load_address>
         <run_address>0x7975</run_address>
         <size>0x1d3</size>
         <input_file_ref idref="fl-14"/>
      </object_component>
      <object_component id="oc-2f7">
         <name>.debug_info</name>
         <load_address>0x7b48</load_address>
         <run_address>0x7b48</run_address>
         <size>0x1a9</size>
         <input_file_ref idref="fl-14"/>
      </object_component>
      <object_component id="oc-1ff">
         <name>.debug_info</name>
         <load_address>0x7cf1</load_address>
         <run_address>0x7cf1</run_address>
         <size>0x1d8</size>
         <input_file_ref idref="fl-14"/>
      </object_component>
      <object_component id="oc-301">
         <name>.debug_info</name>
         <load_address>0x7ec9</load_address>
         <run_address>0x7ec9</run_address>
         <size>0x1cd</size>
         <input_file_ref idref="fl-14"/>
      </object_component>
      <object_component id="oc-2c0">
         <name>.debug_info</name>
         <load_address>0x8096</load_address>
         <run_address>0x8096</run_address>
         <size>0x1eb</size>
         <input_file_ref idref="fl-14"/>
      </object_component>
      <object_component id="oc-296">
         <name>.debug_info</name>
         <load_address>0x8281</load_address>
         <run_address>0x8281</run_address>
         <size>0x1ed</size>
         <input_file_ref idref="fl-14"/>
      </object_component>
      <object_component id="oc-29c">
         <name>.debug_info</name>
         <load_address>0x846e</load_address>
         <run_address>0x846e</run_address>
         <size>0x1f9</size>
         <input_file_ref idref="fl-14"/>
      </object_component>
      <object_component id="oc-2a3">
         <name>.debug_info</name>
         <load_address>0x8667</load_address>
         <run_address>0x8667</run_address>
         <size>0x1f7</size>
         <input_file_ref idref="fl-14"/>
      </object_component>
      <object_component id="oc-2ba">
         <name>.debug_info</name>
         <load_address>0x885e</load_address>
         <run_address>0x885e</run_address>
         <size>0x21e</size>
         <input_file_ref idref="fl-14"/>
      </object_component>
      <object_component id="oc-28b">
         <name>.debug_info</name>
         <load_address>0x8a7c</load_address>
         <run_address>0x8a7c</run_address>
         <size>0x1f1</size>
         <input_file_ref idref="fl-14"/>
      </object_component>
      <object_component id="oc-290">
         <name>.debug_info</name>
         <load_address>0x8c6d</load_address>
         <run_address>0x8c6d</run_address>
         <size>0x1ef</size>
         <input_file_ref idref="fl-14"/>
      </object_component>
      <object_component id="oc-2af">
         <name>.debug_info</name>
         <load_address>0x8e5c</load_address>
         <run_address>0x8e5c</run_address>
         <size>0x222</size>
         <input_file_ref idref="fl-14"/>
      </object_component>
      <object_component id="oc-2a8">
         <name>.debug_info</name>
         <load_address>0x907e</load_address>
         <run_address>0x907e</run_address>
         <size>0x222</size>
         <input_file_ref idref="fl-14"/>
      </object_component>
      <object_component id="oc-2b4">
         <name>.debug_info</name>
         <load_address>0x92a0</load_address>
         <run_address>0x92a0</run_address>
         <size>0x291</size>
         <input_file_ref idref="fl-14"/>
      </object_component>
      <object_component id="oc-2f0">
         <name>.debug_info</name>
         <load_address>0x9531</load_address>
         <run_address>0x9531</run_address>
         <size>0x20d</size>
         <input_file_ref idref="fl-14"/>
      </object_component>
      <object_component id="oc-154">
         <name>.debug_info</name>
         <load_address>0x973e</load_address>
         <run_address>0x973e</run_address>
         <size>0x26c</size>
         <input_file_ref idref="fl-14"/>
      </object_component>
      <object_component id="oc-13c">
         <name>.debug_info</name>
         <load_address>0x99aa</load_address>
         <run_address>0x99aa</run_address>
         <size>0x3eb</size>
         <input_file_ref idref="fl-14"/>
      </object_component>
      <object_component id="oc-271">
         <name>.debug_info</name>
         <load_address>0x9d95</load_address>
         <run_address>0x9d95</run_address>
         <size>0x245</size>
         <input_file_ref idref="fl-14"/>
      </object_component>
      <object_component id="oc-277">
         <name>.debug_info</name>
         <load_address>0x9fda</load_address>
         <run_address>0x9fda</run_address>
         <size>0x216</size>
         <input_file_ref idref="fl-14"/>
      </object_component>
      <object_component id="oc-1f8">
         <name>.debug_info</name>
         <load_address>0xa1f0</load_address>
         <run_address>0xa1f0</run_address>
         <size>0x22a</size>
         <input_file_ref idref="fl-14"/>
      </object_component>
      <object_component id="oc-161">
         <name>.debug_info</name>
         <load_address>0xa41a</load_address>
         <run_address>0xa41a</run_address>
         <size>0x216</size>
         <input_file_ref idref="fl-14"/>
      </object_component>
      <object_component id="oc-204">
         <name>.debug_info</name>
         <load_address>0xa630</load_address>
         <run_address>0xa630</run_address>
         <size>0x4a1</size>
         <input_file_ref idref="fl-14"/>
      </object_component>
      <object_component id="oc-22d">
         <name>.debug_info</name>
         <load_address>0xaad1</load_address>
         <run_address>0xaad1</run_address>
         <size>0x229</size>
         <input_file_ref idref="fl-14"/>
      </object_component>
      <object_component id="oc-6f">
         <name>.debug_info</name>
         <load_address>0xacfa</load_address>
         <run_address>0xacfa</run_address>
         <size>0x158</size>
         <input_file_ref idref="fl-20"/>
      </object_component>
      <object_component id="oc-281">
         <name>.debug_info</name>
         <load_address>0xae52</load_address>
         <run_address>0xae52</run_address>
         <size>0x127</size>
         <input_file_ref idref="fl-21"/>
      </object_component>
      <object_component id="oc-81">
         <name>.debug_info</name>
         <load_address>0xaf79</load_address>
         <run_address>0xaf79</run_address>
         <size>0x14d</size>
         <input_file_ref idref="fl-22"/>
      </object_component>
      <object_component id="oc-9a">
         <name>.debug_info</name>
         <load_address>0xb0c6</load_address>
         <run_address>0xb0c6</run_address>
         <size>0x1bf</size>
         <input_file_ref idref="fl-23"/>
      </object_component>
      <object_component id="oc-19">
         <name>.debug_info</name>
         <load_address>0xb285</load_address>
         <run_address>0xb285</run_address>
         <size>0x1b7</size>
         <input_file_ref idref="fl-25"/>
      </object_component>
      <object_component id="oc-15">
         <name>.debug_info</name>
         <load_address>0xb43c</load_address>
         <run_address>0xb43c</run_address>
         <size>0x219</size>
         <input_file_ref idref="fl-26"/>
      </object_component>
      <object_component id="oc-d1">
         <name>.debug_info</name>
         <load_address>0xb655</load_address>
         <run_address>0xb655</run_address>
         <size>0x19e</size>
         <input_file_ref idref="fl-27"/>
      </object_component>
      <object_component id="oc-8e">
         <name>.debug_info</name>
         <load_address>0xb7f3</load_address>
         <run_address>0xb7f3</run_address>
         <size>0x1a9</size>
         <input_file_ref idref="fl-27"/>
      </object_component>
      <object_component id="oc-d4">
         <name>.debug_info</name>
         <load_address>0xb99c</load_address>
         <run_address>0xb99c</run_address>
         <size>0x107</size>
         <input_file_ref idref="fl-28"/>
      </object_component>
      <object_component id="oc-19c">
         <name>.debug_info</name>
         <load_address>0xbaa3</load_address>
         <run_address>0xbaa3</run_address>
         <size>0x10b</size>
         <input_file_ref idref="fl-28"/>
      </object_component>
      <object_component id="oc-117">
         <name>.debug_info</name>
         <load_address>0xbbae</load_address>
         <run_address>0xbbae</run_address>
         <size>0x203</size>
         <input_file_ref idref="fl-28"/>
      </object_component>
      <object_component id="oc-8a">
         <name>.debug_info</name>
         <load_address>0xbdb1</load_address>
         <run_address>0xbdb1</run_address>
         <size>0x15d</size>
         <input_file_ref idref="fl-29"/>
      </object_component>
      <object_component id="oc-3f">
         <name>.debug_info</name>
         <load_address>0xbf0e</load_address>
         <run_address>0xbf0e</run_address>
         <size>0x19b</size>
         <input_file_ref idref="fl-2c"/>
      </object_component>
      <object_component id="oc-dd">
         <name>.debug_info</name>
         <load_address>0xc0a9</load_address>
         <run_address>0xc0a9</run_address>
         <size>0x147</size>
         <input_file_ref idref="fl-2d"/>
      </object_component>
      <object_component id="oc-346">
         <name>.debug_info</name>
         <load_address>0xc1f0</load_address>
         <run_address>0xc1f0</run_address>
         <size>0xa4</size>
      </object_component>
      <object_component id="oc-106">
         <name>.debug_line</name>
         <load_address>0x0</load_address>
         <run_address>0x0</run_address>
         <size>0x7d</size>
         <input_file_ref idref="fl-2"/>
      </object_component>
      <object_component id="oc-195">
         <name>.debug_line</name>
         <load_address>0x7d</load_address>
         <run_address>0x7d</run_address>
         <size>0x78</size>
         <input_file_ref idref="fl-2"/>
      </object_component>
      <object_component id="oc-10c">
         <name>.debug_line</name>
         <load_address>0xf5</load_address>
         <run_address>0xf5</run_address>
         <size>0x7a</size>
         <input_file_ref idref="fl-2"/>
      </object_component>
      <object_component id="oc-cc">
         <name>.debug_line</name>
         <load_address>0x16f</load_address>
         <run_address>0x16f</run_address>
         <size>0x57</size>
         <input_file_ref idref="fl-2"/>
      </object_component>
      <object_component id="oc-199">
         <name>.debug_line</name>
         <load_address>0x1c6</load_address>
         <run_address>0x1c6</run_address>
         <size>0x21</size>
         <input_file_ref idref="fl-2"/>
      </object_component>
      <object_component id="oc-245">
         <name>.debug_line</name>
         <load_address>0x1e7</load_address>
         <run_address>0x1e7</run_address>
         <size>0x7e</size>
         <input_file_ref idref="fl-3"/>
      </object_component>
      <object_component id="oc-24b">
         <name>.debug_line</name>
         <load_address>0x265</load_address>
         <run_address>0x265</run_address>
         <size>0x7e</size>
         <input_file_ref idref="fl-3"/>
      </object_component>
      <object_component id="oc-22a">
         <name>.debug_line</name>
         <load_address>0x2e3</load_address>
         <run_address>0x2e3</run_address>
         <size>0x7d</size>
         <input_file_ref idref="fl-3"/>
      </object_component>
      <object_component id="oc-23c">
         <name>.debug_line</name>
         <load_address>0x360</load_address>
         <run_address>0x360</run_address>
         <size>0x7c</size>
         <input_file_ref idref="fl-3"/>
      </object_component>
      <object_component id="oc-23f">
         <name>.debug_line</name>
         <load_address>0x3dc</load_address>
         <run_address>0x3dc</run_address>
         <size>0x7c</size>
         <input_file_ref idref="fl-3"/>
      </object_component>
      <object_component id="oc-236">
         <name>.debug_line</name>
         <load_address>0x458</load_address>
         <run_address>0x458</run_address>
         <size>0x82</size>
         <input_file_ref idref="fl-3"/>
      </object_component>
      <object_component id="oc-100">
         <name>.debug_line</name>
         <load_address>0x4da</load_address>
         <run_address>0x4da</run_address>
         <size>0x4a</size>
         <input_file_ref idref="fl-3"/>
      </object_component>
      <object_component id="oc-17f">
         <name>.debug_line</name>
         <load_address>0x524</load_address>
         <run_address>0x524</run_address>
         <size>0x48</size>
         <input_file_ref idref="fl-3"/>
      </object_component>
      <object_component id="oc-18b">
         <name>.debug_line</name>
         <load_address>0x56c</load_address>
         <run_address>0x56c</run_address>
         <size>0x46</size>
         <input_file_ref idref="fl-3"/>
      </object_component>
      <object_component id="oc-252">
         <name>.debug_line</name>
         <load_address>0x5b2</load_address>
         <run_address>0x5b2</run_address>
         <size>0x4c</size>
         <input_file_ref idref="fl-3"/>
      </object_component>
      <object_component id="oc-185">
         <name>.debug_line</name>
         <load_address>0x5fe</load_address>
         <run_address>0x5fe</run_address>
         <size>0x123</size>
         <input_file_ref idref="fl-3"/>
      </object_component>
      <object_component id="oc-259">
         <name>.debug_line</name>
         <load_address>0x721</load_address>
         <run_address>0x721</run_address>
         <size>0xe7</size>
         <input_file_ref idref="fl-3"/>
      </object_component>
      <object_component id="oc-16b">
         <name>.debug_line</name>
         <load_address>0x808</load_address>
         <run_address>0x808</run_address>
         <size>0x7d</size>
         <input_file_ref idref="fl-4"/>
      </object_component>
      <object_component id="oc-146">
         <name>.debug_line</name>
         <load_address>0x885</load_address>
         <run_address>0x885</run_address>
         <size>0x7c</size>
         <input_file_ref idref="fl-4"/>
      </object_component>
      <object_component id="oc-12b">
         <name>.debug_line</name>
         <load_address>0x901</load_address>
         <run_address>0x901</run_address>
         <size>0x7d</size>
         <input_file_ref idref="fl-4"/>
      </object_component>
      <object_component id="oc-151">
         <name>.debug_line</name>
         <load_address>0x97e</load_address>
         <run_address>0x97e</run_address>
         <size>0x7d</size>
         <input_file_ref idref="fl-4"/>
      </object_component>
      <object_component id="oc-20d">
         <name>.debug_line</name>
         <load_address>0x9fb</load_address>
         <run_address>0x9fb</run_address>
         <size>0x77</size>
         <input_file_ref idref="fl-4"/>
      </object_component>
      <object_component id="oc-149">
         <name>.debug_line</name>
         <load_address>0xa72</load_address>
         <run_address>0xa72</run_address>
         <size>0x86</size>
         <input_file_ref idref="fl-4"/>
      </object_component>
      <object_component id="oc-f1">
         <name>.debug_line</name>
         <load_address>0xaf8</load_address>
         <run_address>0xaf8</run_address>
         <size>0x5d</size>
         <input_file_ref idref="fl-4"/>
      </object_component>
      <object_component id="oc-15c">
         <name>.debug_line</name>
         <load_address>0xb55</load_address>
         <run_address>0xb55</run_address>
         <size>0x4a</size>
         <input_file_ref idref="fl-4"/>
      </object_component>
      <object_component id="oc-21c">
         <name>.debug_line</name>
         <load_address>0xb9f</load_address>
         <run_address>0xb9f</run_address>
         <size>0xfe</size>
         <input_file_ref idref="fl-4"/>
      </object_component>
      <object_component id="oc-1aa">
         <name>.debug_line</name>
         <load_address>0xc9d</load_address>
         <run_address>0xc9d</run_address>
         <size>0x46</size>
         <input_file_ref idref="fl-5"/>
      </object_component>
      <object_component id="oc-134">
         <name>.debug_line</name>
         <load_address>0xce3</load_address>
         <run_address>0xce3</run_address>
         <size>0x4b</size>
         <input_file_ref idref="fl-5"/>
      </object_component>
      <object_component id="oc-260">
         <name>.debug_line</name>
         <load_address>0xd2e</load_address>
         <run_address>0xd2e</run_address>
         <size>0x21</size>
         <input_file_ref idref="fl-5"/>
      </object_component>
      <object_component id="oc-22">
         <name>.debug_line</name>
         <load_address>0xd4f</load_address>
         <run_address>0xd4f</run_address>
         <size>0x8b</size>
         <input_file_ref idref="fl-7"/>
      </object_component>
      <object_component id="oc-53">
         <name>.debug_line</name>
         <load_address>0xdda</load_address>
         <run_address>0xdda</run_address>
         <size>0x93</size>
         <input_file_ref idref="fl-7"/>
      </object_component>
      <object_component id="oc-1b3">
         <name>.debug_line</name>
         <load_address>0xe6d</load_address>
         <run_address>0xe6d</run_address>
         <size>0x87</size>
         <input_file_ref idref="fl-11"/>
      </object_component>
      <object_component id="oc-1ba">
         <name>.debug_line</name>
         <load_address>0xef4</load_address>
         <run_address>0xef4</run_address>
         <size>0x87</size>
         <input_file_ref idref="fl-11"/>
      </object_component>
      <object_component id="oc-1d7">
         <name>.debug_line</name>
         <load_address>0xf7b</load_address>
         <run_address>0xf7b</run_address>
         <size>0x8b</size>
         <input_file_ref idref="fl-11"/>
      </object_component>
      <object_component id="oc-1c1">
         <name>.debug_line</name>
         <load_address>0x1006</load_address>
         <run_address>0x1006</run_address>
         <size>0x8a</size>
         <input_file_ref idref="fl-11"/>
      </object_component>
      <object_component id="oc-1c5">
         <name>.debug_line</name>
         <load_address>0x1090</load_address>
         <run_address>0x1090</run_address>
         <size>0x8a</size>
         <input_file_ref idref="fl-11"/>
      </object_component>
      <object_component id="oc-1e3">
         <name>.debug_line</name>
         <load_address>0x111a</load_address>
         <run_address>0x111a</run_address>
         <size>0x8a</size>
         <input_file_ref idref="fl-11"/>
      </object_component>
      <object_component id="oc-1d1">
         <name>.debug_line</name>
         <load_address>0x11a4</load_address>
         <run_address>0x11a4</run_address>
         <size>0x8a</size>
         <input_file_ref idref="fl-11"/>
      </object_component>
      <object_component id="oc-1dd">
         <name>.debug_line</name>
         <load_address>0x122e</load_address>
         <run_address>0x122e</run_address>
         <size>0x8a</size>
         <input_file_ref idref="fl-11"/>
      </object_component>
      <object_component id="oc-1cd">
         <name>.debug_line</name>
         <load_address>0x12b8</load_address>
         <run_address>0x12b8</run_address>
         <size>0x8a</size>
         <input_file_ref idref="fl-11"/>
      </object_component>
      <object_component id="oc-1e9">
         <name>.debug_line</name>
         <load_address>0x1342</load_address>
         <run_address>0x1342</run_address>
         <size>0x8a</size>
         <input_file_ref idref="fl-11"/>
      </object_component>
      <object_component id="oc-136">
         <name>.debug_line</name>
         <load_address>0x13cc</load_address>
         <run_address>0x13cc</run_address>
         <size>0x93</size>
         <input_file_ref idref="fl-11"/>
      </object_component>
      <object_component id="oc-26d">
         <name>.debug_line</name>
         <load_address>0x145f</load_address>
         <run_address>0x145f</run_address>
         <size>0xc1</size>
         <input_file_ref idref="fl-11"/>
      </object_component>
      <object_component id="oc-313">
         <name>.debug_line</name>
         <load_address>0x1520</load_address>
         <run_address>0x1520</run_address>
         <size>0x86</size>
         <input_file_ref idref="fl-12"/>
      </object_component>
      <object_component id="oc-2e6">
         <name>.debug_line</name>
         <load_address>0x15a6</load_address>
         <run_address>0x15a6</run_address>
         <size>0x90</size>
         <input_file_ref idref="fl-12"/>
      </object_component>
      <object_component id="oc-2db">
         <name>.debug_line</name>
         <load_address>0x1636</load_address>
         <run_address>0x1636</run_address>
         <size>0x9f</size>
         <input_file_ref idref="fl-12"/>
      </object_component>
      <object_component id="oc-2e1">
         <name>.debug_line</name>
         <load_address>0x16d5</load_address>
         <run_address>0x16d5</run_address>
         <size>0x8d</size>
         <input_file_ref idref="fl-12"/>
      </object_component>
      <object_component id="oc-2ec">
         <name>.debug_line</name>
         <load_address>0x1762</load_address>
         <run_address>0x1762</run_address>
         <size>0x8d</size>
         <input_file_ref idref="fl-12"/>
      </object_component>
      <object_component id="oc-170">
         <name>.debug_line</name>
         <load_address>0x17ef</load_address>
         <run_address>0x17ef</run_address>
         <size>0x9f</size>
         <input_file_ref idref="fl-12"/>
      </object_component>
      <object_component id="oc-223">
         <name>.debug_line</name>
         <load_address>0x188e</load_address>
         <run_address>0x188e</run_address>
         <size>0x8d</size>
         <input_file_ref idref="fl-12"/>
      </object_component>
      <object_component id="oc-2cb">
         <name>.debug_line</name>
         <load_address>0x191b</load_address>
         <run_address>0x191b</run_address>
         <size>0xc0</size>
         <input_file_ref idref="fl-12"/>
      </object_component>
      <object_component id="oc-178">
         <name>.debug_line</name>
         <load_address>0x19db</load_address>
         <run_address>0x19db</run_address>
         <size>0x8b</size>
         <input_file_ref idref="fl-13"/>
      </object_component>
      <object_component id="oc-f7">
         <name>.debug_line</name>
         <load_address>0x1a66</load_address>
         <run_address>0x1a66</run_address>
         <size>0xa6</size>
         <input_file_ref idref="fl-13"/>
      </object_component>
      <object_component id="oc-24">
         <name>.debug_line</name>
         <load_address>0x1b0c</load_address>
         <run_address>0x1b0c</run_address>
         <size>0x91</size>
         <input_file_ref idref="fl-13"/>
      </object_component>
      <object_component id="oc-34">
         <name>.debug_line</name>
         <load_address>0x1b9d</load_address>
         <run_address>0x1b9d</run_address>
         <size>0x89</size>
         <input_file_ref idref="fl-13"/>
      </object_component>
      <object_component id="oc-3a">
         <name>.debug_line</name>
         <load_address>0x1c26</load_address>
         <run_address>0x1c26</run_address>
         <size>0x89</size>
         <input_file_ref idref="fl-13"/>
      </object_component>
      <object_component id="oc-2a">
         <name>.debug_line</name>
         <load_address>0x1caf</load_address>
         <run_address>0x1caf</run_address>
         <size>0x9f</size>
         <input_file_ref idref="fl-13"/>
      </object_component>
      <object_component id="oc-75">
         <name>.debug_line</name>
         <load_address>0x1d4e</load_address>
         <run_address>0x1d4e</run_address>
         <size>0x21</size>
         <input_file_ref idref="fl-13"/>
      </object_component>
      <object_component id="oc-284">
         <name>.debug_line</name>
         <load_address>0x1d6f</load_address>
         <run_address>0x1d6f</run_address>
         <size>0x8c</size>
         <input_file_ref idref="fl-14"/>
      </object_component>
      <object_component id="oc-1f2">
         <name>.debug_line</name>
         <load_address>0x1dfb</load_address>
         <run_address>0x1dfb</run_address>
         <size>0x88</size>
         <input_file_ref idref="fl-14"/>
      </object_component>
      <object_component id="oc-2f6">
         <name>.debug_line</name>
         <load_address>0x1e83</load_address>
         <run_address>0x1e83</run_address>
         <size>0x8a</size>
         <input_file_ref idref="fl-14"/>
      </object_component>
      <object_component id="oc-1fe">
         <name>.debug_line</name>
         <load_address>0x1f0d</load_address>
         <run_address>0x1f0d</run_address>
         <size>0x92</size>
         <input_file_ref idref="fl-14"/>
      </object_component>
      <object_component id="oc-300">
         <name>.debug_line</name>
         <load_address>0x1f9f</load_address>
         <run_address>0x1f9f</run_address>
         <size>0x85</size>
         <input_file_ref idref="fl-14"/>
      </object_component>
      <object_component id="oc-2c3">
         <name>.debug_line</name>
         <load_address>0x2024</load_address>
         <run_address>0x2024</run_address>
         <size>0x88</size>
         <input_file_ref idref="fl-14"/>
      </object_component>
      <object_component id="oc-299">
         <name>.debug_line</name>
         <load_address>0x20ac</load_address>
         <run_address>0x20ac</run_address>
         <size>0x88</size>
         <input_file_ref idref="fl-14"/>
      </object_component>
      <object_component id="oc-29f">
         <name>.debug_line</name>
         <load_address>0x2134</load_address>
         <run_address>0x2134</run_address>
         <size>0x88</size>
         <input_file_ref idref="fl-14"/>
      </object_component>
      <object_component id="oc-2a2">
         <name>.debug_line</name>
         <load_address>0x21bc</load_address>
         <run_address>0x21bc</run_address>
         <size>0x88</size>
         <input_file_ref idref="fl-14"/>
      </object_component>
      <object_component id="oc-2bd">
         <name>.debug_line</name>
         <load_address>0x2244</load_address>
         <run_address>0x2244</run_address>
         <size>0x8e</size>
         <input_file_ref idref="fl-14"/>
      </object_component>
      <object_component id="oc-28a">
         <name>.debug_line</name>
         <load_address>0x22d2</load_address>
         <run_address>0x22d2</run_address>
         <size>0x88</size>
         <input_file_ref idref="fl-14"/>
      </object_component>
      <object_component id="oc-293">
         <name>.debug_line</name>
         <load_address>0x235a</load_address>
         <run_address>0x235a</run_address>
         <size>0x88</size>
         <input_file_ref idref="fl-14"/>
      </object_component>
      <object_component id="oc-2ae">
         <name>.debug_line</name>
         <load_address>0x23e2</load_address>
         <run_address>0x23e2</run_address>
         <size>0x88</size>
         <input_file_ref idref="fl-14"/>
[...]
         <usage_details>
         </usage_details>
      </memory_area>
      <memory_area display="yes" color="green">
         <name>FLASH_BANK1_SEC10</name>
         <page_id>0x0</page_id>
         <origin>0x9a000</origin>
         <length>0x1000</length>
         <used_space>0x0</used_space>
         <unused_space>0x1000</unused_space>
         <attributes>RWIX</attributes>
         <usage_details>
         </usage_details>
      </memory_area>
      <memory_area display="yes" color="green">
         <name>FLASH_BANK1_SEC11</name>
         <page_id>0x0</page_id>
         <origin>0x9b000</origin>
         <length>0x1000</length>
         <used_space>0x0</used_space>
         <unused_space>0x1000</unused_space>
         <attributes>RWIX</attributes>
         <usage_details>
         </usage_details>
      </memory_area>
      <memory_area display="yes" color="green">
         <name>FLASH_BANK1_SEC12</name>
         <page_id>0x0</page_id>
         <origin>0x9c000</origin>
         <length>0x1000</length>
         <used_space>0x0</used_space>
         <unused_space>0x1000</unused_space>
         <attributes>RWIX</attributes>
         <usage_details>
         </usage_details>
      </memory_area>
      <memory_area display="yes" color="green">
         <name>FLASH_BANK1_SEC13</name>
         <page_id>0x0</page_id>
         <origin>0x9d000</origin>
         <length>0x1000</length>
         <used_space>0x0</used_space>
         <unused_space>0x1000</unused_space>
         <attributes>RWIX</attributes>
         <usage_details>
         </usage_details>
      </memory_area>
      <memory_area display="yes" color="green">
         <name>FLASH_BANK1_SEC14</name>
         <page_id>0x0</page_id>
         <origin>0x9e000</origin>
         <length>0x1000</length>
         <used_space>0x0</used_space>
         <unused_space>0x1000</unused_space>
         <attributes>RWIX</attributes>
         <usage_details>
         </usage_details>
      </memory_area>
      <memory_area display="yes" color="green">
         <name>FLASH_BANK1_SEC15</name>
         <page_id>0x0</page_id>
         <origin>0x9f000</origin>
         <length>0x1000</length>
         <used_space>0x0</used_space>
         <unused_space>0x1000</unused_space>
         <attributes>RWIX</attributes>
         <usage_details>
         </usage_details>
      </memory_area>
      <memory_area display="yes" color="green">
         <name>FLASH_BANK2_SEC0</name>
         <page_id>0x0</page_id>
         <origin>0xa0000</origin>
         <length>0x1000</length>
         <used_space>0x0</used_space>
         <unused_space>0x1000</unused_space>
         <attributes>RWIX</attributes>
         <usage_details>
         </usage_details>
      </memory_area>
      <memory_area display="yes" color="green">
         <name>FLASH_BANK2_SEC1</name>
         <page_id>0x0</page_id>
         <origin>0xa1000</origin>
         <length>0x1000</length>
         <used_space>0x0</used_space>
         <unused_space>0x1000</unused_space>
         <attributes>RWIX</attributes>
         <usage_details>
         </usage_details>
      </memory_area>
      <memory_area display="yes" color="green">
         <name>FLASH_BANK2_SEC2</name>
         <page_id>0x0</page_id>
         <origin>0xa2000</origin>
         <length>0x1000</length>
         <used_space>0x0</used_space>
         <unused_space>0x1000</unused_space>
         <attributes>RWIX</attributes>
         <usage_details>
         </usage_details>
      </memory_area>
      <memory_area display="yes" color="green">
         <name>FLASH_BANK2_SEC3</name>
         <page_id>0x0</page_id>
         <origin>0xa3000</origin>
         <length>0x1000</length>
         <used_space>0x0</used_space>
         <unused_space>0x1000</unused_space>
         <attributes>RWIX</attributes>
         <usage_details>
         </usage_details>
      </memory_area>
      <memory_area display="yes" color="green">
         <name>FLASH_BANK2_SEC4</name>
         <page_id>0x0</page_id>
         <origin>0xa4000</origin>
         <length>0x1000</length>
         <used_space>0x0</used_space>
         <unused_space>0x1000</unused_space>
         <attributes>RWIX</attributes>
         <usage_details>
         </usage_details>
      </memory_area>
      <memory_area display="yes" color="green">
         <name>FLASH_BANK2_SEC5</name>
         <page_id>0x0</page_id>
         <origin>0xa5000</origin>
         <length>0x1000</length>
         <used_space>0x0</used_space>
         <unused_space>0x1000</unused_space>
         <attributes>RWIX</attributes>
         <usage_details>
         </usage_details>
      </memory_area>
      <memory_area display="yes" color="green">
         <name>FLASH_BANK2_SEC6</name>
         <page_id>0x0</page_id>
         <origin>0xa6000</origin>
         <length>0x1000</length>
         <used_space>0x0</used_space>
         <unused_space>0x1000</unused_space>
         <attributes>RWIX</attributes>
         <usage_details>
         </usage_details>
      </memory_area>
      <memory_area display="yes" color="green">
         <name>FLASH_BANK2_SEC7</name>
         <page_id>0x0</page_id>
         <origin>0xa7000</origin>
         <length>0x1000</length>
         <used_space>0x0</used_space>
         <unused_space>0x1000</unused_space>
         <attributes>RWIX</attributes>
         <usage_details>
         </usage_details>
      </memory_area>
      <memory_area display="yes" color="green">
         <name>FLASH_BANK2_SEC8</name>
         <page_id>0x0</page_id>
         <origin>0xa8000</origin>
         <length>0x1000</length>
         <used_space>0x0</used_space>
         <unused_space>0x1000</unused_space>
         <attributes>RWIX</attributes>
         <usage_details>
         </usage_details>
      </memory_area>
      <memory_area display="yes" color="green">
         <name>FLASH_BANK2_SEC9</name>
         <page_id>0x0</page_id>
         <origin>0xa9000</origin>
         <length>0x1000</length>
         <used_space>0x0</used_space>
         <unused_space>0x1000</unused_space>
         <attributes>RWIX</attributes>
         <usage_details>
         </usage_details>
      </memory_area>
      <memory_area display="yes" color="green">
         <name>FLASH_BANK2_SEC10</name>
         <page_id>0x0</page_id>
         <origin>0xaa000</origin>
         <length>0x1000</length>
         <used_space>0x0</used_space>
         <unused_space>0x1000</unused_space>
         <attributes>RWIX</attributes>
         <usage_details>
         </usage_details>
      </memory_area>
      <memory_area display="yes" color="green">
         <name>FLASH_BANK2_SEC11</name>
         <page_id>0x0</page_id>
         <origin>0xab000</origin>
         <length>0x1000</length>
         <used_space>0x0</used_space>
         <unused_space>0x1000</unused_space>
         <attributes>RWIX</attributes>
         <usage_details>
         </usage_details>
      </memory_area>
      <memory_area display="yes" color="green">
         <name>FLASH_BANK2_SEC12</name>
         <page_id>0x0</page_id>
         <origin>0xac000</origin>
         <length>0x1000</length>
         <used_space>0x0</used_space>
         <unused_space>0x1000</unused_space>
         <attributes>RWIX</attributes>
         <usage_details>
         </usage_details>
      </memory_area>
      <memory_area display="yes" color="green">
         <name>FLASH_BANK2_SEC13</name>
         <page_id>0x0</page_id>
         <origin>0xad000</origin>
         <length>0x1000</length>
         <used_space>0x0</used_space>
         <unused_space>0x1000</unused_space>
         <attributes>RWIX</attributes>
         <usage_details>
         </usage_details>
      </memory_area>
      <memory_area display="yes" color="green">
         <name>FLASH_BANK2_SEC14</name>
         <page_id>0x0</page_id>
         <origin>0xae000</origin>
         <length>0x1000</length>
         <used_space>0x0</used_space>
         <unused_space>0x1000</unused_space>
         <attributes>RWIX</attributes>
         <usage_details>
         </usage_details>
      </memory_area>
      <memory_area display="yes" color="green">
         <name>FLASH_BANK2_SEC15</name>
         <page_id>0x0</page_id>
         <origin>0xaf000</origin>
         <length>0xff0</length>
         <used_space>0x0</used_space>
         <unused_space>0xff0</unused_space>
         <attributes>RWIX</attributes>
         <usage_details>
         </usage_details>
      </memory_area>
      <memory_area display="no" color="green">
         <name>RESET</name>
         <page_id>0x0</page_id>
         <origin>0x3fffc0</origin>
         <length>0x2</length>
         <used_space>0x0</used_space>
         <unused_space>0x2</unused_space>
         <attributes>RWIX</attributes>
         <usage_details>
         </usage_details>
      </memory_area>
   </placement_map>
   <cptbl_list>
      <cptbl>
         <name>__TI_cinit_table</name>
         <cprec>
            <name>.data</name>
            <load_address>0x81130</load_address>
            <load_size>0x9</load_size>
            <run_address>0xa800</run_address>
            <run_size>0xa</run_size>
            <compression>lzss</compression>
         </cprec>
      </cptbl>
   </cptbl_list>
   <handler_table>
      <handler_table_name>__TI_handler_table</handler_table_name>
      <handler>
         <index>0x0</index>
         <name>__TI_decompress_lzss</name>
      </handler>
      <handler>
         <index>0x1</index>
         <name>__TI_decompress_none</name>
      </handler>
   </handler_table>
   <symbol_table>
      <symbol id="sm-1">
         <name>__TI_CINIT_Base</name>
         <value>0x8113e</value>
      </symbol>
      <symbol id="sm-2">
         <name>__TI_CINIT_Limit</name>
         <value>0x81142</value>
      </symbol>
      <symbol id="sm-3">
         <name>__TI_CINIT_Warm</name>
         <value>0x81142</value>
      </symbol>
      <symbol id="sm-4">
         <name>__TI_Handler_Table_Base</name>
         <value>0x8113a</value>
      </symbol>
      <symbol id="sm-5">
         <name>__TI_Handler_Table_Limit</name>
         <value>0x8113e</value>
      </symbol>
      <symbol id="sm-6">
         <name>__TI_STACK_SIZE</name>
         <value>0x200</value>
      </symbol>
      <symbol id="sm-7">
         <name>__TI_STACK_END</name>
         <value>0x600</value>
      </symbol>
      <symbol id="sm-8">
         <name>__TI_pprof_out_hndl</name>
         <value>0xffffffff</value>
      </symbol>
      <symbol id="sm-9">
         <name>__TI_prof_data_start</name>
         <value>0xffffffff</value>
      </symbol>
      <symbol id="sm-a">
         <name>__TI_prof_data_size</name>
         <value>0xffffffff</value>
      </symbol>
      <symbol id="sm-50">
         <name>main</name>
         <value>0x82df2</value>
         <object_component_ref idref="oc-c8"/>
      </symbol>
      <symbol id="sm-af">
         <name>myGPIOOutput0_init</name>
         <value>0x82e06</value>
         <object_component_ref idref="oc-251"/>
      </symbol>
      <symbol id="sm-b0">
         <name>PinMux_init</name>
         <value>0x82ef7</value>
         <object_component_ref idref="oc-17b"/>
      </symbol>
      <symbol id="sm-b1">
         <name>Board_init</name>
         <value>0x82eb9</value>
         <object_component_ref idref="oc-fc"/>
      </symbol>
      <symbol id="sm-b2">
         <name>GPIO_init</name>
         <value>0x82f00</value>
         <object_component_ref idref="oc-187"/>
      </symbol>
      <symbol id="sm-b3">
         <name>SYSCTL_init</name>
         <value>0x82000</value>
         <object_component_ref idref="oc-181"/>
      </symbol>
      <symbol id="sm-103">
         <name>Device_init</name>
         <value>0x8286b</value>
         <object_component_ref idref="oc-f0"/>
      </symbol>
      <symbol id="sm-104">
         <name>__error__</name>
         <value>0x82ef0</value>
         <object_component_ref idref="oc-15a"/>
      </symbol>
      <symbol id="sm-118">
         <name>generic_flash_lnk_init</name>
         <value>0x82f05</value>
         <object_component_ref idref="oc-1a9"/>
      </symbol>
      <symbol id="sm-119">
         <name>CMD_init</name>
         <value>0x82efd</value>
         <object_component_ref idref="oc-12f"/>
      </symbol>
      <symbol id="sm-129">
         <name>code_start</name>
         <value>0x80000</value>
         <object_component_ref idref="oc-1e"/>
      </symbol>
      <symbol id="sm-19a">
         <name>Flash_initModule</name>
         <value>0x81000</value>
         <object_component_ref idref="oc-135"/>
      </symbol>
      <symbol id="sm-1ea">
         <name>GPIO_setQualificationMode</name>
         <value>0x82a38</value>
         <object_component_ref idref="oc-2dc"/>
      </symbol>
      <symbol id="sm-1eb">
         <name>GPIO_setPadConfig</name>
         <value>0x82819</value>
         <object_component_ref idref="oc-2d6"/>
      </symbol>
      <symbol id="sm-1ec">
         <name>GPIO_setAnalogMode</name>
         <value>0x8274a</value>
         <object_component_ref idref="oc-16c"/>
      </symbol>
      <symbol id="sm-1ed">
         <name>GPIO_setDirectionMode</name>
         <value>0x82a6f</value>
         <object_component_ref idref="oc-2e2"/>
      </symbol>
      <symbol id="sm-1ee">
         <name>GPIO_setPinConfig</name>
         <value>0x82a01</value>
         <object_component_ref idref="oc-21f"/>
      </symbol>
      <symbol id="sm-1ef">
         <name>GPIO_setControllerCore</name>
         <value>0x829ca</value>
         <object_component_ref idref="oc-2e8"/>
      </symbol>
      <symbol id="sm-229">
         <name>Interrupt_defaultHandler</name>
         <value>0x82d10</value>
         <object_component_ref idref="oc-23"/>
      </symbol>
      <symbol id="sm-22a">
         <name>Interrupt_initModule</name>
         <value>0x8298d</value>
         <object_component_ref idref="oc-f6"/>
      </symbol>
      <symbol id="sm-22b">
         <name>Interrupt_nmiHandler</name>
         <value>0x82eaf</value>
         <object_component_ref idref="oc-35"/>
      </symbol>
      <symbol id="sm-22c">
         <name>Interrupt_initVectorTable</name>
         <value>0x82c14</value>
         <object_component_ref idref="oc-25"/>
      </symbol>
      <symbol id="sm-22d">
         <name>Interrupt_illegalOperationHandler</name>
         <value>0x82ea5</value>
         <object_component_ref idref="oc-2f"/>
      </symbol>
      <symbol id="sm-34b">
         <name>SysCtl_isPLLValid</name>
         <value>0x82551</value>
         <object_component_ref idref="oc-203"/>
      </symbol>
      <symbol id="sm-34c">
         <name>SysCtl_delay</name>
         <value>0x8112a</value>
         <object_component_ref idref="oc-10e"/>
      </symbol>
      <symbol id="sm-34d">
         <name>SysCtl_selectXTALSingleEnded</name>
         <value>0x82b70</value>
         <object_component_ref idref="oc-276"/>
      </symbol>
      <symbol id="sm-34e">
         <name>SysCtl_selectXTAL</name>
         <value>0x82902</value>
         <object_component_ref idref="oc-270"/>
      </symbol>
      <symbol id="sm-34f">
         <name>SysCtl_selectOscSource</name>
         <value>0x828b9</value>
         <object_component_ref idref="oc-1f7"/>
      </symbol>
      <symbol id="sm-350">
         <name>SysCtl_getLowSpeedClock</name>
         <value>0x82c6a</value>
         <object_component_ref idref="oc-160"/>
      </symbol>
      <symbol id="sm-351">
         <name>SysCtl_setClock</name>
         <value>0x8242e</value>
         <object_component_ref idref="oc-13b"/>
      </symbol>
      <symbol id="sm-352">
         <name>SysCtl_getClock</name>
         <value>0x827b4</value>
         <object_component_ref idref="oc-153"/>
      </symbol>
      <symbol id="sm-353">
         <name>SysCtl_configureType</name>
         <value>0x82b4b</value>
         <object_component_ref idref="oc-22c"/>
      </symbol>
      <symbol id="sm-35d">
         <name>_c_int00</name>
         <value>0x82ce3</value>
         <object_component_ref idref="oc-6e"/>
      </symbol>
      <symbol id="sm-35e">
         <name>__stack</name>
         <value>0x400</value>
         <object_component_ref idref="oc-3b"/>
      </symbol>
      <symbol id="sm-36b">
         <name>__c28xabi_divf</name>
         <value>0x8264f</value>
         <object_component_ref idref="oc-27e"/>
      </symbol>
      <symbol id="sm-378">
         <name>_system_pre_init</name>
         <value>0x82f03</value>
         <object_component_ref idref="oc-7f"/>
      </symbol>
      <symbol id="sm-387">
         <name>__TI_auto_init_nobinit_nopinit</name>
         <value>0x82ad0</value>
         <object_component_ref idref="oc-98"/>
      </symbol>
      <symbol id="sm-395">
         <name>__TI_decompress_none</name>
         <value>0x82ecb</value>
         <object_component_ref idref="oc-17"/>
      </symbol>
      <symbol id="sm-3a9">
         <name>__TI_decompress_lzss</name>
         <value>0x82aa0</value>
         <object_component_ref idref="oc-11"/>
      </symbol>
      <symbol id="sm-3bf">
         <name>C$$EXIT</name>
         <value>0x82afb</value>
         <object_component_ref idref="oc-8c"/>
      </symbol>
      <symbol id="sm-3c0">
         <name>abort</name>
         <value>0x82afb</value>
         <object_component_ref idref="oc-8c"/>
      </symbol>
      <symbol id="sm-3c1">
         <name>exit</name>
         <value>0x82afd</value>
         <object_component_ref idref="oc-8c"/>
      </symbol>
      <symbol id="sm-3c2">
         <name>__TI_dtors_ptr</name>
         <value>0xa804</value>
         <object_component_ref idref="oc-d0"/>
      </symbol>
      <symbol id="sm-3c3">
         <name>__TI_cleanup_ptr</name>
         <value>0xa802</value>
         <object_component_ref idref="oc-d0"/>
      </symbol>
      <symbol id="sm-3c4">
         <name>__TI_enable_exit_profile_output</name>
         <value>0xa800</value>
         <object_component_ref idref="oc-d0"/>
      </symbol>
      <symbol id="sm-3db">
         <name>_nop</name>
         <value>0x82eca</value>
         <object_component_ref idref="oc-116"/>
      </symbol>
      <symbol id="sm-3dc">
         <name>_lock</name>
         <value>0xa806</value>
         <object_component_ref idref="oc-d3"/>
      </symbol>
      <symbol id="sm-3dd">
         <name>_unlock</name>
         <value>0xa808</value>
         <object_component_ref idref="oc-19b"/>
      </symbol>
      <symbol id="sm-3de">
         <name>_register_lock</name>
         <value>0x82ec6</value>
         <object_component_ref idref="oc-116"/>
      </symbol>
      <symbol id="sm-3df">
         <name>_register_unlock</name>
         <value>0x82ec2</value>
         <object_component_ref idref="oc-116"/>
      </symbol>
      <symbol id="sm-3ee">
         <name>_args_main</name>
         <value>0x82e83</value>
         <object_component_ref idref="oc-86"/>
      </symbol>
      <symbol id="sm-402">
         <name>memcpy</name>
         <value>0x82c32</value>
         <object_component_ref idref="oc-3e"/>
      </symbol>
      <symbol id="sm-40f">
         <name>_system_post_cinit</name>
         <value>0x82f06</value>
         <object_component_ref idref="oc-db"/>
      </symbol>
      <symbol id="sm-411">
         <name>__c_args__</name>
         <value>0x0</value>
      </symbol>
   </symbol_table>
   <title>Link successful</title>
</link_info>
